Archive member included to satisfy reference by file (symbol)

c:/program files (x86)/atmel/studio/7.0/toolchain/arm/arm-gnu-toolchain/bin/../lib/gcc/arm-none-eabi/6.3.1/../../../../arm-none-eabi/lib/thumb/v7e-m\libc.a(lib_a-exit.o)
                              c:/program files (x86)/atmel/studio/7.0/toolchain/arm/arm-gnu-toolchain/bin/../lib/gcc/arm-none-eabi/6.3.1/../../../../arm-none-eabi/lib/thumb/v7e-m/crt0.o (exit)
c:/program files (x86)/atmel/studio/7.0/toolchain/arm/arm-gnu-toolchain/bin/../lib/gcc/arm-none-eabi/6.3.1/../../../../arm-none-eabi/lib/thumb/v7e-m\libc.a(lib_a-impure.o)
                              c:/program files (x86)/atmel/studio/7.0/toolchain/arm/arm-gnu-toolchain/bin/../lib/gcc/arm-none-eabi/6.3.1/../../../../arm-none-eabi/lib/thumb/v7e-m\libc.a(lib_a-exit.o) (_global_impure_ptr)
c:/program files (x86)/atmel/studio/7.0/toolchain/arm/arm-gnu-toolchain/bin/../lib/gcc/arm-none-eabi/6.3.1/../../../../arm-none-eabi/lib/thumb/v7e-m\libc.a(lib_a-init.o)
                              c:/program files (x86)/atmel/studio/7.0/toolchain/arm/arm-gnu-toolchain/bin/../lib/gcc/arm-none-eabi/6.3.1/../../../../arm-none-eabi/lib/thumb/v7e-m/crt0.o (__libc_init_array)
c:/program files (x86)/atmel/studio/7.0/toolchain/arm/arm-gnu-toolchain/bin/../lib/gcc/arm-none-eabi/6.3.1/../../../../arm-none-eabi/lib/thumb/v7e-m\libc.a(lib_a-iprintf.o)
                              src/main.o (iprintf)
c:/program files (x86)/atmel/studio/7.0/toolchain/arm/arm-gnu-toolchain/bin/../lib/gcc/arm-none-eabi/6.3.1/../../../../arm-none-eabi/lib/thumb/v7e-m\libc.a(lib_a-iscanf.o)
                              src/main.o (iscanf)
c:/program files (x86)/atmel/studio/7.0/toolchain/arm/arm-gnu-toolchain/bin/../lib/gcc/arm-none-eabi/6.3.1/../../../../arm-none-eabi/lib/thumb/v7e-m\libc.a(lib_a-memset.o)
                              c:/program files (x86)/atmel/studio/7.0/toolchain/arm/arm-gnu-toolchain/bin/../lib/gcc/arm-none-eabi/6.3.1/../../../../arm-none-eabi/lib/thumb/v7e-m/crt0.o (memset)
c:/program files (x86)/atmel/studio/7.0/toolchain/arm/arm-gnu-toolchain/bin/../lib/gcc/arm-none-eabi/6.3.1/../../../../arm-none-eabi/lib/thumb/v7e-m\libc.a(lib_a-setbuf.o)
                              src/main.o (setbuf)
c:/program files (x86)/atmel/studio/7.0/toolchain/arm/arm-gnu-toolchain/bin/../lib/gcc/arm-none-eabi/6.3.1/../../../../arm-none-eabi/lib/thumb/v7e-m\libc.a(lib_a-setvbuf.o)
                              c:/program files (x86)/atmel/studio/7.0/toolchain/arm/arm-gnu-toolchain/bin/../lib/gcc/arm-none-eabi/6.3.1/../../../../arm-none-eabi/lib/thumb/v7e-m\libc.a(lib_a-setbuf.o) (setvbuf)
c:/program files (x86)/atmel/studio/7.0/toolchain/arm/arm-gnu-toolchain/bin/../lib/gcc/arm-none-eabi/6.3.1/../../../../arm-none-eabi/lib/thumb/v7e-m\libc.a(lib_a-vfiprintf.o)
                              c:/program files (x86)/atmel/studio/7.0/toolchain/arm/arm-gnu-toolchain/bin/../lib/gcc/arm-none-eabi/6.3.1/../../../../arm-none-eabi/lib/thumb/v7e-m\libc.a(lib_a-iprintf.o) (_vfiprintf_r)
c:/program files (x86)/atmel/studio/7.0/toolchain/arm/arm-gnu-toolchain/bin/../lib/gcc/arm-none-eabi/6.3.1/../../../../arm-none-eabi/lib/thumb/v7e-m\libc.a(lib_a-vfiscanf.o)
                              c:/program files (x86)/atmel/studio/7.0/toolchain/arm/arm-gnu-toolchain/bin/../lib/gcc/arm-none-eabi/6.3.1/../../../../arm-none-eabi/lib/thumb/v7e-m\libc.a(lib_a-iscanf.o) (__svfiscanf_r)
c:/program files (x86)/atmel/studio/7.0/toolchain/arm/arm-gnu-toolchain/bin/../lib/gcc/arm-none-eabi/6.3.1/../../../../arm-none-eabi/lib/thumb/v7e-m\libc.a(lib_a-wsetup.o)
                              c:/program files (x86)/atmel/studio/7.0/toolchain/arm/arm-gnu-toolchain/bin/../lib/gcc/arm-none-eabi/6.3.1/../../../../arm-none-eabi/lib/thumb/v7e-m\libc.a(lib_a-vfiprintf.o) (__swsetup_r)
c:/program files (x86)/atmel/studio/7.0/toolchain/arm/arm-gnu-toolchain/bin/../lib/gcc/arm-none-eabi/6.3.1/../../../../arm-none-eabi/lib/thumb/v7e-m\libc.a(lib_a-__call_atexit.o)
                              c:/program files (x86)/atmel/studio/7.0/toolchain/arm/arm-gnu-toolchain/bin/../lib/gcc/arm-none-eabi/6.3.1/../../../../arm-none-eabi/lib/thumb/v7e-m\libc.a(lib_a-exit.o) (__call_exitprocs)
c:/program files (x86)/atmel/studio/7.0/toolchain/arm/arm-gnu-toolchain/bin/../lib/gcc/arm-none-eabi/6.3.1/../../../../arm-none-eabi/lib/thumb/v7e-m\libc.a(lib_a-atexit.o)
                              c:/program files (x86)/atmel/studio/7.0/toolchain/arm/arm-gnu-toolchain/bin/../lib/gcc/arm-none-eabi/6.3.1/../../../../arm-none-eabi/lib/thumb/v7e-m\libc.a(lib_a-__call_atexit.o) (atexit)
c:/program files (x86)/atmel/studio/7.0/toolchain/arm/arm-gnu-toolchain/bin/../lib/gcc/arm-none-eabi/6.3.1/../../../../arm-none-eabi/lib/thumb/v7e-m\libc.a(lib_a-fflush.o)
                              c:/program files (x86)/atmel/studio/7.0/toolchain/arm/arm-gnu-toolchain/bin/../lib/gcc/arm-none-eabi/6.3.1/../../../../arm-none-eabi/lib/thumb/v7e-m\libc.a(lib_a-setvbuf.o) (_fflush_r)
[...]
Memory Configuration

Name             Origin             Length             Attributes
rom              0x00400000         0x00080000         xr
ram              0x20000000         0x00018000         xrw
*default*        0x00000000         0xffffffff

Linker script and memory map

LOAD c:/program files (x86)/atmel/studio/7.0/toolchain/arm/arm-gnu-toolchain/bin/../lib/gcc/arm-none-eabi/6.3.1/thumb/v7e-m/crti.o
LOAD c:/program files (x86)/atmel/studio/7.0/toolchain/arm/arm-gnu-toolchain/bin/../lib/gcc/arm-none-eabi/6.3.1/thumb/v7e-m/crtbegin.o
LOAD c:/program files (x86)/atmel/studio/7.0/toolchain/arm/arm-gnu-toolchain/bin/../lib/gcc/arm-none-eabi/6.3.1/../../../../arm-none-eabi/lib/thumb/v7e-m/crt0.o
LOAD src/ASF/common/utils/stdio/read.o
LOAD src/ASF/sam/drivers/usart/usart.o
LOAD src/ASF/common/utils/stdio/write.o
LOAD src/ASF/common/services/serial/usart_serial.o
LOAD src/ASF/sam/drivers/uart/uart.o
LOAD src/ASF/common/services/clock/samg/sysclk.o
LOAD src/ASF/sam/drivers/efc/efc.o
LOAD src/ASF/sam/drivers/pmc/pmc.o
LOAD src/ASF/sam/drivers/supc/supc.o
LOAD src/ASF/sam/drivers/pmc/sleep.o
LOAD src/ASF/common/boards/user_board/init.o
LOAD src/ASF/common/utils/interrupt/interrupt_sam_nvic.o
LOAD src/ASF/sam/utils/cmsis/samg/samg53/source/templates/exceptions.o
LOAD src/ASF/sam/utils/cmsis/samg/samg53/source/templates/gcc/startup_samg53.o
LOAD src/ASF/sam/utils/cmsis/samg/samg53/source/templates/system_samg53.o
LOAD src/ASF/sam/utils/syscalls/gcc/syscalls.o
LOAD src/main.o
START GROUP
LOAD ../src/ASF/thirdparty/CMSIS/Lib/GCC\libarm_cortexM4lf_math_softfp.a
LOAD c:/program files (x86)/atmel/studio/7.0/toolchain/arm/arm-gnu-toolchain/bin/../lib/gcc/arm-none-eabi/6.3.1/../../../../arm-none-eabi/lib/thumb/v7e-m\libm.a
END GROUP
START GROUP
LOAD c:/program files (x86)/atmel/studio/7.0/toolchain/arm/arm-gnu-toolchain/bin/../lib/gcc/arm-none-eabi/6.3.1/thumb/v7e-m\libgcc.a
LOAD c:/program files (x86)/atmel/studio/7.0/toolchain/arm/arm-gnu-toolchain/bin/../lib/gcc/arm-none-eabi/6.3.1/../../../../arm-none-eabi/lib/thumb/v7e-m\libc.a
END GROUP
LOAD c:/program files (x86)/atmel/studio/7.0/toolchain/arm/arm-gnu-toolchain/bin/../lib/gcc/arm-none-eabi/6.3.1/thumb/v7e-m/crtend.o
LOAD c:/program files (x86)/atmel/studio/7.0/toolchain/arm/arm-gnu-toolchain/bin/../lib/gcc/arm-none-eabi/6.3.1/thumb/v7e-m/crtn.o
                0x00003000                __stack_size__ = DEFINED (__stack_size__)?__stack_size__:0x3000
                0x20017ffc                __ram_end__ = ((ORIGIN (ram) + LENGTH (ram)) - 0x4)

.text           0x00400000     0x4fa0
                0x00400000                . = ALIGN (0x4)
                0x00400000                _sfixed = .
 *(.vectors .vectors.*)
 .vectors       0x00400000       0xfc src/ASF/sam/utils/cmsis/samg/samg53/source/templates/gcc/startup_samg53.o
                0x00400000                exception_table
 *(.text .text.* .gnu.linkonce.t.*)
 .text          0x004000fc       0x6c c:/program files (x86)/atmel/studio/7.0/toolchain/arm/arm-gnu-toolchain/bin/../lib/gcc/arm-none-eabi/6.3.1/thumb/v7e-m/crtbegin.o
 .text._read    0x00400168       0x3c src/ASF/common/utils/stdio/read.o
                0x00400168                _read
 .text.usart_write
                0x004001a4       0x14 src/ASF/sam/drivers/usart/usart.o
                0x004001a4                usart_write
 .text.usart_read
                0x004001b8       0x18 src/ASF/sam/drivers/usart/usart.o
                0x004001b8                usart_read
 .text._write   0x004001d0       0x50 src/ASF/common/utils/stdio/write.o
                0x004001d0                _write
 .text.uart_init
                0x00400220       0x38 src/ASF/sam/drivers/uart/uart.o
                0x00400220                uart_init
 .text.uart_write
                0x00400258       0x10 src/ASF/sam/drivers/uart/uart.o
                0x00400258                uart_write
 .text.uart_read
                0x00400268       0x12 src/ASF/sam/drivers/uart/uart.o
                0x00400268                uart_read
 *fill*         0x0040027a        0x2 
 .text.sysclk_init
                0x0040027c       0x4c src/ASF/common/services/clock/samg/sysclk.o
                0x0040027c                sysclk_init
 .text.pmc_switch_mck_to_pllack
                0x004002c8       0x64 src/ASF/sam/drivers/pmc/pmc.o
                0x004002c8                pmc_switch_mck_to_pllack
 .text.pmc_disable_pllack
                0x0040032c        0xc src/ASF/sam/drivers/pmc/pmc.o
                0x0040032c                pmc_disable_pllack
 .text.pmc_is_locked_pllack
                0x00400338       0x10 src/ASF/sam/drivers/pmc/pmc.o
                0x00400338                pmc_is_locked_pllack
 .text.pmc_enable_periph_clk
                0x00400348       0x34 src/ASF/sam/drivers/pmc/pmc.o
                0x00400348                pmc_enable_periph_clk
 .text.board_init
                0x0040037c       0x48 src/ASF/common/boards/user_board/init.o
                0x0040037c                board_init
 .text.Dummy_Handler
                0x004003c4        0x2 src/ASF/sam/utils/cmsis/samg/samg53/source/templates/exceptions.o
                0x004003c4                WKUP2_Handler
                0x004003c4                DebugMon_Handler
                0x004003c4                WKUP7_Handler
                0x004003c4                WKUP10_Handler
                0x004003c4                WKUP15_Handler
                0x004003c4                HardFault_Handler
                0x004003c4                TC2_Handler
                0x004003c4                SPI_Handler
                0x004003c4                SysTick_Handler
                0x004003c4                TWI1_Handler
                0x004003c4                PendSV_Handler
                0x004003c4                NMI_Handler
                0x004003c4                WKUP3_Handler
                0x004003c4                ADC_Handler
                0x004003c4                WKUP4_Handler
                0x004003c4                WKUP6_Handler
                0x004003c4                RTT_Handler
                0x004003c4                PIOB_Handler
                0x004003c4                RTC_Handler
                0x004003c4                UsageFault_Handler
                0x004003c4                PDMIC1_Handler
                0x004003c4                WKUP13_Handler
                0x004003c4                WDT_Handler
                0x004003c4                WKUP12_Handler
                0x004003c4                TC4_Handler
                0x004003c4                TC1_Handler
                0x004003c4                UART1_Handler
                0x004003c4                WKUP14_Handler
                0x004003c4                TC3_Handler
                0x004003c4                ARM_Handler
                0x004003c4                Dummy_Handler
                0x004003c4                TWI0_Handler
                0x004003c4                WKUP11_Handler
                0x004003c4                TWI2_Handler
                0x004003c4                PIOA_Handler
                0x004003c4                MEM2MEM_Handler
                0x004003c4                USART_Handler
                0x004003c4                PMC_Handler
                0x004003c4                WKUP1_Handler
                0x004003c4                PDMIC0_Handler
                0x004003c4                MemManage_Handler
                0x004003c4                SUPC_Handler
                0x004003c4                SVC_Handler
                0x004003c4                EFC_Handler
                0x004003c4                WKUP8_Handler
                0x004003c4                I2SC0_Handler
                0x004003c4                UART0_Handler
                0x004003c4                I2SC1_Handler
                0x004003c4                WKUP5_Handler
                0x004003c4                BusFault_Handler
                0x004003c4                RSTC_Handler
                0x004003c4                TC0_Handler
                0x004003c4                WKUP0_Handler
                0x004003c4                TC5_Handler
                0x004003c4                WKUP9_Handler
 *fill*         0x004003c6        0x2 
 .text.Reset_Handler
                0x004003c8       0xdc src/ASF/sam/utils/cmsis/samg/samg53/source/templates/gcc/startup_samg53.o
                0x004003c8                Reset_Handler
 .text.SystemCoreClockUpdate
                0x004004a4       0xe8 src/ASF/sam/utils/cmsis/samg/samg53/source/templates/system_samg53.o
                0x004004a4                SystemCoreClockUpdate
 .text.system_init_flash
                0x0040058c       0x4c src/ASF/sam/utils/cmsis/samg/samg53/source/templates/system_samg53.o
                0x0040058c                system_init_flash
 .text._sbrk    0x004005d8       0x38 src/ASF/sam/utils/syscalls/gcc/syscalls.o
                0x004005d8                _sbrk
 .text._close   0x00400610        0x6 src/ASF/sam/utils/syscalls/gcc/syscalls.o
                0x00400610                _close
 .text._fstat   0x00400616        0xa src/ASF/sam/utils/syscalls/gcc/syscalls.o
                0x00400616                _fstat
 .text._isatty  0x00400620        0x4 src/ASF/sam/utils/syscalls/gcc/syscalls.o
                0x00400620                _isatty
 .text._lseek   0x00400624        0x4 src/ASF/sam/utils/syscalls/gcc/syscalls.o
                0x00400624                _lseek
 .text.usart_serial_getchar
                0x00400628       0x68 src/main.o
 .text.usart_serial_putchar
                0x00400690       0x64 src/main.o
 .text.main     0x004006f4       0xbc src/main.o
                0x004006f4                main
 .text.__libc_init_array
                0x004007b0       0x50 c:/program files (x86)/atmel/studio/7.0/toolchain/arm/arm-gnu-toolchain/bin/../lib/gcc/arm-none-eabi/6.3.1/../../../../arm-none-eabi/lib/thumb/v7e-m\libc.a(lib_a-init.o)
                0x004007b0                __libc_init_array
 .text.iprintf  0x00400800       0x28 c:/program files (x86)/atmel/studio/7.0/toolchain/arm/arm-gnu-toolchain/bin/../lib/gcc/arm-none-eabi/6.3.1/../../../../arm-none-eabi/lib/thumb/v7e-m\libc.a(lib_a-iprintf.o)
                0x00400800                iprintf
 .text.iscanf   0x00400828       0x28 c:/program files (x86)/atmel/studio/7.0/toolchain/arm/arm-gnu-toolchain/bin/../lib/gcc/arm-none-eabi/6.3.1/../../../../arm-none-eabi/lib/thumb/v7e-m\libc.a(lib_a-iscanf.o)
                0x00400828                iscanf
 .text.memset   0x00400850       0x9c c:/program files (x86)/atmel/studio/7.0/toolchain/arm/arm-gnu-toolchain/bin/../lib/gcc/arm-none-eabi/6.3.1/../../../../arm-none-eabi/lib/thumb/v7e-m\libc.a(lib_a-memset.o)
                0x00400850                memset
 .text.setbuf   0x004008ec       0x10 c:/program files (x86)/atmel/studio/7.0/toolchain/arm/arm-gnu-toolchain/bin/../lib/gcc/arm-none-eabi/6.3.1/../../../../arm-none-eabi/lib/thumb/v7e-m\libc.a(lib_a-setbuf.o)
                0x004008ec                setbuf
 .text.setvbuf  0x004008fc      0x190 c:/program files (x86)/atmel/studio/7.0/toolchain/arm/arm-gnu-toolchain/bin/../lib/gcc/arm-none-eabi/6.3.1/../../../../arm-none-eabi/lib/thumb/v7e-m\libc.a(lib_a-setvbuf.o)
                0x004008fc                setvbuf
 .text.__sprint_r.part.0
                0x00400a8c       0x80 c:/program files (x86)/atmel/studio/7.0/toolchain/arm/arm-gnu-toolchain/bin/../lib/gcc/arm-none-eabi/6.3.1/../../../../arm-none-eabi/lib/thumb/v7e-m\libc.a(lib_a-vfiprintf.o)
 .text._vfiprintf_r
                0x00400b0c      0xc90 c:/program files (x86)/atmel/studio/7.0/toolchain/arm/arm-gnu-toolchain/bin/../lib/gcc/arm-none-eabi/6.3.1/../../../../arm-none-eabi/lib/thumb/v7e-m\libc.a(lib_a-vfiprintf.o)
                0x00400b0c                _vfiprintf_r
 .text.__sbprintf
                0x0040179c       0x84 c:/program files (x86)/atmel/studio/7.0/toolchain/arm/arm-gnu-toolchain/bin/../lib/gcc/arm-none-eabi/6.3.1/../../../../arm-none-eabi/lib/thumb/v7e-m\libc.a(lib_a-vfiprintf.o)
 .text.__svfiscanf_r
                0x00401820      0xa14 c:/program files (x86)/atmel/studio/7.0/toolchain/arm/arm-gnu-toolchain/bin/../lib/gcc/arm-none-eabi/6.3.1/../../../../arm-none-eabi/lib/thumb/v7e-m\libc.a(lib_a-vfiscanf.o)
                0x00401820                __svfiscanf_r
 .text.__swsetup_r
                0x00402234       0xc8 c:/program files (x86)/atmel/studio/7.0/toolchain/arm/arm-gnu-toolchain/bin/../lib/gcc/arm-none-eabi/6.3.1/../../../../arm-none-eabi/lib/thumb/v7e-m\libc.a(lib_a-wsetup.o)
                0x00402234                __swsetup_r
 .text.startup.register_fini
                0x004022fc       0x14 c:/program files (x86)/atmel/studio/7.0/toolchain/arm/arm-gnu-toolchain/bin/../lib/gcc/arm-none-eabi/6.3.1/../../../../arm-none-eabi/lib/thumb/v7e-m\libc.a(lib_a-__call_atexit.o)
 .text.atexit   0x00402310        0xc c:/program files (x86)/atmel/studio/7.0/toolchain/arm/arm-gnu-toolchain/bin/../lib/gcc/arm-none-eabi/6.3.1/../../../../arm-none-eabi/lib/thumb/v7e-m\libc.a(lib_a-atexit.o)
                0x00402310                atexit
 .text.__sflush_r
                0x0040231c      0x140 c:/program files (x86)/atmel/studio/7.0/toolchain/arm/arm-gnu-toolchain/bin/../lib/gcc/arm-none-eabi/6.3.1/../../../../arm-none-eabi/lib/thumb/v7e-m\libc.a(lib_a-fflush.o)
                0x0040231c                __sflush_r
 .text._fflush_r
                0x0040245c       0x54 c:/program files (x86)/atmel/studio/7.0/toolchain/arm/arm-gnu-toolchain/bin/../lib/gcc/arm-none-eabi/6.3.1/../../../../arm-none-eabi/lib/thumb/v7e-m\libc.a(lib_a-fflush.o)
                0x0040245c                _fflush_r
 .text.fflush   0x004024b0       0x24 c:/program files (x86)/atmel/studio/7.0/toolchain/arm/arm-gnu-toolchain/bin/../lib/gcc/arm-none-eabi/6.3.1/../../../../arm-none-eabi/lib/thumb/v7e-m\libc.a(lib_a-fflush.o)
                0x004024b0                fflush
 .text._cleanup_r
                0x004024d4        0xc c:/program files (x86)/atmel/studio/7.0/toolchain/arm/arm-gnu-toolchain/bin/../lib/gcc/arm-none-eabi/6.3.1/../../../../arm-none-eabi/lib/thumb/v7e-m\libc.a(lib_a-findfp.o)
                0x004024d4                _cleanup_r
 .text.std.isra.0
                0x004024e0       0x50 c:/program files (x86)/atmel/studio/7.0/toolchain/arm/arm-gnu-toolchain/bin/../lib/gcc/arm-none-eabi/6.3.1/../../../../arm-none-eabi/lib/thumb/v7e-m\libc.a(lib_a-findfp.o)
 .text.__sinit  0x00402530       0x58 c:/program files (x86)/atmel/studio/7.0/toolchain/arm/arm-gnu-toolchain/bin/../lib/gcc/arm-none-eabi/6.3.1/../../../../arm-none-eabi/lib/thumb/v7e-m\libc.a(lib_a-findfp.o)
                0x00402530                __sinit
 .text.__sfp_lock_acquire
                0x00402588        0xc c:/program files (x86)/atmel/studio/7.0/toolchain/arm/arm-gnu-toolchain/bin/../lib/gcc/arm-none-eabi/6.3.1/../../../../arm-none-eabi/lib/thumb/v7e-m\libc.a(lib_a-findfp.o)
                0x00402588                __sfp_lock_acquire
 .text.__sfp_lock_release
                0x00402594        0xc c:/program files (x86)/atmel/studio/7.0/toolchain/arm/arm-gnu-toolchain/bin/../lib/gcc/arm-none-eabi/6.3.1/../../../../arm-none-eabi/lib/thumb/v7e-m\libc.a(lib_a-findfp.o)
                0x00402594                __sfp_lock_release
 .text.__libc_fini_array
                0x004025a0       0x34 c:/program files (x86)/atmel/studio/7.0/toolchain/arm/arm-gnu-toolchain/bin/../lib/gcc/arm-none-eabi/6.3.1/../../../../arm-none-eabi/lib/thumb/v7e-m\libc.a(lib_a-fini.o)
                0x004025a0                __libc_fini_array
 .text.__fputwc
                0x004025d4       0xa0 c:/program files (x86)/atmel/studio/7.0/toolchain/arm/arm-gnu-toolchain/bin/../lib/gcc/arm-none-eabi/6.3.1/../../../../arm-none-eabi/lib/thumb/v7e-m\libc.a(lib_a-fputwc.o)
                0x004025d4                __fputwc
 .text._fputwc_r
                0x00402674       0x68 c:/program files (x86)/atmel/studio/7.0/toolchain/arm/arm-gnu-toolchain/bin/../lib/gcc/arm-none-eabi/6.3.1/../../../../arm-none-eabi/lib/thumb/v7e-m\libc.a(lib_a-fputwc.o)
                0x00402674                _fputwc_r
 .text._fread_r
                0x004026dc      0x1c4 c:/program files (x86)/atmel/studio/7.0/toolchain/arm/arm-gnu-toolchain/bin/../lib/gcc/arm-none-eabi/6.3.1/../../../../arm-none-eabi/lib/thumb/v7e-m\libc.a(lib_a-fread.o)
                0x004026dc                _fread_r
 .text._malloc_trim_r
                0x004028a0       0xa0 c:/program files (x86)/atmel/studio/7.0/toolchain/arm/arm-gnu-toolchain/bin/../lib/gcc/arm-none-eabi/6.3.1/../../../../arm-none-eabi/lib/thumb/v7e-m\libc.a(lib_a-freer.o)
                0x004028a0                _malloc_trim_r
 .text._free_r  0x00402940      0x1cc c:/program files (x86)/atmel/studio/7.0/toolchain/arm/arm-gnu-toolchain/bin/../lib/gcc/arm-none-eabi/6.3.1/../../../../arm-none-eabi/lib/thumb/v7e-m\libc.a(lib_a-freer.o)
                0x00402940                _free_r
 .text.__sfvwrite_r
                0x00402b0c      0x2f0 c:/program files (x86)/atmel/studio/7.0/toolchain/arm/arm-gnu-toolchain/bin/../lib/gcc/arm-none-eabi/6.3.1/../../../../arm-none-eabi/lib/thumb/v7e-m\libc.a(lib_a-fvwrite.o)
                0x00402b0c                __sfvwrite_r
 .text._fwalk   0x00402dfc       0x4c c:/program files (x86)/atmel/studio/7.0/toolchain/arm/arm-gnu-toolchain/bin/../lib/gcc/arm-none-eabi/6.3.1/../../../../arm-none-eabi/lib/thumb/v7e-m\libc.a(lib_a-fwalk.o)
                0x00402dfc                _fwalk
 .text._fwalk_reent
                0x00402e48       0x54 c:/program files (x86)/atmel/studio/7.0/toolchain/arm/arm-gnu-toolchain/bin/../lib/gcc/arm-none-eabi/6.3.1/../../../../arm-none-eabi/lib/thumb/v7e-m\libc.a(lib_a-fwalk.o)
                0x00402e48                _fwalk_reent
 .text.iswspace
                0x00402e9c       0x1c c:/program files (x86)/atmel/studio/7.0/toolchain/arm/arm-gnu-toolchain/bin/../lib/gcc/arm-none-eabi/6.3.1/../../../../arm-none-eabi/lib/thumb/v7e-m\libc.a(lib_a-iswspace.o)
                0x00402e9c                iswspace
 .text.__locale_mb_cur_max
                0x00402eb8       0x1c c:/program files (x86)/atmel/studio/7.0/toolchain/arm/arm-gnu-toolchain/bin/../lib/gcc/arm-none-eabi/6.3.1/../../../../arm-none-eabi/lib/thumb/v7e-m\libc.a(lib_a-locale.o)
                0x00402eb8                __locale_mb_cur_max
 .text.__locale_ctype_ptr_l
                0x00402ed4        0x8 c:/program files (x86)/atmel/studio/7.0/toolchain/arm/arm-gnu-toolchain/bin/../lib/gcc/arm-none-eabi/6.3.1/../../../../arm-none-eabi/lib/thumb/v7e-m\libc.a(lib_a-locale.o)
                0x00402ed4                __locale_ctype_ptr_l
 .text.__locale_ctype_ptr
                0x00402edc       0x1c c:/program files (x86)/atmel/studio/7.0/toolchain/arm/arm-gnu-toolchain/bin/../lib/gcc/arm-none-eabi/6.3.1/../../../../arm-none-eabi/lib/thumb/v7e-m\libc.a(lib_a-locale.o)
                0x00402edc                __locale_ctype_ptr
 .text.__retarget_lock_init_recursive
                0x00402ef8        0x4 c:/program files (x86)/atmel/studio/7.0/toolchain/arm/arm-gnu-toolchain/bin/../lib/gcc/arm-none-eabi/6.3.1/../../../../arm-none-eabi/lib/thumb/v7e-m\libc.a(lib_a-lock.o)
                0x00402ef8                __retarget_lock_init_recursive
 .text.__retarget_lock_close_recursive
                0x00402efc        0x4 c:/program files (x86)/atmel/studio/7.0/toolchain/arm/arm-gnu-toolchain/bin/../lib/gcc/arm-none-eabi/6.3.1/../../../../arm-none-eabi/lib/thumb/v7e-m\libc.a(lib_a-lock.o)
                0x00402efc                __retarget_lock_close_recursive
 .text.__retarget_lock_acquire_recursive
                0x00402f00        0x4 c:/program files (x86)/atmel/studio/7.0/toolchain/arm/arm-gnu-toolchain/bin/../lib/gcc/arm-none-eabi/6.3.1/../../../../arm-none-eabi/lib/thumb/v7e-m\libc.a(lib_a-lock.o)
                0x00402f00                __retarget_lock_acquire_recursive
 .text.__retarget_lock_release_recursive
                0x00402f04        0x4 c:/program files (x86)/atmel/studio/7.0/toolchain/arm/arm-gnu-toolchain/bin/../lib/gcc/arm-none-eabi/6.3.1/../../../../arm-none-eabi/lib/thumb/v7e-m\libc.a(lib_a-lock.o)
                0x00402f04                __retarget_lock_release_recursive
 .text.__swhatbuf_r
                0x00402f08       0x5c c:/program files (x86)/atmel/studio/7.0/toolchain/arm/arm-gnu-toolchain/bin/../lib/gcc/arm-none-eabi/6.3.1/../../../../arm-none-eabi/lib/thumb/v7e-m\libc.a(lib_a-makebuf.o)
                0x00402f08                __swhatbuf_r
 .text.__smakebuf_r
                0x00402f64       0x94 c:/program files (x86)/atmel/studio/7.0/toolchain/arm/arm-gnu-toolchain/bin/../lib/gcc/arm-none-eabi/6.3.1/../../../../arm-none-eabi/lib/thumb/v7e-m\libc.a(lib_a-makebuf.o)
                0x00402f64                __smakebuf_r
 .text.malloc   0x00402ff8       0x10 c:/program files (x86)/atmel/studio/7.0/toolchain/arm/arm-gnu-toolchain/bin/../lib/gcc/arm-none-eabi/6.3.1/../../../../arm-none-eabi/lib/thumb/v7e-m\libc.a(lib_a-malloc.o)
                0x00402ff8                malloc
 .text._malloc_r
                0x00403008      0x560 c:/program files (x86)/atmel/studio/7.0/toolchain/arm/arm-gnu-toolchain/bin/../lib/gcc/arm-none-eabi/6.3.1/../../../../arm-none-eabi/lib/thumb/v7e-m\libc.a(lib_a-mallocr.o)
                0x00403008                _malloc_r
 .text._mbrtowc_r
                0x00403568       0x5c c:/program files (x86)/atmel/studio/7.0/toolchain/arm/arm-gnu-toolchain/bin/../lib/gcc/arm-none-eabi/6.3.1/../../../../arm-none-eabi/lib/thumb/v7e-m\libc.a(lib_a-mbrtowc.o)
                0x00403568                _mbrtowc_r
 .text.__ascii_mbtowc
                0x004035c4       0x2c c:/program files (x86)/atmel/studio/7.0/toolchain/arm/arm-gnu-toolchain/bin/../lib/gcc/arm-none-eabi/6.3.1/../../../../arm-none-eabi/lib/thumb/v7e-m\libc.a(lib_a-mbtowc_r.o)
                0x004035c4                __ascii_mbtowc
 .text          0x004035f0       0xa0 c:/program files (x86)/atmel/studio/7.0/toolchain/arm/arm-gnu-toolchain/bin/../lib/gcc/arm-none-eabi/6.3.1/../../../../arm-none-eabi/lib/thumb/v7e-m\libc.a(lib_a-memchr.o)
                0x004035f0                memchr
 .text          0x00403690      0x134 c:/program files (x86)/atmel/studio/7.0/toolchain/arm/arm-gnu-toolchain/bin/../lib/gcc/arm-none-eabi/6.3.1/../../../../arm-none-eabi/lib/thumb/v7e-m\libc.a(lib_a-memcpy.o)
                0x00403690                memcpy
 .text.memmove  0x004037c4       0xc8 c:/program files (x86)/atmel/studio/7.0/toolchain/arm/arm-gnu-toolchain/bin/../lib/gcc/arm-none-eabi/6.3.1/../../../../arm-none-eabi/lib/thumb/v7e-m\libc.a(lib_a-memmove.o)
                0x004037c4                memmove
 .text.__malloc_lock
                0x0040388c        0xc c:/program files (x86)/atmel/studio/7.0/toolchain/arm/arm-gnu-toolchain/bin/../lib/gcc/arm-none-eabi/6.3.1/../../../../arm-none-eabi/lib/thumb/v7e-m\libc.a(lib_a-mlock.o)
                0x0040388c                __malloc_lock
 .text.__malloc_unlock
                0x00403898        0xc c:/program files (x86)/atmel/studio/7.0/toolchain/arm/arm-gnu-toolchain/bin/../lib/gcc/arm-none-eabi/6.3.1/../../../../arm-none-eabi/lib/thumb/v7e-m\libc.a(lib_a-mlock.o)
                0x00403898                __malloc_unlock
 .text._realloc_r
                0x004038a4      0x34c c:/program files (x86)/atmel/studio/7.0/toolchain/arm/arm-gnu-toolchain/bin/../lib/gcc/arm-none-eabi/6.3.1/../../../../arm-none-eabi/lib/thumb/v7e-m\libc.a(lib_a-reallocr.o)
                0x004038a4                _realloc_r
 .text.lflush   0x00403bf0       0x14 c:/program files (x86)/atmel/studio/7.0/toolchain/arm/arm-gnu-toolchain/bin/../lib/gcc/arm-none-eabi/6.3.1/../../../../arm-none-eabi/lib/thumb/v7e-m\libc.a(lib_a-refill.o)
 .text.__srefill_r
                0x00403c04      0x114 c:/program files (x86)/atmel/studio/7.0/toolchain/arm/arm-gnu-toolchain/bin/../lib/gcc/arm-none-eabi/6.3.1/../../../../arm-none-eabi/lib/thumb/v7e-m\libc.a(lib_a-refill.o)
                0x00403c04                __srefill_r
 .text._sbrk_r  0x00403d18       0x24 c:/program files (x86)/atmel/studio/7.0/toolchain/arm/arm-gnu-toolchain/bin/../lib/gcc/arm-none-eabi/6.3.1/../../../../arm-none-eabi/lib/thumb/v7e-m\libc.a(lib_a-sbrkr.o)
                0x00403d18                _sbrk_r
 .text.__sccl   0x00403d3c       0x74 c:/program files (x86)/atmel/studio/7.0/toolchain/arm/arm-gnu-toolchain/bin/../lib/gcc/arm-none-eabi/6.3.1/../../../../arm-none-eabi/lib/thumb/v7e-m\libc.a(lib_a-sccl.o)
                0x00403d3c                __sccl
 .text.__sread  0x00403db0       0x24 c:/program files (x86)/atmel/studio/7.0/toolchain/arm/arm-gnu-toolchain/bin/../lib/gcc/arm-none-eabi/6.3.1/../../../../arm-none-eabi/lib/thumb/v7e-m\libc.a(lib_a-stdio.o)
                0x00403db0                __sread
 .text.__swrite
                0x00403dd4       0x3c c:/program files (x86)/atmel/studio/7.0/toolchain/arm/arm-gnu-toolchain/bin/../lib/gcc/arm-none-eabi/6.3.1/../../../../arm-none-eabi/lib/thumb/v7e-m\libc.a(lib_a-stdio.o)
                0x00403dd4                __swrite
 .text.__sseek  0x00403e10       0x20 c:/program files (x86)/atmel/studio/7.0/toolchain/arm/arm-gnu-toolchain/bin/../lib/gcc/arm-none-eabi/6.3.1/../../../../arm-none-eabi/lib/thumb/v7e-m\libc.a(lib_a-stdio.o)
                0x00403e10                __sseek
 .text.__sclose
                0x00403e30        0x8 c:/program files (x86)/atmel/studio/7.0/toolchain/arm/arm-gnu-toolchain/bin/../lib/gcc/arm-none-eabi/6.3.1/../../../../arm-none-eabi/lib/thumb/v7e-m\libc.a(lib_a-stdio.o)
                0x00403e30                __sclose
 *fill*         0x00403e38        0x8 
 .text          0x00403e40       0xdc c:/program files (x86)/atmel/studio/7.0/toolchain/arm/arm-gnu-toolchain/bin/../lib/gcc/arm-none-eabi/6.3.1/../../../../arm-none-eabi/lib/thumb/v7e-m\libc.a(lib_a-strlen.o)
                0x00403e40                strlen
 .text._strtol_l.isra.0
                0x00403f1c      0x128 c:/program files (x86)/atmel/studio/7.0/toolchain/arm/arm-gnu-toolchain/bin/../lib/gcc/arm-none-eabi/6.3.1/../../../../arm-none-eabi/lib/thumb/v7e-m\libc.a(lib_a-strtol.o)
 .text._strtol_r
                0x00404044       0x24 c:/program files (x86)/atmel/studio/7.0/toolchain/arm/arm-gnu-toolchain/bin/../lib/gcc/arm-none-eabi/6.3.1/../../../../arm-none-eabi/lib/thumb/v7e-m\libc.a(lib_a-strtol.o)
                0x00404044                _strtol_r
 .text._strtoll_l.isra.0
                0x00404068      0x19c c:/program files (x86)/atmel/studio/7.0/toolchain/arm/arm-gnu-toolchain/bin/../lib/gcc/arm-none-eabi/6.3.1/../../../../arm-none-eabi/lib/thumb/v7e-m\libc.a(lib_a-strtoll.o)
 .text._strtoll_r
                0x00404204       0x24 c:/program files (x86)/atmel/studio/7.0/toolchain/arm/arm-gnu-toolchain/bin/../lib/gcc/arm-none-eabi/6.3.1/../../../../arm-none-eabi/lib/thumb/v7e-m\libc.a(lib_a-strtoll.o)
                0x00404204                _strtoll_r
 .text._strtoul_l.isra.0
                0x00404228      0x148 c:/program files (x86)/atmel/studio/7.0/toolchain/arm/arm-gnu-toolchain/bin/../lib/gcc/arm-none-eabi/6.3.1/../../../../arm-none-eabi/lib/thumb/v7e-m\libc.a(lib_a-strtoul.o)
 .text._strtoul_r
                0x00404370       0x24 c:/program files (x86)/atmel/studio/7.0/toolchain/arm/arm-gnu-toolchain/bin/../lib/gcc/arm-none-eabi/6.3.1/../../../../arm-none-eabi/lib/thumb/v7e-m\libc.a(lib_a-strtoul.o)
                0x00404370                _strtoul_r
 .text._strtoull_l.isra.0
                0x00404394      0x1bc c:/program files (x86)/atmel/studio/7.0/toolchain/arm/arm-gnu-toolchain/bin/../lib/gcc/arm-none-eabi/6.3.1/../../../../arm-none-eabi/lib/thumb/v7e-m\libc.a(lib_a-strtoull.o)
 .text._strtoull_r
                0x00404550       0x24 c:/program files (x86)/atmel/studio/7.0/toolchain/arm/arm-gnu-toolchain/bin/../lib/gcc/arm-none-eabi/6.3.1/../../../../arm-none-eabi/lib/thumb/v7e-m\libc.a(lib_a-strtoull.o)
                0x00404550                _strtoull_r
 .text.__submore
                0x00404574       0x78 c:/program files (x86)/atmel/studio/7.0/toolchain/arm/arm-gnu-toolchain/bin/../lib/gcc/arm-none-eabi/6.3.1/../../../../arm-none-eabi/lib/thumb/v7e-m\libc.a(lib_a-ungetc.o)
                0x00404574                __submore
 .text._ungetc_r
                0x004045ec      0x138 c:/program files (x86)/atmel/studio/7.0/toolchain/arm/arm-gnu-toolchain/bin/../lib/gcc/arm-none-eabi/6.3.1/../../../../arm-none-eabi/lib/thumb/v7e-m\libc.a(lib_a-ungetc.o)
                0x004045ec                _ungetc_r
 .text.__swbuf_r
                0x00404724       0xb0 c:/program files (x86)/atmel/studio/7.0/toolchain/arm/arm-gnu-toolchain/bin/../lib/gcc/arm-none-eabi/6.3.1/../../../../arm-none-eabi/lib/thumb/v7e-m\libc.a(lib_a-wbuf.o)
                0x00404724                __swbuf_r
 .text._wcrtomb_r
                0x004047d4       0x54 c:/program files (x86)/atmel/studio/7.0/toolchain/arm/arm-gnu-toolchain/bin/../lib/gcc/arm-none-eabi/6.3.1/../../../../arm-none-eabi/lib/thumb/v7e-m\libc.a(lib_a-wcrtomb.o)
                0x004047d4                _wcrtomb_r
 .text.__ascii_wctomb
                0x00404828       0x1c c:/program files (x86)/atmel/studio/7.0/toolchain/arm/arm-gnu-toolchain/bin/../lib/gcc/arm-none-eabi/6.3.1/../../../../arm-none-eabi/lib/thumb/v7e-m\libc.a(lib_a-wctomb_r.o)
                0x00404828                __ascii_wctomb
 .text._write_r
                0x00404844       0x2c c:/program files (x86)/atmel/studio/7.0/toolchain/arm/arm-gnu-toolchain/bin/../lib/gcc/arm-none-eabi/6.3.1/../../../../arm-none-eabi/lib/thumb/v7e-m\libc.a(lib_a-writer.o)
                0x00404844                _write_r
 .text.__register_exitproc
                0x00404870       0xc4 c:/program files (x86)/atmel/studio/7.0/toolchain/arm/arm-gnu-toolchain/bin/../lib/gcc/arm-none-eabi/6.3.1/../../../../arm-none-eabi/lib/thumb/v7e-m\libc.a(lib_a-__atexit.o)
                0x00404870                __register_exitproc
 .text._close_r
                0x00404934       0x24 c:/program files (x86)/atmel/studio/7.0/toolchain/arm/arm-gnu-toolchain/bin/../lib/gcc/arm-none-eabi/6.3.1/../../../../arm-none-eabi/lib/thumb/v7e-m\libc.a(lib_a-closer.o)
                0x00404934                _close_r
 .text._fclose_r
                0x00404958       0xc4 c:/program files (x86)/atmel/studio/7.0/toolchain/arm/arm-gnu-toolchain/bin/../lib/gcc/arm-none-eabi/6.3.1/../../../../arm-none-eabi/lib/thumb/v7e-m\libc.a(lib_a-fclose.o)
                0x00404958                _fclose_r
 .text._fstat_r
                0x00404a1c       0x28 c:/program files (x86)/atmel/studio/7.0/toolchain/arm/arm-gnu-toolchain/bin/../lib/gcc/arm-none-eabi/6.3.1/../../../../arm-none-eabi/lib/thumb/v7e-m\libc.a(lib_a-fstatr.o)
                0x00404a1c                _fstat_r
 .text._isatty_r
                0x00404a44       0x24 c:/program files (x86)/atmel/studio/7.0/toolchain/arm/arm-gnu-toolchain/bin/../lib/gcc/arm-none-eabi/6.3.1/../../../../arm-none-eabi/lib/thumb/v7e-m\libc.a(lib_a-isattyr.o)
                0x00404a44                _isatty_r
 .text._lseek_r
                0x00404a68       0x2c c:/program files (x86)/atmel/studio/7.0/toolchain/arm/arm-gnu-toolchain/bin/../lib/gcc/arm-none-eabi/6.3.1/../../../../arm-none-eabi/lib/thumb/v7e-m\libc.a(lib_a-lseekr.o)
                0x00404a68                _lseek_r
 .text._read_r  0x00404a94       0x2c c:/program files (x86)/atmel/studio/7.0/toolchain/arm/arm-gnu-toolchain/bin/../lib/gcc/arm-none-eabi/6.3.1/../../../../arm-none-eabi/lib/thumb/v7e-m\libc.a(lib_a-readr.o)
                0x00404a94                _read_r
 .text          0x00404ac0       0x30 c:/program files (x86)/atmel/studio/7.0/toolchain/arm/arm-gnu-toolchain/bin/../lib/gcc/arm-none-eabi/6.3.1/thumb/v7e-m\libgcc.a(_aeabi_uldivmod.o)
                0x00404ac0                __aeabi_uldivmod
 .text          0x00404af0      0x2dc c:/program files (x86)/atmel/studio/7.0/toolchain/arm/arm-gnu-toolchain/bin/../lib/gcc/arm-none-eabi/6.3.1/thumb/v7e-m\libgcc.a(_udivmoddi4.o)
                0x00404af0                __udivmoddi4
 .text          0x00404dcc        0x4 c:/program files (x86)/atmel/studio/7.0/toolchain/arm/arm-gnu-toolchain/bin/../lib/gcc/arm-none-eabi/6.3.1/thumb/v7e-m\libgcc.a(_dvmd_tls.o)
                0x00404dcc                __aeabi_idiv0
                0x00404dcc                __aeabi_ldiv0
 *(.glue_7t)
 .glue_7t       0x00404dd0        0x0 linker stubs
 *(.glue_7)
 .glue_7        0x00404dd0        0x0 linker stubs
 *(.rodata .rodata* .gnu.linkonce.r.*)
 .rodata.main.str1.4
                0x00404dd0       0x1d src/main.o
 *fill*         0x00404ded        0x3 
 .rodata._global_impure_ptr
                0x00404df0        0x4 c:/program files (x86)/atmel/studio/7.0/toolchain/arm/arm-gnu-toolchain/bin/../lib/gcc/arm-none-eabi/6.3.1/../../../../arm-none-eabi/lib/thumb/v7e-m\libc.a(lib_a-impure.o)
                0x00404df0                _global_impure_ptr
 .rodata._vfiprintf_r.str1.4
                0x00404df4       0x2f c:/program files (x86)/atmel/studio/7.0/toolchain/arm/arm-gnu-toolchain/bin/../lib/gcc/arm-none-eabi/6.3.1/../../../../arm-none-eabi/lib/thumb/v7e-m\libc.a(lib_a-vfiprintf.o)
 *fill*         0x00404e23        0x1 
 .rodata.blanks.7217
                0x00404e24       0x10 c:/program files (x86)/atmel/studio/7.0/toolchain/arm/arm-gnu-toolchain/bin/../lib/gcc/arm-none-eabi/6.3.1/../../../../arm-none-eabi/lib/thumb/v7e-m\libc.a(lib_a-vfiprintf.o)
 .rodata.zeroes.7218
                0x00404e34       0x10 c:/program files (x86)/atmel/studio/7.0/toolchain/arm/arm-gnu-toolchain/bin/../lib/gcc/arm-none-eabi/6.3.1/../../../../arm-none-eabi/lib/thumb/v7e-m\libc.a(lib_a-vfiprintf.o)
 .rodata.basefix.6805
                0x00404e44       0x22 c:/program files (x86)/atmel/studio/7.0/toolchain/arm/arm-gnu-toolchain/bin/../lib/gcc/arm-none-eabi/6.3.1/../../../../arm-none-eabi/lib/thumb/v7e-m\libc.a(lib_a-vfiscanf.o)
 *fill*         0x00404e66        0x2 
 .rodata._setlocale_r.str1.4
                0x00404e68        0xa c:/program files (x86)/atmel/studio/7.0/toolchain/arm/arm-gnu-toolchain/bin/../lib/gcc/arm-none-eabi/6.3.1/../../../../arm-none-eabi/lib/thumb/v7e-m\libc.a(lib_a-locale.o)
                                  0xd (size before relaxing)
 *fill*         0x00404e72        0x2 
 .rodata.str1.4
                0x00404e74        0x4 c:/program files (x86)/atmel/studio/7.0/toolchain/arm/arm-gnu-toolchain/bin/../lib/gcc/arm-none-eabi/6.3.1/../../../../arm-none-eabi/lib/thumb/v7e-m\libc.a(lib_a-locale.o)
                                  0x2 (size before relaxing)
 .rodata._mbrtowc_r.str1.4
                0x00404e78        0x1 c:/program files (x86)/atmel/studio/7.0/toolchain/arm/arm-gnu-toolchain/bin/../lib/gcc/arm-none-eabi/6.3.1/../../../../arm-none-eabi/lib/thumb/v7e-m\libc.a(lib_a-mbrtowc.o)
 .rodata._ctype_
                0x00404e78      0x101 c:/program files (x86)/atmel/studio/7.0/toolchain/arm/arm-gnu-toolchain/bin/../lib/gcc/arm-none-eabi/6.3.1/../../../../arm-none-eabi/lib/thumb/v7e-m\libc.a(lib_a-ctype_.o)
                0x00404e78                _ctype_
 *(.ARM.extab* .gnu.linkonce.armextab.*)
                0x00404f7c                . = ALIGN (0x4)
 *fill*         0x00404f79        0x3 
 *(.init)
 .init          0x00404f7c        0x4 c:/program files (x86)/atmel/studio/7.0/toolchain/arm/arm-gnu-toolchain/bin/../lib/gcc/arm-none-eabi/6.3.1/thumb/v7e-m/crti.o
                0x00404f7c                _init
 .init          0x00404f80        0x8 c:/program files (x86)/atmel/studio/7.0/toolchain/arm/arm-gnu-toolchain/bin/../lib/gcc/arm-none-eabi/6.3.1/thumb/v7e-m/crtn.o
                0x00404f88                . = ALIGN (0x4)
                0x00404f88                __preinit_array_start = .
 *(.preinit_array)
                0x00404f88                __preinit_array_end = .
                0x00404f88                . = ALIGN (0x4)
                0x00404f88                __init_array_start = .
 *(SORT(.init_array.*))
 .init_array.00000
                0x00404f88        0x4 c:/program files (x86)/atmel/studio/7.0/toolchain/arm/arm-gnu-toolchain/bin/../lib/gcc/arm-none-eabi/6.3.1/../../../../arm-none-eabi/lib/thumb/v7e-m\libc.a(lib_a-__call_atexit.o)
 *(.init_array)
 .init_array    0x00404f8c        0x4 c:/program files (x86)/atmel/studio/7.0/toolchain/arm/arm-gnu-toolchain/bin/../lib/gcc/arm-none-eabi/6.3.1/thumb/v7e-m/crtbegin.o
                0x00404f90                __init_array_end = .
                0x00404f90                . = ALIGN (0x4)
 *crtbegin.o(.ctors)
 *(EXCLUDE_FILE(*crtend.o) .ctors)
 *(SORT(.ctors.*))
 *crtend.o(.ctors)
                0x00404f90                . = ALIGN (0x4)
 *(.fini)
 .fini          0x00404f90        0x4 c:/program files (x86)/atmel/studio/7.0/toolchain/arm/arm-gnu-toolchain/bin/../lib/gcc/arm-none-eabi/6.3.1/thumb/v7e-m/crti.o
                0x00404f90                _fini
 .fini          0x00404f94        0x8 c:/program files (x86)/atmel/studio/7.0/toolchain/arm/arm-gnu-toolchain/bin/../lib/gcc/arm-none-eabi/6.3.1/thumb/v7e-m/crtn.o
                0x00404f9c                . = ALIGN (0x4)
                0x00404f9c                __fini_array_start = .
 *(.fini_array)
 .fini_array    0x00404f9c        0x4 c:/program files (x86)/atmel/studio/7.0/toolchain/arm/arm-gnu-toolchain/bin/../lib/gcc/arm-none-eabi/6.3.1/thumb/v7e-m/crtbegin.o
 *(SORT(.fini_array.*))
                0x00404fa0                __fini_array_end = .
 *crtbegin.o(.dtors)
 *(EXCLUDE_FILE(*crtend.o) .dtors)
 *(SORT(.dtors.*))
 *crtend.o(.dtors)
                0x00404fa0                . = ALIGN (0x4)
                0x00404fa0                _efixed = .
                [!provide]                PROVIDE (__exidx_start, .)

.vfp11_veneer   0x00404fa0        0x0
 .vfp11_veneer  0x00404fa0        0x0 linker stubs

.v4_bx          0x00404fa0        0x0
 .v4_bx         0x00404fa0        0x0 linker stubs

.iplt           0x00404fa0        0x0
 .iplt          0x00404fa0        0x0 c:/program files (x86)/atmel/studio/7.0/toolchain/arm/arm-gnu-toolchain/bin/../lib/gcc/arm-none-eabi/6.3.1/thumb/v7e-m/crtbegin.o

.ARM.exidx      0x00404fa0        0x8
 *(.ARM.exidx* .gnu.linkonce.armexidx.*)
 .ARM.exidx     0x00404fa0        0x8 c:/program files (x86)/atmel/studio/7.0/toolchain/arm/arm-gnu-toolchain/bin/../lib/gcc/arm-none-eabi/6.3.1/thumb/v7e-m\libgcc.a(_udivmoddi4.o)
                [!provide]                PROVIDE (__exidx_end, .)

.eh_frame       0x00404fa8        0x0
 .eh_frame      0x00404fa8        0x0 c:/program files (x86)/atmel/studio/7.0/toolchain/arm/arm-gnu-toolchain/bin/../lib/gcc/arm-none-eabi/6.3.1/thumb/v7e-m/crtbegin.o

.rel.dyn        0x00404fa8        0x0
 .rel.iplt      0x00404fa8        0x0 c:/program files (x86)/atmel/studio/7.0/toolchain/arm/arm-gnu-toolchain/bin/../lib/gcc/arm-none-eabi/6.3.1/thumb/v7e-m/crtbegin.o

.jcr            0x00404fa8        0x0
 .jcr           0x00404fa8        0x0 c:/program files (x86)/atmel/studio/7.0/toolchain/arm/arm-gnu-toolchain/bin/../lib/gcc/arm-none-eabi/6.3.1/thumb/v7e-m/crtbegin.o

.igot.plt       0x00404fa8        0x0
 .igot.plt      0x00404fa8        0x0 c:/program files (x86)/atmel/studio/7.0/toolchain/arm/arm-gnu-toolchain/bin/../lib/gcc/arm-none-eabi/6.3.1/thumb/v7e-m/crtbegin.o
                0x00404fa8                . = ALIGN (0x4)
                0x00404fa8                _etext = .

.relocate       0x20000000      0x9b8 load address 0x00404fa8
                0x20000000                . = ALIGN (0x4)
                0x20000000                _srelocate = .
 *(.ramfunc .ramfunc.*)
 *(.data .data.*)
 .data.g_interrupt_enabled
                0x20000000        0x1 src/ASF/common/utils/interrupt/interrupt_sam_nvic.o
                0x20000000                g_interrupt_enabled
 *fill*         0x20000001        0x3 
 .data.SystemCoreClock
                0x20000004        0x4 src/ASF/sam/utils/cmsis/samg/samg53/source/templates/system_samg53.o
                0x20000004                SystemCoreClock
 .data._impure_ptr
                0x20000008        0x4 c:/program files (x86)/atmel/studio/7.0/toolchain/arm/arm-gnu-toolchain/bin/../lib/gcc/arm-none-eabi/6.3.1/../../../../arm-none-eabi/lib/thumb/v7e-m\libc.a(lib_a-impure.o)
                0x20000008                _impure_ptr
 *fill*         0x2000000c        0x4 
 .data.impure_data
                0x20000010      0x428 c:/program files (x86)/atmel/studio/7.0/toolchain/arm/arm-gnu-toolchain/bin/../lib/gcc/arm-none-eabi/6.3.1/../../../../arm-none-eabi/lib/thumb/v7e-m\libc.a(lib_a-impure.o)
 .data.__atexit_recursive_mutex
                0x20000438        0x4 c:/program files (x86)/atmel/studio/7.0/toolchain/arm/arm-gnu-toolchain/bin/../lib/gcc/arm-none-eabi/6.3.1/../../../../arm-none-eabi/lib/thumb/v7e-m\libc.a(lib_a-__call_atexit.o)
                0x20000438                __atexit_recursive_mutex
 .data.__global_locale
                0x2000043c      0x16c c:/program files (x86)/atmel/studio/7.0/toolchain/arm/arm-gnu-toolchain/bin/../lib/gcc/arm-none-eabi/6.3.1/../../../../arm-none-eabi/lib/thumb/v7e-m\libc.a(lib_a-locale.o)
                0x2000043c                __global_locale
 .data.__malloc_av_
                0x200005a8      0x408 c:/program files (x86)/atmel/studio/7.0/toolchain/arm/arm-gnu-toolchain/bin/../lib/gcc/arm-none-eabi/6.3.1/../../../../arm-none-eabi/lib/thumb/v7e-m\libc.a(lib_a-mallocr.o)
                0x200005a8                __malloc_av_
 .data.__malloc_sbrk_base
                0x200009b0        0x4 c:/program files (x86)/atmel/studio/7.0/toolchain/arm/arm-gnu-toolchain/bin/../lib/gcc/arm-none-eabi/6.3.1/../../../../arm-none-eabi/lib/thumb/v7e-m\libc.a(lib_a-mallocr.o)
                0x200009b0                __malloc_sbrk_base
 .data.__malloc_trim_threshold
                0x200009b4        0x4 c:/program files (x86)/atmel/studio/7.0/toolchain/arm/arm-gnu-toolchain/bin/../lib/gcc/arm-none-eabi/6.3.1/../../../../arm-none-eabi/lib/thumb/v7e-m\libc.a(lib_a-mallocr.o)
                0x200009b4                __malloc_trim_threshold
                0x200009b8                . = ALIGN (0x4)
                0x200009b8                _erelocate = .

.bss            0x200009b8       0x88 load address 0x00405960
                0x200009b8                . = ALIGN (0x4)
                0x200009b8                _sbss = .
                0x200009b8                _szero = .
 *(.bss .bss.*)
 .bss           0x200009b8       0x1c c:/program files (x86)/atmel/studio/7.0/toolchain/arm/arm-gnu-toolchain/bin/../lib/gcc/arm-none-eabi/6.3.1/thumb/v7e-m/crtbegin.o
 .bss.heap.6420
                0x200009d4        0x4 src/ASF/sam/utils/syscalls/gcc/syscalls.o
 .bss.__malloc_current_mallinfo
                0x200009d8       0x28 c:/program files (x86)/atmel/studio/7.0/toolchain/arm/arm-gnu-toolchain/bin/../lib/gcc/arm-none-eabi/6.3.1/../../../../arm-none-eabi/lib/thumb/v7e-m\libc.a(lib_a-mallocr.o)
                0x200009d8                __malloc_current_mallinfo
 .bss.__malloc_max_sbrked_mem
                0x20000a00        0x4 c:/program files (x86)/atmel/studio/7.0/toolchain/arm/arm-gnu-toolchain/bin/../lib/gcc/arm-none-eabi/6.3.1/../../../../arm-none-eabi/lib/thumb/v7e-m\libc.a(lib_a-mallocr.o)
                0x20000a00                __malloc_max_sbrked_mem
 .bss.__malloc_max_total_mem
                0x20000a04        0x4 c:/program files (x86)/atmel/studio/7.0/toolchain/arm/arm-gnu-toolchain/bin/../lib/gcc/arm-none-eabi/6.3.1/../../../../arm-none-eabi/lib/thumb/v7e-m\libc.a(lib_a-mallocr.o)
                0x20000a04                __malloc_max_total_mem
 .bss.__malloc_top_pad
                0x20000a08        0x4 c:/program files (x86)/atmel/studio/7.0/toolchain/arm/arm-gnu-toolchain/bin/../lib/gcc/arm-none-eabi/6.3.1/../../../../arm-none-eabi/lib/thumb/v7e-m\libc.a(lib_a-mallocr.o)
                0x20000a08                __malloc_top_pad
 *(COMMON)
 COMMON         0x20000a0c        0x4 src/ASF/common/utils/stdio/read.o
                0x20000a0c                ptr_get
 COMMON         0x20000a10        0x8 src/ASF/common/utils/stdio/write.o
                0x20000a10                ptr_put
                0x20000a14                stdio_base
 COMMON         0x20000a18       0x21 c:/program files (x86)/atmel/studio/7.0/toolchain/arm/arm-gnu-toolchain/bin/../lib/gcc/arm-none-eabi/6.3.1/../../../../arm-none-eabi/lib/thumb/v7e-m\libc.a(lib_a-lock.o)
                0x20000a18                __lock___atexit_recursive_mutex
                0x20000a1c                __lock___arc4random_mutex
                0x20000a20                __lock___env_recursive_mutex
                0x20000a24                __lock___sinit_recursive_mutex
                0x20000a28                __lock___malloc_recursive_mutex
                0x20000a2c                __lock___at_quick_exit_mutex
                0x20000a30                __lock___dd_hash_mutex
                0x20000a34                __lock___tz_mutex
                0x20000a38                __lock___sfp_recursive_mutex
 *fill*         0x20000a39        0x3 
 COMMON         0x20000a3c        0x4 c:/program files (x86)/atmel/studio/7.0/toolchain/arm/arm-gnu-toolchain/bin/../lib/gcc/arm-none-eabi/6.3.1/../../../../arm-none-eabi/lib/thumb/v7e-m\libc.a(lib_a-reent.o)
                0x20000a3c                errno
                0x20000a40                . = ALIGN (0x4)
                0x20000a40                _ebss = .
                0x20000a40                _ezero = .

.stack          0x20000a40     0x3000 load address 0x004059e8
                0x20000a40                . = ALIGN (0x8)
                0x20000a40                _sstack = .
                0x20003a40                . = (. + __stack_size__)
 *fill*         0x20000a40     0x3000 
                0x20003a40                . = ALIGN (0x8)
                0x20003a40                _estack = .
                0x20003a40                . = ALIGN (0x4)
                0x20003a40                _end = .
OUTPUT(stdio_uart.elf elf32-littlearm)

.ARM.attributes
                0x00000000       0x2e
 .ARM.attributes
                0x00000000       0x1e c:/program files (x86)/atmel/studio/7.0/toolchain/arm/arm-gnu-toolchain/bin/../lib/gcc/arm-none-eabi/6.3.1/thumb/v7e-m/crti.o
 .ARM.attributes
                0x0000001e       0x2e c:/program files (x86)/atmel/studio/7.0/toolchain/arm/arm-gnu-toolchain/bin/../lib/gcc/arm-none-eabi/6.3.1/thumb/v7e-m/crtbegin.o
 .ARM.attributes
                0x0000004c       0x37 src/ASF/common/utils/stdio/read.o
 .ARM.attributes
                0x00000083       0x37 src/ASF/sam/drivers/usart/usart.o
 .ARM.attributes
                0x000000ba       0x37 src/ASF/common/utils/stdio/write.o
 .ARM.attributes
                0x000000f1       0x37 src/ASF/sam/drivers/uart/uart.o
 .ARM.attributes
                0x00000128       0x37 src/ASF/common/services/clock/samg/sysclk.o
 .ARM.attributes
                0x0000015f       0x37 src/ASF/sam/drivers/pmc/pmc.o
 .ARM.attributes
                0x00000196       0x37 src/ASF/common/boards/user_board/init.o
 .ARM.attributes
                0x000001cd       0x37 src/ASF/common/utils/interrupt/interrupt_sam_nvic.o
 .ARM.attributes
                0x00000204       0x37 src/ASF/sam/utils/cmsis/samg/samg53/source/templates/exceptions.o
 .ARM.attributes
                0x0000023b       0x37 src/ASF/sam/utils/cmsis/samg/samg53/source/templates/gcc/startup_samg53.o
 .ARM.attributes
                0x00000272       0x37 src/ASF/sam/utils/cmsis/samg/samg53/source/templates/system_samg53.o
 .ARM.attributes
                0x000002a9       0x37 src/ASF/sam/utils/syscalls/gcc/syscalls.o
 .ARM.attributes
                0x000002e0       0x37 src/main.o
 .ARM.attributes
                0x00000317       0x2e c:/program files (x86)/atmel/studio/7.0/toolchain/arm/arm-gnu-toolchain/bin/../lib/gcc/arm-none-eabi/6.3.1/../../../../arm-none-eabi/lib/thumb/v7e-m\libc.a(lib_a-impure.o)
 .ARM.attributes
                0x00000345       0x2e c:/program files (x86)/atmel/studio/7.0/toolchain/arm/arm-gnu-toolchain/bin/../lib/gcc/arm-none-eabi/6.3.1/../../../../arm-none-eabi/lib/thumb/v7e-m\libc.a(lib_a-init.o)
 .ARM.attributes
                0x00000373       0x2e c:/program files (x86)/atmel/studio/7.0/toolchain/arm/arm-gnu-toolchain/bin/../lib/gcc/arm-none-eabi/6.3.1/../../../../arm-none-eabi/lib/thumb/v7e-m\libc.a(lib_a-iprintf.o)
 .ARM.attributes
                0x000003a1       0x2e c:/program files (x86)/atmel/studio/7.0/toolchain/arm/arm-gnu-toolchain/bin/../lib/gcc/arm-none-eabi/6.3.1/../../../../arm-none-eabi/lib/thumb/v7e-m\libc.a(lib_a-iscanf.o)
 .ARM.attributes
                0x000003cf       0x2e c:/program files (x86)/atmel/studio/7.0/toolchain/arm/arm-gnu-toolchain/bin/../lib/gcc/arm-none-eabi/6.3.1/../../../../arm-none-eabi/lib/thumb/v7e-m\libc.a(lib_a-memset.o)
 .ARM.attributes
                0x000003fd       0x2e c:/program files (x86)/atmel/studio/7.0/toolchain/arm/arm-gnu-toolchain/bin/../lib/gcc/arm-none-eabi/6.3.1/../../../../arm-none-eabi/lib/thumb/v7e-m\libc.a(lib_a-setbuf.o)
 .ARM.attributes
                0x0000042b       0x2e c:/program files (x86)/atmel/studio/7.0/toolchain/arm/arm-gnu-toolchain/bin/../lib/gcc/arm-none-eabi/6.3.1/../../../../arm-none-eabi/lib/thumb/v7e-m\libc.a(lib_a-setvbuf.o)
 .ARM.attributes
                0x00000459       0x2e c:/program files (x86)/atmel/studio/7.0/toolchain/arm/arm-gnu-toolchain/bin/../lib/gcc/arm-none-eabi/6.3.1/../../../../arm-none-eabi/lib/thumb/v7e-m\libc.a(lib_a-vfiprintf.o)
 .ARM.attributes
                0x00000487       0x2e c:/program files (x86)/atmel/studio/7.0/toolchain/arm/arm-gnu-toolchain/bin/../lib/gcc/arm-none-eabi/6.3.1/../../../../arm-none-eabi/lib/thumb/v7e-m\libc.a(lib_a-vfiscanf.o)
 .ARM.attributes
                0x000004b5       0x2e c:/program files (x86)/atmel/studio/7.0/toolchain/arm/arm-gnu-toolchain/bin/../lib/gcc/arm-none-eabi/6.3.1/../../../../arm-none-eabi/lib/thumb/v7e-m\libc.a(lib_a-wsetup.o)
 .ARM.attributes
                0x000004e3       0x2e c:/program files (x86)/atmel/studio/7.0/toolchain/arm/arm-gnu-toolchain/bin/../lib/gcc/arm-none-eabi/6.3.1/../../../../arm-none-eabi/lib/thumb/v7e-m\libc.a(lib_a-__call_atexit.o)
 .ARM.attributes
                0x00000511       0x2e c:/program files (x86)/atmel/studio/7.0/toolchain/arm/arm-gnu-toolchain/bin/../lib/gcc/arm-none-eabi/6.3.1/../../../../arm-none-eabi/lib/thumb/v7e-m\libc.a(lib_a-atexit.o)
 .ARM.attributes
                0x0000053f       0x2e c:/program files (x86)/atmel/studio/7.0/toolchain/arm/arm-gnu-toolchain/bin/../lib/gcc/arm-none-eabi/6.3.1/../../../../arm-none-eabi/lib/thumb/v7e-m\libc.a(lib_a-fflush.o)
 .ARM.attributes
                0x0000056d       0x2e c:/program files (x86)/atmel/studio/7.0/toolchain/arm/arm-gnu-toolchain/bin/../lib/gcc/arm-none-eabi/6.3.1/../../../../arm-none-eabi/lib/thumb/v7e-m\libc.a(lib_a-findfp.o)
 .ARM.attributes
                0x0000059b       0x2e c:/program files (x86)/atmel/studio/7.0/toolchain/arm/arm-gnu-toolchain/bin/../lib/gcc/arm-none-eabi/6.3.1/../../../../arm-none-eabi/lib/thumb/v7e-m\libc.a(lib_a-fini.o)
 .ARM.attributes
                0x000005c9       0x2e c:/program files (x86)/atmel/studio/7.0/toolchain/arm/arm-gnu-toolchain/bin/../lib/gcc/arm-none-eabi/6.3.1/../../../../arm-none-eabi/lib/thumb/v7e-m\libc.a(lib_a-fputwc.o)
 .ARM.attributes
                0x000005f7       0x2e c:/program files (x86)/atmel/studio/7.0/toolchain/arm/arm-gnu-toolchain/bin/../lib/gcc/arm-none-eabi/6.3.1/../../../../arm-none-eabi/lib/thumb/v7e-m\libc.a(lib_a-fread.o)
 .ARM.attributes
                0x00000625       0x2e c:/program files (x86)/atmel/studio/7.0/toolchain/arm/arm-gnu-toolchain/bin/../lib/gcc/arm-none-eabi/6.3.1/../../../../arm-none-eabi/lib/thumb/v7e-m\libc.a(lib_a-freer.o)
 .ARM.attributes
                0x00000653       0x2e c:/program files (x86)/atmel/studio/7.0/toolchain/arm/arm-gnu-toolchain/bin/../lib/gcc/arm-none-eabi/6.3.1/../../../../arm-none-eabi/lib/thumb/v7e-m\libc.a(lib_a-fvwrite.o)
 .ARM.attributes
                0x00000681       0x2e c:/program files (x86)/atmel/studio/7.0/toolchain/arm/arm-gnu-toolchain/bin/../lib/gcc/arm-none-eabi/6.3.1/../../../../arm-none-eabi/lib/thumb/v7e-m\libc.a(lib_a-fwalk.o)
 .ARM.attributes
                0x000006af       0x2e c:/program files (x86)/atmel/studio/7.0/toolchain/arm/arm-gnu-toolchain/bin/../lib/gcc/arm-none-eabi/6.3.1/../../../../arm-none-eabi/lib/thumb/v7e-m\libc.a(lib_a-iswspace.o)
 .ARM.attributes
                0x000006dd       0x2e c:/program files (x86)/atmel/studio/7.0/toolchain/arm/arm-gnu-toolchain/bin/../lib/gcc/arm-none-eabi/6.3.1/../../../../arm-none-eabi/lib/thumb/v7e-m\libc.a(lib_a-locale.o)
 .ARM.attributes
                0x0000070b       0x2e c:/program files (x86)/atmel/studio/7.0/toolchain/arm/arm-gnu-toolchain/bin/../lib/gcc/arm-none-eabi/6.3.1/../../../../arm-none-eabi/lib/thumb/v7e-m\libc.a(lib_a-lock.o)
 .ARM.attributes
                0x00000739       0x2e c:/program files (x86)/atmel/studio/7.0/toolchain/arm/arm-gnu-toolchain/bin/../lib/gcc/arm-none-eabi/6.3.1/../../../../arm-none-eabi/lib/thumb/v7e-m\libc.a(lib_a-makebuf.o)
 .ARM.attributes
                0x00000767       0x2e c:/program files (x86)/atmel/studio/7.0/toolchain/arm/arm-gnu-toolchain/bin/../lib/gcc/arm-none-eabi/6.3.1/../../../../arm-none-eabi/lib/thumb/v7e-m\libc.a(lib_a-malloc.o)
 .ARM.attributes
                0x00000795       0x2e c:/program files (x86)/atmel/studio/7.0/toolchain/arm/arm-gnu-toolchain/bin/../lib/gcc/arm-none-eabi/6.3.1/../../../../arm-none-eabi/lib/thumb/v7e-m\libc.a(lib_a-mallocr.o)
 .ARM.attributes
                0x000007c3       0x2e c:/program files (x86)/atmel/studio/7.0/toolchain/arm/arm-gnu-toolchain/bin/../lib/gcc/arm-none-eabi/6.3.1/../../../../arm-none-eabi/lib/thumb/v7e-m\libc.a(lib_a-mbrtowc.o)
 .ARM.attributes
                0x000007f1       0x2e c:/program files (x86)/atmel/studio/7.0/toolchain/arm/arm-gnu-toolchain/bin/../lib/gcc/arm-none-eabi/6.3.1/../../../../arm-none-eabi/lib/thumb/v7e-m\libc.a(lib_a-mbtowc_r.o)
 .ARM.attributes
                0x0000081f       0x1c c:/program files (x86)/atmel/studio/7.0/toolchain/arm/arm-gnu-toolchain/bin/../lib/gcc/arm-none-eabi/6.3.1/../../../../arm-none-eabi/lib/thumb/v7e-m\libc.a(lib_a-memchr.o)
 .ARM.attributes
                0x0000083b       0x1c c:/program files (x86)/atmel/studio/7.0/toolchain/arm/arm-gnu-toolchain/bin/../lib/gcc/arm-none-eabi/6.3.1/../../../../arm-none-eabi/lib/thumb/v7e-m\libc.a(lib_a-memcpy.o)
 .ARM.attributes
                0x00000857       0x2e c:/program files (x86)/atmel/studio/7.0/toolchain/arm/arm-gnu-toolchain/bin/../lib/gcc/arm-none-eabi/6.3.1/../../../../arm-none-eabi/lib/thumb/v7e-m\libc.a(lib_a-memmove.o)
 .ARM.attributes
                0x00000885       0x2e c:/program files (x86)/atmel/studio/7.0/toolchain/arm/arm-gnu-toolchain/bin/../lib/gcc/arm-none-eabi/6.3.1/../../../../arm-none-eabi/lib/thumb/v7e-m\libc.a(lib_a-mlock.o)
 .ARM.attributes
                0x000008b3       0x2e c:/program files (x86)/atmel/studio/7.0/toolchain/arm/arm-gnu-toolchain/bin/../lib/gcc/arm-none-eabi/6.3.1/../../../../arm-none-eabi/lib/thumb/v7e-m\libc.a(lib_a-reallocr.o)
 .ARM.attributes
                0x000008e1       0x2e c:/program files (x86)/atmel/studio/7.0/toolchain/arm/arm-gnu-toolchain/bin/../lib/gcc/arm-none-eabi/6.3.1/../../../../arm-none-eabi/lib/thumb/v7e-m\libc.a(lib_a-refill.o)
 .ARM.attributes
                0x0000090f       0x2e c:/program files (x86)/atmel/studio/7.0/toolchain/arm/arm-gnu-toolchain/bin/../lib/gcc/arm-none-eabi/6.3.1/../../../../arm-none-eabi/lib/thumb/v7e-m\libc.a(lib_a-sbrkr.o)
 .ARM.attributes
                0x0000093d       0x2e c:/program files (x86)/atmel/studio/7.0/toolchain/arm/arm-gnu-toolchain/bin/../lib/gcc/arm-none-eabi/6.3.1/../../../../arm-none-eabi/lib/thumb/v7e-m\libc.a(lib_a-sccl.o)
 .ARM.attributes
                0x0000096b       0x2e c:/program files (x86)/atmel/studio/7.0/toolchain/arm/arm-gnu-toolchain/bin/../lib/gcc/arm-none-eabi/6.3.1/../../../../arm-none-eabi/lib/thumb/v7e-m\libc.a(lib_a-stdio.o)
 .ARM.attributes
                0x00000999       0x1c c:/program files (x86)/atmel/studio/7.0/toolchain/arm/arm-gnu-toolchain/bin/../lib/gcc/arm-none-eabi/6.3.1/../../../../arm-none-eabi/lib/thumb/v7e-m\libc.a(lib_a-strlen.o)
 .ARM.attributes
                0x000009b5       0x2e c:/program files (x86)/atmel/studio/7.0/toolchain/arm/arm-gnu-toolchain/bin/../lib/gcc/arm-none-eabi/6.3.1/../../../../arm-none-eabi/lib/thumb/v7e-m\libc.a(lib_a-strtol.o)
 .ARM.attributes
                0x000009e3       0x2e c:/program files (x86)/atmel/studio/7.0/toolchain/arm/arm-gnu-toolchain/bin/../lib/gcc/arm-none-eabi/6.3.1/../../../../arm-none-eabi/lib/thumb/v7e-m\libc.a(lib_a-strtoll.o)
 .ARM.attributes
                0x00000a11       0x2e c:/program files (x86)/atmel/studio/7.0/toolchain/arm/arm-gnu-toolchain/bin/../lib/gcc/arm-none-eabi/6.3.1/../../../../arm-none-eabi/lib/thumb/v7e-m\libc.a(lib_a-strtoul.o)
 .ARM.attributes
                0x00000a3f       0x2e c:/program files (x86)/atmel/studio/7.0/toolchain/arm/arm-gnu-toolchain/bin/../lib/gcc/arm-none-eabi/6.3.1/../../../../arm-none-eabi/lib/thumb/v7e-m\libc.a(lib_a-strtoull.o)
 .ARM.attributes
                0x00000a6d       0x2e c:/program files (x86)/atmel/studio/7.0/toolchain/arm/arm-gnu-toolchain/bin/../lib/gcc/arm-none-eabi/6.3.1/../../../../arm-none-eabi/lib/thumb/v7e-m\libc.a(lib_a-ungetc.o)
 .ARM.attributes
                0x00000a9b       0x2e c:/program files (x86)/atmel/studio/7.0/toolchain/arm/arm-gnu-toolchain/bin/../lib/gcc/arm-none-eabi/6.3.1/../../../../arm-none-eabi/lib/thumb/v7e-m\libc.a(lib_a-wbuf.o)
 .ARM.attributes
                0x00000ac9       0x2e c:/program files (x86)/atmel/studio/7.0/toolchain/arm/arm-gnu-toolchain/bin/../lib/gcc/arm-none-eabi/6.3.1/../../../../arm-none-eabi/lib/thumb/v7e-m\libc.a(lib_a-wcrtomb.o)
 .ARM.attributes
                0x00000af7       0x2e c:/program files (x86)/atmel/studio/7.0/toolchain/arm/arm-gnu-toolchain/bin/../lib/gcc/arm-none-eabi/6.3.1/../../../../arm-none-eabi/lib/thumb/v7e-m\libc.a(lib_a-wctomb_r.o)
 .ARM.attributes
                0x00000b25       0x2e c:/program files (x86)/atmel/studio/7.0/toolchain/arm/arm-gnu-toolchain/bin/../lib/gcc/arm-none-eabi/6.3.1/../../../../arm-none-eabi/lib/thumb/v7e-m\libc.a(lib_a-writer.o)
 .ARM.attributes
                0x00000b53       0x2e c:/program files (x86)/atmel/studio/7.0/toolchain/arm/arm-gnu-toolchain/bin/../lib/gcc/arm-none-eabi/6.3.1/../../../../arm-none-eabi/lib/thumb/v7e-m\libc.a(lib_a-__atexit.o)
 .ARM.attributes
                0x00000b81       0x2e c:/program files (x86)/atmel/studio/7.0/toolchain/arm/arm-gnu-toolchain/bin/../lib/gcc/arm-none-eabi/6.3.1/../../../../arm-none-eabi/lib/thumb/v7e-m\libc.a(lib_a-closer.o)
 .ARM.attributes
                0x00000baf       0x2e c:/program files (x86)/atmel/studio/7.0/toolchain/arm/arm-gnu-toolchain/bin/../lib/gcc/arm-none-eabi/6.3.1/../../../../arm-none-eabi/lib/thumb/v7e-m\libc.a(lib_a-ctype_.o)
 .ARM.attributes
                0x00000bdd       0x2e c:/program files (x86)/atmel/studio/7.0/toolchain/arm/arm-gnu-toolchain/bin/../lib/gcc/arm-none-eabi/6.3.1/../../../../arm-none-eabi/lib/thumb/v7e-m\libc.a(lib_a-fclose.o)
 .ARM.attributes
                0x00000c0b       0x2e c:/program files (x86)/atmel/studio/7.0/toolchain/arm/arm-gnu-toolchain/bin/../lib/gcc/arm-none-eabi/6.3.1/../../../../arm-none-eabi/lib/thumb/v7e-m\libc.a(lib_a-fstatr.o)
 .ARM.attributes
                0x00000c39       0x2e c:/program files (x86)/atmel/studio/7.0/toolchain/arm/arm-gnu-toolchain/bin/../lib/gcc/arm-none-eabi/6.3.1/../../../../arm-none-eabi/lib/thumb/v7e-m\libc.a(lib_a-isattyr.o)
 .ARM.attributes
                0x00000c67       0x2e c:/program files (x86)/atmel/studio/7.0/toolchain/arm/arm-gnu-toolchain/bin/../lib/gcc/arm-none-eabi/6.3.1/../../../../arm-none-eabi/lib/thumb/v7e-m\libc.a(lib_a-lseekr.o)
 .ARM.attributes
                0x00000c95       0x2e c:/program files (x86)/atmel/studio/7.0/toolchain/arm/arm-gnu-toolchain/bin/../lib/gcc/arm-none-eabi/6.3.1/../../../../arm-none-eabi/lib/thumb/v7e-m\libc.a(lib_a-readr.o)
 .ARM.attributes
                0x00000cc3       0x2e c:/program files (x86)/atmel/studio/7.0/toolchain/arm/arm-gnu-toolchain/bin/../lib/gcc/arm-none-eabi/6.3.1/../../../../arm-none-eabi/lib/thumb/v7e-m\libc.a(lib_a-reent.o)
 .ARM.attributes
                0x00000cf1       0x1e c:/program files (x86)/atmel/studio/7.0/toolchain/arm/arm-gnu-toolchain/bin/../lib/gcc/arm-none-eabi/6.3.1/thumb/v7e-m\libgcc.a(_aeabi_uldivmod.o)
 .ARM.attributes
                0x00000d0f       0x2e c:/program files (x86)/atmel/studio/7.0/toolchain/arm/arm-gnu-toolchain/bin/../lib/gcc/arm-none-eabi/6.3.1/thumb/v7e-m\libgcc.a(_udivmoddi4.o)
 .ARM.attributes
                0x00000d3d       0x1e c:/program files (x86)/atmel/studio/7.0/toolchain/arm/arm-gnu-toolchain/bin/../lib/gcc/arm-none-eabi/6.3.1/thumb/v7e-m\libgcc.a(_dvmd_tls.o)
 .ARM.attributes
                0x00000d5b       0x1e c:/program files (x86)/atmel/studio/7.0/toolchain/arm/arm-gnu-toolchain/bin/../lib/gcc/arm-none-eabi/6.3.1/thumb/v7e-m/crtn.o

.comment        0x00000000       0x59
 .comment       0x00000000       0x59 src/ASF/common/utils/stdio/read.o
                                 0x5a (size before relaxing)
 .comment       0x00000059       0x5a src/ASF/sam/drivers/usart/usart.o
 .comment       0x00000059       0x5a src/ASF/common/utils/stdio/write.o
 .comment       0x00000059       0x5a src/ASF/sam/drivers/uart/uart.o
 .comment       0x00000059       0x5a src/ASF/common/services/clock/samg/sysclk.o
 .comment       0x00000059       0x5a src/ASF/sam/drivers/pmc/pmc.o
 .comment       0x00000059       0x5a src/ASF/common/boards/user_board/init.o
 .comment       0x00000059       0x5a src/ASF/common/utils/interrupt/interrupt_sam_nvic.o
 .comment       0x00000059       0x5a src/ASF/sam/utils/cmsis/samg/samg53/source/templates/exceptions.o
 .comment       0x00000059       0x5a src/ASF/sam/utils/cmsis/samg/samg53/source/templates/gcc/startup_samg53.o
 .comment       0x00000059       0x5a src/ASF/sam/utils/cmsis/samg/samg53/source/templates/system_samg53.o
 .comment       0x00000059       0x5a src/ASF/sam/utils/syscalls/gcc/syscalls.o
 .comment       0x00000059       0x5a src/main.o

.debug_info     0x00000000     0xc09b
 .debug_info    0x00000000      0xac9 src/ASF/common/utils/stdio/read.o
 .debug_info    0x00000ac9     0x1d94 src/ASF/sam/drivers/usart/usart.o
 .debug_info    0x0000285d      0xac6 src/ASF/common/utils/stdio/write.o
 .debug_info    0x00003323     0x126d src/ASF/sam/drivers/uart/uart.o
 .debug_info    0x00004590     0x1063 src/ASF/common/services/clock/samg/sysclk.o
 .debug_info    0x000055f3     0x1933 src/ASF/sam/drivers/pmc/pmc.o
 .debug_info    0x00006f26     0x113e src/ASF/common/boards/user_board/init.o
 .debug_info    0x00008064      0xb01 src/ASF/common/utils/interrupt/interrupt_sam_nvic.o
 .debug_info    0x00008b65       0xdc src/ASF/sam/utils/cmsis/samg/samg53/source/templates/exceptions.o
 .debug_info    0x00008c41      0xebe src/ASF/sam/utils/cmsis/samg/samg53/source/templates/gcc/startup_samg53.o
 .debug_info    0x00009aff      0x490 src/ASF/sam/utils/cmsis/samg/samg53/source/templates/system_samg53.o
 .debug_info    0x00009f8f      0xdb0 src/ASF/sam/utils/syscalls/gcc/syscalls.o
 .debug_info    0x0000ad3f     0x135c src/main.o

.debug_abbrev   0x00000000     0x1f6c
 .debug_abbrev  0x00000000      0x1fe src/ASF/common/utils/stdio/read.o
 .debug_abbrev  0x000001fe      0x406 src/ASF/sam/drivers/usart/usart.o
 .debug_abbrev  0x00000604      0x1e9 src/ASF/common/utils/stdio/write.o
 .debug_abbrev  0x000007ed      0x297 src/ASF/sam/drivers/uart/uart.o
 .debug_abbrev  0x00000a84      0x313 src/ASF/common/services/clock/samg/sysclk.o
 .debug_abbrev  0x00000d97      0x35c src/ASF/sam/drivers/pmc/pmc.o
 .debug_abbrev  0x000010f3      0x292 src/ASF/common/boards/user_board/init.o
 .debug_abbrev  0x00001385      0x212 src/ASF/common/utils/interrupt/interrupt_sam_nvic.o
 .debug_abbrev  0x00001597       0x7d src/ASF/sam/utils/cmsis/samg/samg53/source/templates/exceptions.o
 .debug_abbrev  0x00001614      0x2ae src/ASF/sam/utils/cmsis/samg/samg53/source/templates/gcc/startup_samg53.o
 .debug_abbrev  0x000018c2      0x102 src/ASF/sam/utils/cmsis/samg/samg53/source/templates/system_samg53.o
 .debug_abbrev  0x000019c4      0x264 src/ASF/sam/utils/syscalls/gcc/syscalls.o
 .debug_abbrev  0x00001c28      0x344 src/main.o

.debug_loc      0x00000000     0x211d
 .debug_loc     0x00000000       0xb3 src/ASF/common/utils/stdio/read.o
 .debug_loc     0x000000b3      0xc99 src/ASF/sam/drivers/usart/usart.o
 .debug_loc     0x00000d4c      0x12b src/ASF/common/utils/stdio/write.o
 .debug_loc     0x00000e77      0x2f5 src/ASF/sam/drivers/uart/uart.o
 .debug_loc     0x0000116c      0x102 src/ASF/common/services/clock/samg/sysclk.o
 .debug_loc     0x0000126e      0xa10 src/ASF/sam/drivers/pmc/pmc.o
 .debug_loc     0x00001c7e       0x9c src/ASF/common/boards/user_board/init.o
 .debug_loc     0x00001d1a       0x77 src/ASF/sam/utils/cmsis/samg/samg53/source/templates/gcc/startup_samg53.o
 .debug_loc     0x00001d91       0xfd src/ASF/sam/utils/syscalls/gcc/syscalls.o
 .debug_loc     0x00001e8e      0x28f src/main.o

.debug_aranges  0x00000000      0x640
 .debug_aranges
                0x00000000       0x20 src/ASF/common/utils/stdio/read.o
 .debug_aranges
                0x00000020      0x1b8 src/ASF/sam/drivers/usart/usart.o
 .debug_aranges
                0x000001d8       0x20 src/ASF/common/utils/stdio/write.o
 .debug_aranges
                0x000001f8       0xf8 src/ASF/sam/drivers/uart/uart.o
 .debug_aranges
                0x000002f0       0x30 src/ASF/common/services/clock/samg/sysclk.o
 .debug_aranges
                0x00000320      0x1d8 src/ASF/sam/drivers/pmc/pmc.o
 .debug_aranges
                0x000004f8       0x20 src/ASF/common/boards/user_board/init.o
 .debug_aranges
                0x00000518       0x28 src/ASF/common/utils/interrupt/interrupt_sam_nvic.o
 .debug_aranges
                0x00000540       0x20 src/ASF/sam/utils/cmsis/samg/samg53/source/templates/exceptions.o
 .debug_aranges
                0x00000560       0x20 src/ASF/sam/utils/cmsis/samg/samg53/source/templates/gcc/startup_samg53.o
 .debug_aranges
                0x00000580       0x30 src/ASF/sam/utils/cmsis/samg/samg53/source/templates/system_samg53.o
 .debug_aranges
                0x000005b0       0x60 src/ASF/sam/utils/syscalls/gcc/syscalls.o
 .debug_aranges
                0x00000610       0x30 src/main.o

.debug_ranges   0x00000000      0x570
 .debug_ranges  0x00000000       0x10 src/ASF/common/utils/stdio/read.o
 .debug_ranges  0x00000010      0x1a8 src/ASF/sam/drivers/usart/usart.o
 .debug_ranges  0x000001b8       0x10 src/ASF/common/utils/stdio/write.o
 .debug_ranges  0x000001c8       0xe8 src/ASF/sam/drivers/uart/uart.o
 .debug_ranges  0x000002b0       0x20 src/ASF/common/services/clock/samg/sysclk.o
 .debug_ranges  0x000002d0      0x1c8 src/ASF/sam/drivers/pmc/pmc.o
 .debug_ranges  0x00000498       0x10 src/ASF/common/boards/user_board/init.o
 .debug_ranges  0x000004a8       0x18 src/ASF/common/utils/interrupt/interrupt_sam_nvic.o
 .debug_ranges  0x000004c0       0x10 src/ASF/sam/utils/cmsis/samg/samg53/source/templates/exceptions.o
 .debug_ranges  0x000004d0       0x10 src/ASF/sam/utils/cmsis/samg/samg53/source/templates/gcc/startup_samg53.o
 .debug_ranges  0x000004e0       0x20 src/ASF/sam/utils/cmsis/samg/samg53/source/templates/system_samg53.o
 .debug_ranges  0x00000500       0x50 src/ASF/sam/utils/syscalls/gcc/syscalls.o
 .debug_ranges  0x00000550       0x20 src/main.o

.debug_macro    0x00000000     0xf570
 .debug_macro   0x00000000      0x4b6 src/ASF/common/utils/stdio/read.o
 .debug_macro   0x000004b6      0x8c8 src/ASF/common/utils/stdio/read.o
 .debug_macro   0x00000d7e      0x16d src/ASF/common/utils/stdio/read.o
 .debug_macro   0x00000eeb      0x64b src/ASF/common/utils/stdio/read.o
 .debug_macro   0x00001536       0x76 src/ASF/common/utils/stdio/read.o
 .debug_macro   0x000015ac       0x16 src/ASF/common/utils/stdio/read.o
 .debug_macro   0x000015c2      0x6e4 src/ASF/common/utils/stdio/read.o
 .debug_macro   0x00001ca6       0x22 src/ASF/common/utils/stdio/read.o
 .debug_macro   0x00001cc8       0x87 src/ASF/common/utils/stdio/read.o
 .debug_macro   0x00001d4f       0x51 src/ASF/common/utils/stdio/read.o
 .debug_macro   0x00001da0       0xef src/ASF/common/utils/stdio/read.o
 .debug_macro   0x00001e8f       0x6a src/ASF/common/utils/stdio/read.o
 .debug_macro   0x00001ef9      0x1df src/ASF/common/utils/stdio/read.o
 .debug_macro   0x000020d8       0x27 src/ASF/common/utils/stdio/read.o
 .debug_macro   0x000020ff       0x3b src/ASF/common/utils/stdio/read.o
 .debug_macro   0x0000213a       0x2d src/ASF/common/utils/stdio/read.o
 .debug_macro   0x00002167       0x26 src/ASF/common/utils/stdio/read.o
 .debug_macro   0x0000218d      0xd39 src/ASF/common/utils/stdio/read.o
 .debug_macro   0x00002ec6      0x6b6 src/ASF/common/utils/stdio/read.o
 .debug_macro   0x0000357c      0x197 src/ASF/common/utils/stdio/read.o
 .debug_macro   0x00003713      0x106 src/ASF/common/utils/stdio/read.o
 .debug_macro   0x00003819       0x1c src/ASF/common/utils/stdio/read.o
 .debug_macro   0x00003835      0x3bf src/ASF/common/utils/stdio/read.o
 .debug_macro   0x00003bf4      0x22d src/ASF/common/utils/stdio/read.o
 .debug_macro   0x00003e21      0x15e src/ASF/common/utils/stdio/read.o
 .debug_macro   0x00003f7f       0xee src/ASF/common/utils/stdio/read.o
 .debug_macro   0x0000406d      0x1ff src/ASF/common/utils/stdio/read.o
 .debug_macro   0x0000426c     0x25e6 src/ASF/common/utils/stdio/read.o
 .debug_macro   0x00006852      0x8dc src/ASF/common/utils/stdio/read.o
 .debug_macro   0x0000712e       0x9a src/ASF/common/utils/stdio/read.o
 .debug_macro   0x000071c8      0x34e src/ASF/common/utils/stdio/read.o
 .debug_macro   0x00007516       0x64 src/ASF/common/utils/stdio/read.o
 .debug_macro   0x0000757a      0x3be src/ASF/common/utils/stdio/read.o
 .debug_macro   0x00007938      0x16c src/ASF/common/utils/stdio/read.o
 .debug_macro   0x00007aa4      0x5c6 src/ASF/common/utils/stdio/read.o
 .debug_macro   0x0000806a      0x3ce src/ASF/common/utils/stdio/read.o
 .debug_macro   0x00008438      0x632 src/ASF/common/utils/stdio/read.o
 .debug_macro   0x00008a6a      0x360 src/ASF/common/utils/stdio/read.o
 .debug_macro   0x00008dca      0x5a3 src/ASF/common/utils/stdio/read.o
 .debug_macro   0x0000936d       0x76 src/ASF/common/utils/stdio/read.o
 .debug_macro   0x000093e3       0x82 src/ASF/common/utils/stdio/read.o
 .debug_macro   0x00009465       0x82 src/ASF/common/utils/stdio/read.o
 .debug_macro   0x000094e7       0x88 src/ASF/common/utils/stdio/read.o
 .debug_macro   0x0000956f      0x10d src/ASF/common/utils/stdio/read.o
 .debug_macro   0x0000967c       0xe2 src/ASF/common/utils/stdio/read.o
 .debug_macro   0x0000975e       0xac src/ASF/common/utils/stdio/read.o
 .debug_macro   0x0000980a       0x94 src/ASF/common/utils/stdio/read.o
 .debug_macro   0x0000989e       0xa6 src/ASF/common/utils/stdio/read.o
 .debug_macro   0x00009944       0x6a src/ASF/common/utils/stdio/read.o
 .debug_macro   0x000099ae       0x70 src/ASF/common/utils/stdio/read.o
 .debug_macro   0x00009a1e       0x70 src/ASF/common/utils/stdio/read.o
 .debug_macro   0x00009a8e       0xa0 src/ASF/common/utils/stdio/read.o
 .debug_macro   0x00009b2e       0x94 src/ASF/common/utils/stdio/read.o
 .debug_macro   0x00009bc2       0x40 src/ASF/common/utils/stdio/read.o
 .debug_macro   0x00009c02       0xa6 src/ASF/common/utils/stdio/read.o
 .debug_macro   0x00009ca8       0x88 src/ASF/common/utils/stdio/read.o
 .debug_macro   0x00009d30       0x16 src/ASF/common/utils/stdio/read.o
 .debug_macro   0x00009d46       0x88 src/ASF/common/utils/stdio/read.o
 .debug_macro   0x00009dce       0x22 src/ASF/common/utils/stdio/read.o
 .debug_macro   0x00009df0      0x12d src/ASF/common/utils/stdio/read.o
 .debug_macro   0x00009f1d      0x12d src/ASF/common/utils/stdio/read.o
 .debug_macro   0x0000a04a       0x1c src/ASF/common/utils/stdio/read.o
 .debug_macro   0x0000a066       0x22 src/ASF/common/utils/stdio/read.o
 .debug_macro   0x0000a088       0x22 src/ASF/common/utils/stdio/read.o
 .debug_macro   0x0000a0aa       0x1c src/ASF/common/utils/stdio/read.o
 .debug_macro   0x0000a0c6       0x52 src/ASF/common/utils/stdio/read.o
 .debug_macro   0x0000a118       0x10 src/ASF/common/utils/stdio/read.o
 .debug_macro   0x0000a128      0x1f5 src/ASF/common/utils/stdio/read.o
 .debug_macro   0x0000a31d      0x394 src/ASF/common/utils/stdio/read.o
 .debug_macro   0x0000a6b1       0xba src/ASF/common/utils/stdio/read.o
 .debug_macro   0x0000a76b       0x58 src/ASF/common/utils/stdio/read.o
 .debug_macro   0x0000a7c3       0x35 src/ASF/common/utils/stdio/read.o
 .debug_macro   0x0000a7f8       0x9c src/ASF/common/utils/stdio/read.o
 .debug_macro   0x0000a894       0x16 src/ASF/common/utils/stdio/read.o
 .debug_macro   0x0000a8aa       0x35 src/ASF/common/utils/stdio/read.o
 .debug_macro   0x0000a8df      0x353 src/ASF/common/utils/stdio/read.o
 .debug_macro   0x0000ac32       0x10 src/ASF/common/utils/stdio/read.o
 .debug_macro   0x0000ac42       0x58 src/ASF/common/utils/stdio/read.o
 .debug_macro   0x0000ac9a       0x1f src/ASF/common/utils/stdio/read.o
 .debug_macro   0x0000acb9       0x43 src/ASF/common/utils/stdio/read.o
 .debug_macro   0x0000acfc       0x20 src/ASF/common/utils/stdio/read.o
 .debug_macro   0x0000ad1c      0x187 src/ASF/common/utils/stdio/read.o
 .debug_macro   0x0000aea3       0x10 src/ASF/common/utils/stdio/read.o
 .debug_macro   0x0000aeb3       0x1c src/ASF/common/utils/stdio/read.o
 .debug_macro   0x0000aecf       0x52 src/ASF/common/utils/stdio/read.o
 .debug_macro   0x0000af21       0x40 src/ASF/common/utils/stdio/read.o
 .debug_macro   0x0000af61       0x10 src/ASF/common/utils/stdio/read.o
 .debug_macro   0x0000af71       0x40 src/ASF/common/utils/stdio/read.o
 .debug_macro   0x0000afb1       0xd7 src/ASF/common/utils/stdio/read.o
 .debug_macro   0x0000b088       0x16 src/ASF/common/utils/stdio/read.o
 .debug_macro   0x0000b09e      0x18b src/ASF/common/utils/stdio/read.o
 .debug_macro   0x0000b229       0x22 src/ASF/common/utils/stdio/read.o
 .debug_macro   0x0000b24b       0x16 src/ASF/common/utils/stdio/read.o
 .debug_macro   0x0000b261       0x16 src/ASF/common/utils/stdio/read.o
 .debug_macro   0x0000b277       0x29 src/ASF/common/utils/stdio/read.o
 .debug_macro   0x0000b2a0       0x75 src/ASF/common/utils/stdio/read.o
 .debug_macro   0x0000b315       0x3f src/ASF/common/utils/stdio/read.o
 .debug_macro   0x0000b354      0x3ca src/ASF/common/utils/stdio/read.o
 .debug_macro   0x0000b71e      0x4fb src/ASF/sam/drivers/usart/usart.o
 .debug_macro   0x0000bc19       0x28 src/ASF/sam/drivers/usart/usart.o
 .debug_macro   0x0000bc41      0x4b6 src/ASF/common/utils/stdio/write.o
 .debug_macro   0x0000c0f7      0x4c5 src/ASF/sam/drivers/uart/uart.o
 .debug_macro   0x0000c5bc       0x16 src/ASF/sam/drivers/uart/uart.o
 .debug_macro   0x0000c5d2      0x543 src/ASF/common/services/clock/samg/sysclk.o
 .debug_macro   0x0000cb15      0x2c0 src/ASF/common/services/clock/samg/sysclk.o
 .debug_macro   0x0000cdd5       0x9a src/ASF/common/services/clock/samg/sysclk.o
 .debug_macro   0x0000ce6f      0x4cb src/ASF/sam/drivers/pmc/pmc.o
 .debug_macro   0x0000d33a       0x52 src/ASF/sam/drivers/pmc/pmc.o
 .debug_macro   0x0000d38c      0x5bf src/ASF/common/boards/user_board/init.o
 .debug_macro   0x0000d94b       0x82 src/ASF/common/boards/user_board/init.o
 .debug_macro   0x0000d9cd       0x16 src/ASF/common/boards/user_board/init.o
 .debug_macro   0x0000d9e3      0x4b6 src/ASF/common/utils/interrupt/interrupt_sam_nvic.o
 .debug_macro   0x0000de99      0x2bd src/ASF/sam/utils/cmsis/samg/samg53/source/templates/exceptions.o
 .debug_macro   0x0000e156      0x4dd src/ASF/sam/utils/cmsis/samg/samg53/source/templates/gcc/startup_samg53.o
 .debug_macro   0x0000e633       0x10 src/ASF/sam/utils/cmsis/samg/samg53/source/templates/gcc/startup_samg53.o
 .debug_macro   0x0000e643      0x2cf src/ASF/sam/utils/cmsis/samg/samg53/source/templates/system_samg53.o
 .debug_macro   0x0000e912       0x2d src/ASF/sam/utils/cmsis/samg/samg53/source/templates/system_samg53.o
 .debug_macro   0x0000e93f      0x1d6 src/ASF/sam/utils/syscalls/gcc/syscalls.o
 .debug_macro   0x0000eb15       0x52 src/ASF/sam/utils/syscalls/gcc/syscalls.o
 .debug_macro   0x0000eb67       0x8d src/ASF/sam/utils/syscalls/gcc/syscalls.o
 .debug_macro   0x0000ebf4       0x57 src/ASF/sam/utils/syscalls/gcc/syscalls.o
 .debug_macro   0x0000ec4b       0x97 src/ASF/sam/utils/syscalls/gcc/syscalls.o
 .debug_macro   0x0000ece2       0xf6 src/ASF/sam/utils/syscalls/gcc/syscalls.o
 .debug_macro   0x0000edd8       0x4c src/ASF/sam/utils/syscalls/gcc/syscalls.o
 .debug_macro   0x0000ee24       0x16 src/ASF/sam/utils/syscalls/gcc/syscalls.o
 .debug_macro   0x0000ee3a       0x10 src/ASF/sam/utils/syscalls/gcc/syscalls.o
 .debug_macro   0x0000ee4a       0x10 src/ASF/sam/utils/syscalls/gcc/syscalls.o
 .debug_macro   0x0000ee5a       0x35 src/ASF/sam/utils/syscalls/gcc/syscalls.o
 .debug_macro   0x0000ee8f      0x122 src/ASF/sam/utils/syscalls/gcc/syscalls.o
 .debug_macro   0x0000efb1      0x5bf src/main.o

.debug_line     0x00000000     0x8e89
 .debug_line    0x00000000      0xa3c src/ASF/common/utils/stdio/read.o
 .debug_line    0x00000a3c      0xee0 src/ASF/sam/drivers/usart/usart.o
 .debug_line    0x0000191c      0xa34 src/ASF/common/utils/stdio/write.o
 .debug_line    0x00002350      0xc18 src/ASF/sam/drivers/uart/uart.o
 .debug_line    0x00002f68      0xbc1 src/ASF/common/services/clock/samg/sysclk.o
 .debug_line    0x00003b29      0xf3e src/ASF/sam/drivers/pmc/pmc.o
 .debug_line    0x00004a67      0xd60 src/ASF/common/boards/user_board/init.o
 .debug_line    0x000057c7      0xa56 src/ASF/common/utils/interrupt/interrupt_sam_nvic.o
 .debug_line    0x0000621d      0x7b8 src/ASF/sam/utils/cmsis/samg/samg53/source/templates/exceptions.o
 .debug_line    0x000069d5      0xacf src/ASF/sam/utils/cmsis/samg/samg53/source/templates/gcc/startup_samg53.o
 .debug_line    0x000074a4      0x804 src/ASF/sam/utils/cmsis/samg/samg53/source/templates/system_samg53.o
 .debug_line    0x00007ca8      0x40b src/ASF/sam/utils/syscalls/gcc/syscalls.o
 .debug_line    0x000080b3      0xdd6 src/main.o

.debug_str      0x00000000    0x40ae1
 .debug_str     0x00000000    0x3cd35 src/ASF/common/utils/stdio/read.o
                              0x3d08d (size before relaxing)
 .debug_str     0x0003cd35      0x8c0 src/ASF/sam/drivers/usart/usart.o
                              0x3d932 (size before relaxing)
 .debug_str     0x0003d5f5       0x2e src/ASF/common/utils/stdio/write.o
                              0x3d08e (size before relaxing)
 .debug_str     0x0003d623      0x3b8 src/ASF/sam/drivers/uart/uart.o
                              0x3d4c9 (size before relaxing)
 .debug_str     0x0003d9db     0x16fc src/ASF/common/services/clock/samg/sysclk.o
                              0x3e7b9 (size before relaxing)
 .debug_str     0x0003f0d7      0x637 src/ASF/sam/drivers/pmc/pmc.o
                              0x3da6b (size before relaxing)
 .debug_str     0x0003f70e      0x754 src/ASF/common/boards/user_board/init.o
                              0x3ed3b (size before relaxing)
 .debug_str     0x0003fe62       0x94 src/ASF/common/utils/interrupt/interrupt_sam_nvic.o
                              0x3d0e4 (size before relaxing)
 .debug_str     0x0003fef6       0x53 src/ASF/sam/utils/cmsis/samg/samg53/source/templates/exceptions.o
                              0x2d68d (size before relaxing)
 .debug_str     0x0003ff49      0x17d src/ASF/sam/utils/cmsis/samg/samg53/source/templates/gcc/startup_samg53.o
                              0x3d2e6 (size before relaxing)
 .debug_str     0x000400c6      0x189 src/ASF/sam/utils/cmsis/samg/samg53/source/templates/system_samg53.o
                              0x2d949 (size before relaxing)
 .debug_str     0x0004024f      0x774 src/ASF/sam/utils/syscalls/gcc/syscalls.o
                               0x745f (size before relaxing)
 .debug_str     0x000409c3      0x11e src/main.o
                              0x3ee21 (size before relaxing)

.debug_frame    0x00000000     0x1eac
 .debug_frame   0x00000000       0x30 src/ASF/common/utils/stdio/read.o
 .debug_frame   0x00000030      0x3d4 src/ASF/sam/drivers/usart/usart.o
 .debug_frame   0x00000404       0x48 src/ASF/common/utils/stdio/write.o
 .debug_frame   0x0000044c      0x1dc src/ASF/sam/drivers/uart/uart.o
 .debug_frame   0x00000628       0x58 src/ASF/common/services/clock/samg/sysclk.o
 .debug_frame   0x00000680      0x3a4 src/ASF/sam/drivers/pmc/pmc.o
 .debug_frame   0x00000a24       0x28 src/ASF/common/boards/user_board/init.o
 .debug_frame   0x00000a4c       0x30 src/ASF/common/utils/interrupt/interrupt_sam_nvic.o
 .debug_frame   0x00000a7c       0x20 src/ASF/sam/utils/cmsis/samg/samg53/source/templates/exceptions.o
 .debug_frame   0x00000a9c       0x28 src/ASF/sam/utils/cmsis/samg/samg53/source/templates/gcc/startup_samg53.o
 .debug_frame   0x00000ac4       0x40 src/ASF/sam/utils/cmsis/samg/samg53/source/templates/system_samg53.o
 .debug_frame   0x00000b04       0xa0 src/ASF/sam/utils/syscalls/gcc/syscalls.o
 .debug_frame   0x00000ba4       0x68 src/main.o
 .debug_frame   0x00000c0c       0x2c c:/program files (x86)/atmel/studio/7.0/toolchain/arm/arm-gnu-toolchain/bin/../lib/gcc/arm-none-eabi/6.3.1/../../../../arm-none-eabi/lib/thumb/v7e-m\libc.a(lib_a-init.o)
 .debug_frame   0x00000c38       0x74 c:/program files (x86)/atmel/studio/7.0/toolchain/arm/arm-gnu-toolchain/bin/../lib/gcc/arm-none-eabi/6.3.1/../../../../arm-none-eabi/lib/thumb/v7e-m\libc.a(lib_a-iprintf.o)
 .debug_frame   0x00000cac       0x74 c:/program files (x86)/atmel/studio/7.0/toolchain/arm/arm-gnu-toolchain/bin/../lib/gcc/arm-none-eabi/6.3.1/../../../../arm-none-eabi/lib/thumb/v7e-m\libc.a(lib_a-iscanf.o)
 .debug_frame   0x00000d20       0x34 c:/program files (x86)/atmel/studio/7.0/toolchain/arm/arm-gnu-toolchain/bin/../lib/gcc/arm-none-eabi/6.3.1/../../../../arm-none-eabi/lib/thumb/v7e-m\libc.a(lib_a-memset.o)
 .debug_frame   0x00000d54       0x20 c:/program files (x86)/atmel/studio/7.0/toolchain/arm/arm-gnu-toolchain/bin/../lib/gcc/arm-none-eabi/6.3.1/../../../../arm-none-eabi/lib/thumb/v7e-m\libc.a(lib_a-setbuf.o)
 .debug_frame   0x00000d74       0x48 c:/program files (x86)/atmel/studio/7.0/toolchain/arm/arm-gnu-toolchain/bin/../lib/gcc/arm-none-eabi/6.3.1/../../../../arm-none-eabi/lib/thumb/v7e-m\libc.a(lib_a-setvbuf.o)
 .debug_frame   0x00000dbc       0xd8 c:/program files (x86)/atmel/studio/7.0/toolchain/arm/arm-gnu-toolchain/bin/../lib/gcc/arm-none-eabi/6.3.1/../../../../arm-none-eabi/lib/thumb/v7e-m\libc.a(lib_a-vfiprintf.o)
 .debug_frame   0x00000e94       0xbc c:/program files (x86)/atmel/studio/7.0/toolchain/arm/arm-gnu-toolchain/bin/../lib/gcc/arm-none-eabi/6.3.1/../../../../arm-none-eabi/lib/thumb/v7e-m\libc.a(lib_a-vfiscanf.o)
 .debug_frame   0x00000f50       0x2c c:/program files (x86)/atmel/studio/7.0/toolchain/arm/arm-gnu-toolchain/bin/../lib/gcc/arm-none-eabi/6.3.1/../../../../arm-none-eabi/lib/thumb/v7e-m\libc.a(lib_a-wsetup.o)
 .debug_frame   0x00000f7c       0x5c c:/program files (x86)/atmel/studio/7.0/toolchain/arm/arm-gnu-toolchain/bin/../lib/gcc/arm-none-eabi/6.3.1/../../../../arm-none-eabi/lib/thumb/v7e-m\libc.a(lib_a-__call_atexit.o)
 .debug_frame   0x00000fd8       0x20 c:/program files (x86)/atmel/studio/7.0/toolchain/arm/arm-gnu-toolchain/bin/../lib/gcc/arm-none-eabi/6.3.1/../../../../arm-none-eabi/lib/thumb/v7e-m\libc.a(lib_a-atexit.o)
 .debug_frame   0x00000ff8       0x5c c:/program files (x86)/atmel/studio/7.0/toolchain/arm/arm-gnu-toolchain/bin/../lib/gcc/arm-none-eabi/6.3.1/../../../../arm-none-eabi/lib/thumb/v7e-m\libc.a(lib_a-fflush.o)
 .debug_frame   0x00001054      0x148 c:/program files (x86)/atmel/studio/7.0/toolchain/arm/arm-gnu-toolchain/bin/../lib/gcc/arm-none-eabi/6.3.1/../../../../arm-none-eabi/lib/thumb/v7e-m\libc.a(lib_a-findfp.o)
 .debug_frame   0x0000119c       0x34 c:/program files (x86)/atmel/studio/7.0/toolchain/arm/arm-gnu-toolchain/bin/../lib/gcc/arm-none-eabi/6.3.1/../../../../arm-none-eabi/lib/thumb/v7e-m\libc.a(lib_a-fini.o)
 .debug_frame   0x000011d0       0x94 c:/program files (x86)/atmel/studio/7.0/toolchain/arm/arm-gnu-toolchain/bin/../lib/gcc/arm-none-eabi/6.3.1/../../../../arm-none-eabi/lib/thumb/v7e-m\libc.a(lib_a-fputwc.o)
 .debug_frame   0x00001264       0x6c c:/program files (x86)/atmel/studio/7.0/toolchain/arm/arm-gnu-toolchain/bin/../lib/gcc/arm-none-eabi/6.3.1/../../../../arm-none-eabi/lib/thumb/v7e-m\libc.a(lib_a-fread.o)
 .debug_frame   0x000012d0       0x74 c:/program files (x86)/atmel/studio/7.0/toolchain/arm/arm-gnu-toolchain/bin/../lib/gcc/arm-none-eabi/6.3.1/../../../../arm-none-eabi/lib/thumb/v7e-m\libc.a(lib_a-freer.o)
 .debug_frame   0x00001344       0x68 c:/program files (x86)/atmel/studio/7.0/toolchain/arm/arm-gnu-toolchain/bin/../lib/gcc/arm-none-eabi/6.3.1/../../../../arm-none-eabi/lib/thumb/v7e-m\libc.a(lib_a-fvwrite.o)
 .debug_frame   0x000013ac       0x54 c:/program files (x86)/atmel/studio/7.0/toolchain/arm/arm-gnu-toolchain/bin/../lib/gcc/arm-none-eabi/6.3.1/../../../../arm-none-eabi/lib/thumb/v7e-m\libc.a(lib_a-fwalk.o)
 .debug_frame   0x00001400       0x28 c:/program files (x86)/atmel/studio/7.0/toolchain/arm/arm-gnu-toolchain/bin/../lib/gcc/arm-none-eabi/6.3.1/../../../../arm-none-eabi/lib/thumb/v7e-m\libc.a(lib_a-iswspace.o)
 .debug_frame   0x00001428       0x6c c:/program files (x86)/atmel/studio/7.0/toolchain/arm/arm-gnu-toolchain/bin/../lib/gcc/arm-none-eabi/6.3.1/../../../../arm-none-eabi/lib/thumb/v7e-m\libc.a(lib_a-locale.o)
 .debug_frame   0x00001494       0xb0 c:/program files (x86)/atmel/studio/7.0/toolchain/arm/arm-gnu-toolchain/bin/../lib/gcc/arm-none-eabi/6.3.1/../../../../arm-none-eabi/lib/thumb/v7e-m\libc.a(lib_a-lock.o)
 .debug_frame   0x00001544       0x68 c:/program files (x86)/atmel/studio/7.0/toolchain/arm/arm-gnu-toolchain/bin/../lib/gcc/arm-none-eabi/6.3.1/../../../../arm-none-eabi/lib/thumb/v7e-m\libc.a(lib_a-makebuf.o)
 .debug_frame   0x000015ac       0x30 c:/program files (x86)/atmel/studio/7.0/toolchain/arm/arm-gnu-toolchain/bin/../lib/gcc/arm-none-eabi/6.3.1/../../../../arm-none-eabi/lib/thumb/v7e-m\libc.a(lib_a-malloc.o)
 .debug_frame   0x000015dc       0x58 c:/program files (x86)/atmel/studio/7.0/toolchain/arm/arm-gnu-toolchain/bin/../lib/gcc/arm-none-eabi/6.3.1/../../../../arm-none-eabi/lib/thumb/v7e-m\libc.a(lib_a-mallocr.o)
 .debug_frame   0x00001634       0x60 c:/program files (x86)/atmel/studio/7.0/toolchain/arm/arm-gnu-toolchain/bin/../lib/gcc/arm-none-eabi/6.3.1/../../../../arm-none-eabi/lib/thumb/v7e-m\libc.a(lib_a-mbrtowc.o)
 .debug_frame   0x00001694       0x4c c:/program files (x86)/atmel/studio/7.0/toolchain/arm/arm-gnu-toolchain/bin/../lib/gcc/arm-none-eabi/6.3.1/../../../../arm-none-eabi/lib/thumb/v7e-m\libc.a(lib_a-mbtowc_r.o)
 .debug_frame   0x000016e0       0x30 c:/program files (x86)/atmel/studio/7.0/toolchain/arm/arm-gnu-toolchain/bin/../lib/gcc/arm-none-eabi/6.3.1/../../../../arm-none-eabi/lib/thumb/v7e-m\libc.a(lib_a-memmove.o)
 .debug_frame   0x00001710       0x30 c:/program files (x86)/atmel/studio/7.0/toolchain/arm/arm-gnu-toolchain/bin/../lib/gcc/arm-none-eabi/6.3.1/../../../../arm-none-eabi/lib/thumb/v7e-m\libc.a(lib_a-mlock.o)
 .debug_frame   0x00001740       0x68 c:/program files (x86)/atmel/studio/7.0/toolchain/arm/arm-gnu-toolchain/bin/../lib/gcc/arm-none-eabi/6.3.1/../../../../arm-none-eabi/lib/thumb/v7e-m\libc.a(lib_a-reallocr.o)
 .debug_frame   0x000017a8       0x40 c:/program files (x86)/atmel/studio/7.0/toolchain/arm/arm-gnu-toolchain/bin/../lib/gcc/arm-none-eabi/6.3.1/../../../../arm-none-eabi/lib/thumb/v7e-m\libc.a(lib_a-refill.o)
 .debug_frame   0x000017e8       0x2c c:/program files (x86)/atmel/studio/7.0/toolchain/arm/arm-gnu-toolchain/bin/../lib/gcc/arm-none-eabi/6.3.1/../../../../arm-none-eabi/lib/thumb/v7e-m\libc.a(lib_a-sbrkr.o)
 .debug_frame   0x00001814       0x3c c:/program files (x86)/atmel/studio/7.0/toolchain/arm/arm-gnu-toolchain/bin/../lib/gcc/arm-none-eabi/6.3.1/../../../../arm-none-eabi/lib/thumb/v7e-m\libc.a(lib_a-sccl.o)
 .debug_frame   0x00001850       0x88 c:/program files (x86)/atmel/studio/7.0/toolchain/arm/arm-gnu-toolchain/bin/../lib/gcc/arm-none-eabi/6.3.1/../../../../arm-none-eabi/lib/thumb/v7e-m\libc.a(lib_a-stdio.o)
 .debug_frame   0x000018d8       0x98 c:/program files (x86)/atmel/studio/7.0/toolchain/arm/arm-gnu-toolchain/bin/../lib/gcc/arm-none-eabi/6.3.1/../../../../arm-none-eabi/lib/thumb/v7e-m\libc.a(lib_a-strtol.o)
 .debug_frame   0x00001970       0xa0 c:/program files (x86)/atmel/studio/7.0/toolchain/arm/arm-gnu-toolchain/bin/../lib/gcc/arm-none-eabi/6.3.1/../../../../arm-none-eabi/lib/thumb/v7e-m\libc.a(lib_a-strtoll.o)
 .debug_frame   0x00001a10       0x98 c:/program files (x86)/atmel/studio/7.0/toolchain/arm/arm-gnu-toolchain/bin/../lib/gcc/arm-none-eabi/6.3.1/../../../../arm-none-eabi/lib/thumb/v7e-m\libc.a(lib_a-strtoul.o)
 .debug_frame   0x00001aa8       0xa0 c:/program files (x86)/atmel/studio/7.0/toolchain/arm/arm-gnu-toolchain/bin/../lib/gcc/arm-none-eabi/6.3.1/../../../../arm-none-eabi/lib/thumb/v7e-m\libc.a(lib_a-strtoull.o)
 .debug_frame   0x00001b48       0x5c c:/program files (x86)/atmel/studio/7.0/toolchain/arm/arm-gnu-toolchain/bin/../lib/gcc/arm-none-eabi/6.3.1/../../../../arm-none-eabi/lib/thumb/v7e-m\libc.a(lib_a-ungetc.o)
 .debug_frame   0x00001ba4       0x40 c:/program files (x86)/atmel/studio/7.0/toolchain/arm/arm-gnu-toolchain/bin/../lib/gcc/arm-none-eabi/6.3.1/../../../../arm-none-eabi/lib/thumb/v7e-m\libc.a(lib_a-wbuf.o)
 .debug_frame   0x00001be4       0x5c c:/program files (x86)/atmel/studio/7.0/toolchain/arm/arm-gnu-toolchain/bin/../lib/gcc/arm-none-eabi/6.3.1/../../../../arm-none-eabi/lib/thumb/v7e-m\libc.a(lib_a-wcrtomb.o)
 .debug_frame   0x00001c40       0x3c c:/program files (x86)/atmel/studio/7.0/toolchain/arm/arm-gnu-toolchain/bin/../lib/gcc/arm-none-eabi/6.3.1/../../../../arm-none-eabi/lib/thumb/v7e-m\libc.a(lib_a-wctomb_r.o)
 .debug_frame   0x00001c7c       0x2c c:/program files (x86)/atmel/studio/7.0/toolchain/arm/arm-gnu-toolchain/bin/../lib/gcc/arm-none-eabi/6.3.1/../../../../arm-none-eabi/lib/thumb/v7e-m\libc.a(lib_a-writer.o)
 .debug_frame   0x00001ca8       0x34 c:/program files (x86)/atmel/studio/7.0/toolchain/arm/arm-gnu-toolchain/bin/../lib/gcc/arm-none-eabi/6.3.1/../../../../arm-none-eabi/lib/thumb/v7e-m\libc.a(lib_a-__atexit.o)
 .debug_frame   0x00001cdc       0x2c c:/program files (x86)/atmel/studio/7.0/toolchain/arm/arm-gnu-toolchain/bin/../lib/gcc/arm-none-eabi/6.3.1/../../../../arm-none-eabi/lib/thumb/v7e-m\libc.a(lib_a-closer.o)
 .debug_frame   0x00001d08       0x3c c:/program files (x86)/atmel/studio/7.0/toolchain/arm/arm-gnu-toolchain/bin/../lib/gcc/arm-none-eabi/6.3.1/../../../../arm-none-eabi/lib/thumb/v7e-m\libc.a(lib_a-fclose.o)
 .debug_frame   0x00001d44       0x2c c:/program files (x86)/atmel/studio/7.0/toolchain/arm/arm-gnu-toolchain/bin/../lib/gcc/arm-none-eabi/6.3.1/../../../../arm-none-eabi/lib/thumb/v7e-m\libc.a(lib_a-fstatr.o)
 .debug_frame   0x00001d70       0x2c c:/program files (x86)/atmel/studio/7.0/toolchain/arm/arm-gnu-toolchain/bin/../lib/gcc/arm-none-eabi/6.3.1/../../../../arm-none-eabi/lib/thumb/v7e-m\libc.a(lib_a-isattyr.o)
 .debug_frame   0x00001d9c       0x2c c:/program files (x86)/atmel/studio/7.0/toolchain/arm/arm-gnu-toolchain/bin/../lib/gcc/arm-none-eabi/6.3.1/../../../../arm-none-eabi/lib/thumb/v7e-m\libc.a(lib_a-lseekr.o)
 .debug_frame   0x00001dc8       0x2c c:/program files (x86)/atmel/studio/7.0/toolchain/arm/arm-gnu-toolchain/bin/../lib/gcc/arm-none-eabi/6.3.1/../../../../arm-none-eabi/lib/thumb/v7e-m\libc.a(lib_a-readr.o)
 .debug_frame   0x00001df4       0x58 c:/program files (x86)/atmel/studio/7.0/toolchain/arm/arm-gnu-toolchain/bin/../lib/gcc/arm-none-eabi/6.3.1/../../../../arm-none-eabi/lib/thumb/v7e-m\libc.a(lib_a-reent.o)
 .debug_frame   0x00001e4c       0x2c c:/program files (x86)/atmel/studio/7.0/toolchain/arm/arm-gnu-toolchain/bin/../lib/gcc/arm-none-eabi/6.3.1/thumb/v7e-m\libgcc.a(_aeabi_uldivmod.o)
 .debug_frame   0x00001e78       0x34 c:/program files (x86)/atmel/studio/7.0/toolchain/arm/arm-gnu-toolchain/bin/../lib/gcc/arm-none-eabi/6.3.1/thumb/v7e-m\libgcc.a(_udivmoddi4.o)

Cross Reference Table

Symbol                                            File
ADC_Handler                                       src/ASF/sam/utils/cmsis/samg/samg53/source/templates/exceptions.o
                                                  src/ASF/sam/utils/cmsis/samg/samg53/source/templates/gcc/startup_samg53.o
ARM_Handler                                       src/ASF/sam/utils/cmsis/samg/samg53/source/templates/exceptions.o
                                                  src/ASF/sam/utils/cmsis/samg/samg53/source/templates/gcc/startup_samg53.o
BusFault_Handler                                  src/ASF/sam/utils/cmsis/samg/samg53/source/templates/exceptions.o
                                                  src/ASF/sam/utils/cmsis/samg/samg53/source/templates/gcc/startup_samg53.o
DebugMon_Handler                                  src/ASF/sam/utils/cmsis/samg/samg53/source/templates/exceptions.o
                                                  src/ASF/sam/utils/cmsis/samg/samg53/source/templates/gcc/startup_samg53.o
Dummy_Handler                                     src/ASF/sam/utils/cmsis/samg/samg53/source/templates/exceptions.o
                                                  src/ASF/sam/utils/cmsis/samg/samg53/source/templates/gcc/startup_samg53.o
EFC_Handler                                       src/ASF/sam/utils/cmsis/samg/samg53/source/templates/exceptions.o
                                                  src/ASF/sam/utils/cmsis/samg/samg53/source/templates/gcc/startup_samg53.o
HardFault_Handler                                 src/ASF/sam/utils/cmsis/samg/samg53/source/templates/exceptions.o
                                                  src/ASF/sam/utils/cmsis/samg/samg53/source/templates/gcc/startup_samg53.o
I2SC0_Handler                                     src/ASF/sam/utils/cmsis/samg/samg53/source/templates/exceptions.o
                                                  src/ASF/sam/utils/cmsis/samg/samg53/source/templates/gcc/startup_samg53.o
I2SC1_Handler                                     src/ASF/sam/utils/cmsis/samg/samg53/source/templates/exceptions.o