Archive member included to satisfy reference by file (symbol)

c:/program files (x86)/atmel/studio/7.0/toolchain/arm/arm-gnu-toolchain/bin/../lib/gcc/arm-none-eabi/6.3.1/../../../../arm-none-eabi/lib/thumb/v7e-m\libc.a(lib_a-exit.o)
                              c:/program files (x86)/atmel/studio/7.0/toolchain/arm/arm-gnu-toolchain/bin/../lib/gcc/arm-none-eabi/6.3.1/../../../../arm-none-eabi/lib/thumb/v7e-m/crt0.o (exit)
c:/program files (x86)/atmel/studio/7.0/toolchain/arm/arm-gnu-toolchain/bin/../lib/gcc/arm-none-eabi/6.3.1/../../../../arm-none-eabi/lib/thumb/v7e-m\libc.a(lib_a-impure.o)
                              c:/program files (x86)/atmel/studio/7.0/toolchain/arm/arm-gnu-toolchain/bin/../lib/gcc/arm-none-eabi/6.3.1/../../../../arm-none-eabi/lib/thumb/v7e-m\libc.a(lib_a-exit.o) (_global_impure_ptr)
c:/program files (x86)/atmel/studio/7.0/toolchain/arm/arm-gnu-toolchain/bin/../lib/gcc/arm-none-eabi/6.3.1/../../../../arm-none-eabi/lib/thumb/v7e-m\libc.a(lib_a-init.o)
                              c:/program files (x86)/atmel/studio/7.0/toolchain/arm/arm-gnu-toolchain/bin/../lib/gcc/arm-none-eabi/6.3.1/../../../../arm-none-eabi/lib/thumb/v7e-m/crt0.o (__libc_init_array)
c:/program files (x86)/atmel/studio/7.0/toolchain/arm/arm-gnu-toolchain/bin/../lib/gcc/arm-none-eabi/6.3.1/../../../../arm-none-eabi/lib/thumb/v7e-m\libc.a(lib_a-memset.o)
                              c:/program files (x86)/atmel/studio/7.0/toolchain/arm/arm-gnu-toolchain/bin/../lib/gcc/arm-none-eabi/6.3.1/../../../../arm-none-eabi/lib/thumb/v7e-m/crt0.o (memset)
c:/program files (x86)/atmel/studio/7.0/toolchain/arm/arm-gnu-toolchain/bin/../lib/gcc/arm-none-eabi/6.3.1/../../../../arm-none-eabi/lib/thumb/v7e-m\libc.a(lib_a-setbuf.o)
                              src/main.o (setbuf)
c:/program files (x86)/atmel/studio/7.0/toolchain/arm/arm-gnu-toolchain/bin/../lib/gcc/arm-none-eabi/6.3.1/../../../../arm-none-eabi/lib/thumb/v7e-m\libc.a(lib_a-setvbuf.o)
                              c:/program files (x86)/atmel/studio/7.0/toolchain/arm/arm-gnu-toolchain/bin/../lib/gcc/arm-none-eabi/6.3.1/../../../../arm-none-eabi/lib/thumb/v7e-m\libc.a(lib_a-setbuf.o) (setvbuf)
c:/program files (x86)/atmel/studio/7.0/toolchain/arm/arm-gnu-toolchain/bin/../lib/gcc/arm-none-eabi/6.3.1/../../../../arm-none-eabi/lib/thumb/v7e-m\libc.a(lib_a-__call_atexit.o)
                              c:/program files (x86)/atmel/studio/7.0/toolchain/arm/arm-gnu-toolchain/bin/../lib/gcc/arm-none-eabi/6.3.1/../../../../arm-none-eabi/lib/thumb/v7e-m\libc.a(lib_a-exit.o) (__call_exitprocs)
c:/program files (x86)/atmel/studio/7.0/toolchain/arm/arm-gnu-toolchain/bin/../lib/gcc/arm-none-eabi/6.3.1/../../../../arm-none-eabi/lib/thumb/v7e-m\libc.a(lib_a-atexit.o)
                              c:/program files (x86)/atmel/studio/7.0/toolchain/arm/arm-gnu-toolchain/bin/../lib/gcc/arm-none-eabi/6.3.1/../../../../arm-none-eabi/lib/thumb/v7e-m\libc.a(lib_a-__call_atexit.o) (atexit)
c:/program files (x86)/atmel/studio/7.0/toolchain/arm/arm-gnu-toolchain/bin/../lib/gcc/arm-none-eabi/6.3.1/../../../../arm-none-eabi/lib/thumb/v7e-m\libc.a(lib_a-fflush.o)
                              c:/program files (x86)/atmel/studio/7.0/toolchain/arm/arm-gnu-toolchain/bin/../lib/gcc/arm-none-eabi/6.3.1/../../../../arm-none-eabi/lib/thumb/v7e-m\libc.a(lib_a-setvbuf.o) (_fflush_r)
c:/program files (x86)/atmel/studio/7.0/toolchain/arm/arm-gnu-toolchain/bin/../lib/gcc/arm-none-eabi/6.3.1/../../../../arm-none-eabi/lib/thumb/v7e-m\libc.a(lib_a-findfp.o)
                              c:/program files (x86)/atmel/studio/7.0/toolchain/arm/arm-gnu-toolchain/bin/../lib/gcc/arm-none-eabi/6.3.1/../../../../arm-none-eabi/lib/thumb/v7e-m\libc.a(lib_a-setvbuf.o) (__sinit)
c:/program files (x86)/atmel/studio/7.0/toolchain/arm/arm-gnu-toolchain/bin/../lib/gcc/arm-none-eabi/6.3.1/../../../../arm-none-eabi/lib/thumb/v7e-m\libc.a(lib_a-fini.o)
                              c:/program files (x86)/atmel/studio/7.0/toolchain/arm/arm-gnu-toolchain/bin/../lib/gcc/arm-none-eabi/6.3.1/../../../../arm-none-eabi/lib/thumb/v7e-m\libc.a(lib_a-__call_atexit.o) (__libc_fini_array)
c:/program files (x86)/atmel/studio/7.0/toolchain/arm/arm-gnu-toolchain/bin/../lib/gcc/arm-none-eabi/6.3.1/../../../../arm-none-eabi/lib/thumb/v7e-m\libc.a(lib_a-freer.o)
                              c:/program files (x86)/atmel/studio/7.0/toolchain/arm/arm-gnu-toolchain/bin/../lib/gcc/arm-none-eabi/6.3.1/../../../../arm-none-eabi/lib/thumb/v7e-m\libc.a(lib_a-setvbuf.o) (_free_r)
c:/program files (x86)/atmel/studio/7.0/toolchain/arm/arm-gnu-toolchain/bin/../lib/gcc/arm-none-eabi/6.3.1/../../../../arm-none-eabi/lib/thumb/v7e-m\libc.a(lib_a-fwalk.o)
                              c:/program files (x86)/atmel/studio/7.0/toolchain/arm/arm-gnu-toolchain/bin/../lib/gcc/arm-none-eabi/6.3.1/../../../../arm-none-eabi/lib/thumb/v7e-m\libc.a(lib_a-findfp.o) (_fwalk)
[...]
Memory Configuration

Name             Origin             Length             Attributes
rom              0x00400000         0x00080000         xr
ram              0x20000000         0x00018000         xrw
*default*        0x00000000         0xffffffff

Linker script and memory map

LOAD c:/program files (x86)/atmel/studio/7.0/toolchain/arm/arm-gnu-toolchain/bin/../lib/gcc/arm-none-eabi/6.3.1/thumb/v7e-m/crti.o
LOAD c:/program files (x86)/atmel/studio/7.0/toolchain/arm/arm-gnu-toolchain/bin/../lib/gcc/arm-none-eabi/6.3.1/thumb/v7e-m/crtbegin.o
LOAD c:/program files (x86)/atmel/studio/7.0/toolchain/arm/arm-gnu-toolchain/bin/../lib/gcc/arm-none-eabi/6.3.1/../../../../arm-none-eabi/lib/thumb/v7e-m/crt0.o
LOAD src/ASF/common/utils/stdio/read.o
LOAD src/ASF/sam/drivers/usart/usart.o
LOAD src/ASF/common/utils/stdio/write.o
LOAD src/ASF/common/services/serial/usart_serial.o
LOAD src/ASF/sam/drivers/uart/uart.o
LOAD src/ASF/common/services/clock/samg/sysclk.o
LOAD src/ASF/sam/drivers/efc/efc.o
LOAD src/ASF/sam/drivers/pmc/pmc.o
LOAD src/ASF/sam/drivers/supc/supc.o
LOAD src/ASF/sam/drivers/pmc/sleep.o
LOAD src/ASF/common/boards/user_board/init.o
LOAD src/ASF/common/utils/interrupt/interrupt_sam_nvic.o
LOAD src/ASF/sam/utils/cmsis/samg/samg53/source/templates/exceptions.o
LOAD src/ASF/sam/utils/cmsis/samg/samg53/source/templates/gcc/startup_samg53.o
LOAD src/ASF/sam/utils/cmsis/samg/samg53/source/templates/system_samg53.o
LOAD src/ASF/sam/utils/syscalls/gcc/syscalls.o
LOAD src/main.o
START GROUP
LOAD ../src/ASF/thirdparty/CMSIS/Lib/GCC\libarm_cortexM4lf_math_softfp.a
LOAD c:/program files (x86)/atmel/studio/7.0/toolchain/arm/arm-gnu-toolchain/bin/../lib/gcc/arm-none-eabi/6.3.1/../../../../arm-none-eabi/lib/thumb/v7e-m\libm.a
END GROUP
START GROUP
LOAD c:/program files (x86)/atmel/studio/7.0/toolchain/arm/arm-gnu-toolchain/bin/../lib/gcc/arm-none-eabi/6.3.1/thumb/v7e-m\libgcc.a
LOAD c:/program files (x86)/atmel/studio/7.0/toolchain/arm/arm-gnu-toolchain/bin/../lib/gcc/arm-none-eabi/6.3.1/../../../../arm-none-eabi/lib/thumb/v7e-m\libc.a
END GROUP
LOAD c:/program files (x86)/atmel/studio/7.0/toolchain/arm/arm-gnu-toolchain/bin/../lib/gcc/arm-none-eabi/6.3.1/thumb/v7e-m/crtend.o
LOAD c:/program files (x86)/atmel/studio/7.0/toolchain/arm/arm-gnu-toolchain/bin/../lib/gcc/arm-none-eabi/6.3.1/thumb/v7e-m/crtn.o
                0x00003000                __stack_size__ = DEFINED (__stack_size__)?__stack_size__:0x3000
                0x20017ffc                __ram_end__ = ((ORIGIN (ram) + LENGTH (ram)) - 0x4)

.text           0x00400000     0x1980
                0x00400000                . = ALIGN (0x4)
                0x00400000                _sfixed = .
 *(.vectors .vectors.*)
 .vectors       0x00400000       0xfc src/ASF/sam/utils/cmsis/samg/samg53/source/templates/gcc/startup_samg53.o
                0x00400000                exception_table
 *(.text .text.* .gnu.linkonce.t.*)
 .text          0x004000fc       0x6c c:/program files (x86)/atmel/studio/7.0/toolchain/arm/arm-gnu-toolchain/bin/../lib/gcc/arm-none-eabi/6.3.1/thumb/v7e-m/crtbegin.o
 .text._read    0x00400168       0x3c src/ASF/common/utils/stdio/read.o
                0x00400168                _read
 .text.usart_write
                0x004001a4       0x14 src/ASF/sam/drivers/usart/usart.o
                0x004001a4                usart_write
 .text.usart_read
                0x004001b8       0x18 src/ASF/sam/drivers/usart/usart.o
                0x004001b8                usart_read
 .text._write   0x004001d0       0x50 src/ASF/common/utils/stdio/write.o
                0x004001d0                _write
 .text.usart_serial_write_packet
                0x00400220       0x74 src/ASF/common/services/serial/usart_serial.o
                0x00400220                usart_serial_write_packet
 .text.uart_init
                0x00400294       0x38 src/ASF/sam/drivers/uart/uart.o
                0x00400294                uart_init
 .text.uart_write
                0x004002cc       0x10 src/ASF/sam/drivers/uart/uart.o
                0x004002cc                uart_write
 .text.uart_read
                0x004002dc       0x12 src/ASF/sam/drivers/uart/uart.o
                0x004002dc                uart_read
 *fill*         0x004002ee        0x2 
 .text.sysclk_init
                0x004002f0       0x4c src/ASF/common/services/clock/samg/sysclk.o
                0x004002f0                sysclk_init
 .text.pmc_switch_mck_to_pllack
                0x0040033c       0x64 src/ASF/sam/drivers/pmc/pmc.o
                0x0040033c                pmc_switch_mck_to_pllack
 .text.pmc_disable_pllack
                0x004003a0        0xc src/ASF/sam/drivers/pmc/pmc.o
                0x004003a0                pmc_disable_pllack
 .text.pmc_is_locked_pllack
                0x004003ac       0x10 src/ASF/sam/drivers/pmc/pmc.o
                0x004003ac                pmc_is_locked_pllack
 .text.pmc_enable_periph_clk
                0x004003bc       0x34 src/ASF/sam/drivers/pmc/pmc.o
                0x004003bc                pmc_enable_periph_clk
 .text.board_init
                0x004003f0       0x48 src/ASF/common/boards/user_board/init.o
                0x004003f0                board_init
 .text.Dummy_Handler
                0x00400438        0x2 src/ASF/sam/utils/cmsis/samg/samg53/source/templates/exceptions.o
                0x00400438                WKUP2_Handler
                0x00400438                DebugMon_Handler
                0x00400438                WKUP7_Handler
                0x00400438                WKUP10_Handler
                0x00400438                WKUP15_Handler
                0x00400438                HardFault_Handler
                0x00400438                TC2_Handler
                0x00400438                SPI_Handler
                0x00400438                SysTick_Handler
                0x00400438                TWI1_Handler
                0x00400438                PendSV_Handler
                0x00400438                NMI_Handler
                0x00400438                WKUP3_Handler
                0x00400438                ADC_Handler
                0x00400438                WKUP4_Handler
                0x00400438                WKUP6_Handler
                0x00400438                RTT_Handler
                0x00400438                PIOB_Handler
                0x00400438                RTC_Handler
                0x00400438                UsageFault_Handler
                0x00400438                PDMIC1_Handler
                0x00400438                WKUP13_Handler
                0x00400438                WDT_Handler
                0x00400438                WKUP12_Handler
                0x00400438                TC4_Handler
                0x00400438                TC1_Handler
                0x00400438                UART1_Handler
                0x00400438                WKUP14_Handler
                0x00400438                TC3_Handler
                0x00400438                ARM_Handler
                0x00400438                Dummy_Handler
                0x00400438                TWI0_Handler
                0x00400438                WKUP11_Handler
                0x00400438                TWI2_Handler
                0x00400438                PIOA_Handler
                0x00400438                MEM2MEM_Handler
                0x00400438                USART_Handler
                0x00400438                PMC_Handler
                0x00400438                WKUP1_Handler
                0x00400438                PDMIC0_Handler
                0x00400438                MemManage_Handler
                0x00400438                SUPC_Handler
                0x00400438                SVC_Handler
                0x00400438                EFC_Handler
                0x00400438                WKUP8_Handler
                0x00400438                I2SC0_Handler
                0x00400438                UART0_Handler
                0x00400438                I2SC1_Handler
                0x00400438                WKUP5_Handler
                0x00400438                BusFault_Handler
                0x00400438                RSTC_Handler
                0x00400438                TC0_Handler
                0x00400438                WKUP0_Handler
                0x00400438                TC5_Handler
                0x00400438                WKUP9_Handler
 *fill*         0x0040043a        0x2 
 .text.Reset_Handler
                0x0040043c       0xdc src/ASF/sam/utils/cmsis/samg/samg53/source/templates/gcc/startup_samg53.o
                0x0040043c                Reset_Handler
 .text.SystemCoreClockUpdate
                0x00400518       0xe8 src/ASF/sam/utils/cmsis/samg/samg53/source/templates/system_samg53.o
                0x00400518                SystemCoreClockUpdate
 .text.system_init_flash
                0x00400600       0x4c src/ASF/sam/utils/cmsis/samg/samg53/source/templates/system_samg53.o
                0x00400600                system_init_flash
 .text._sbrk    0x0040064c       0x38 src/ASF/sam/utils/syscalls/gcc/syscalls.o
                0x0040064c                _sbrk
 .text._close   0x00400684        0x6 src/ASF/sam/utils/syscalls/gcc/syscalls.o
                0x00400684                _close
 .text._fstat   0x0040068a        0xa src/ASF/sam/utils/syscalls/gcc/syscalls.o
                0x0040068a                _fstat
 .text._lseek   0x00400694        0x4 src/ASF/sam/utils/syscalls/gcc/syscalls.o
                0x00400694                _lseek
 .text.usart_serial_getchar
                0x00400698       0x68 src/main.o
 .text.usart_serial_putchar
                0x00400700       0x64 src/main.o
 .text.main     0x00400764       0xe0 src/main.o
                0x00400764                main
 .text.__libc_init_array
                0x00400844       0x50 c:/program files (x86)/atmel/studio/7.0/toolchain/arm/arm-gnu-toolchain/bin/../lib/gcc/arm-none-eabi/6.3.1/../../../../arm-none-eabi/lib/thumb/v7e-m\libc.a(lib_a-init.o)
                0x00400844                __libc_init_array
 .text.memset   0x00400894       0x9c c:/program files (x86)/atmel/studio/7.0/toolchain/arm/arm-gnu-toolchain/bin/../lib/gcc/arm-none-eabi/6.3.1/../../../../arm-none-eabi/lib/thumb/v7e-m\libc.a(lib_a-memset.o)
                0x00400894                memset
 .text.setbuf   0x00400930       0x10 c:/program files (x86)/atmel/studio/7.0/toolchain/arm/arm-gnu-toolchain/bin/../lib/gcc/arm-none-eabi/6.3.1/../../../../arm-none-eabi/lib/thumb/v7e-m\libc.a(lib_a-setbuf.o)
                0x00400930                setbuf
 .text.setvbuf  0x00400940      0x190 c:/program files (x86)/atmel/studio/7.0/toolchain/arm/arm-gnu-toolchain/bin/../lib/gcc/arm-none-eabi/6.3.1/../../../../arm-none-eabi/lib/thumb/v7e-m\libc.a(lib_a-setvbuf.o)
                0x00400940                setvbuf
 .text.startup.register_fini
                0x00400ad0       0x14 c:/program files (x86)/atmel/studio/7.0/toolchain/arm/arm-gnu-toolchain/bin/../lib/gcc/arm-none-eabi/6.3.1/../../../../arm-none-eabi/lib/thumb/v7e-m\libc.a(lib_a-__call_atexit.o)
 .text.atexit   0x00400ae4        0xc c:/program files (x86)/atmel/studio/7.0/toolchain/arm/arm-gnu-toolchain/bin/../lib/gcc/arm-none-eabi/6.3.1/../../../../arm-none-eabi/lib/thumb/v7e-m\libc.a(lib_a-atexit.o)
                0x00400ae4                atexit
 .text.__sflush_r
                0x00400af0      0x140 c:/program files (x86)/atmel/studio/7.0/toolchain/arm/arm-gnu-toolchain/bin/../lib/gcc/arm-none-eabi/6.3.1/../../../../arm-none-eabi/lib/thumb/v7e-m\libc.a(lib_a-fflush.o)
                0x00400af0                __sflush_r
 .text._fflush_r
                0x00400c30       0x54 c:/program files (x86)/atmel/studio/7.0/toolchain/arm/arm-gnu-toolchain/bin/../lib/gcc/arm-none-eabi/6.3.1/../../../../arm-none-eabi/lib/thumb/v7e-m\libc.a(lib_a-fflush.o)
                0x00400c30                _fflush_r
 .text._cleanup_r
                0x00400c84        0xc c:/program files (x86)/atmel/studio/7.0/toolchain/arm/arm-gnu-toolchain/bin/../lib/gcc/arm-none-eabi/6.3.1/../../../../arm-none-eabi/lib/thumb/v7e-m\libc.a(lib_a-findfp.o)
                0x00400c84                _cleanup_r
 .text.std.isra.0
                0x00400c90       0x50 c:/program files (x86)/atmel/studio/7.0/toolchain/arm/arm-gnu-toolchain/bin/../lib/gcc/arm-none-eabi/6.3.1/../../../../arm-none-eabi/lib/thumb/v7e-m\libc.a(lib_a-findfp.o)
 .text.__sinit  0x00400ce0       0x58 c:/program files (x86)/atmel/studio/7.0/toolchain/arm/arm-gnu-toolchain/bin/../lib/gcc/arm-none-eabi/6.3.1/../../../../arm-none-eabi/lib/thumb/v7e-m\libc.a(lib_a-findfp.o)
                0x00400ce0                __sinit
 .text.__sfp_lock_acquire
                0x00400d38        0xc c:/program files (x86)/atmel/studio/7.0/toolchain/arm/arm-gnu-toolchain/bin/../lib/gcc/arm-none-eabi/6.3.1/../../../../arm-none-eabi/lib/thumb/v7e-m\libc.a(lib_a-findfp.o)
                0x00400d38                __sfp_lock_acquire
 .text.__sfp_lock_release
                0x00400d44        0xc c:/program files (x86)/atmel/studio/7.0/toolchain/arm/arm-gnu-toolchain/bin/../lib/gcc/arm-none-eabi/6.3.1/../../../../arm-none-eabi/lib/thumb/v7e-m\libc.a(lib_a-findfp.o)
                0x00400d44                __sfp_lock_release
 .text.__libc_fini_array
                0x00400d50       0x34 c:/program files (x86)/atmel/studio/7.0/toolchain/arm/arm-gnu-toolchain/bin/../lib/gcc/arm-none-eabi/6.3.1/../../../../arm-none-eabi/lib/thumb/v7e-m\libc.a(lib_a-fini.o)
                0x00400d50                __libc_fini_array
 .text._malloc_trim_r
                0x00400d84       0xa0 c:/program files (x86)/atmel/studio/7.0/toolchain/arm/arm-gnu-toolchain/bin/../lib/gcc/arm-none-eabi/6.3.1/../../../../arm-none-eabi/lib/thumb/v7e-m\libc.a(lib_a-freer.o)
                0x00400d84                _malloc_trim_r
 .text._free_r  0x00400e24      0x1cc c:/program files (x86)/atmel/studio/7.0/toolchain/arm/arm-gnu-toolchain/bin/../lib/gcc/arm-none-eabi/6.3.1/../../../../arm-none-eabi/lib/thumb/v7e-m\libc.a(lib_a-freer.o)
                0x00400e24                _free_r
 .text._fwalk_reent
                0x00400ff0       0x54 c:/program files (x86)/atmel/studio/7.0/toolchain/arm/arm-gnu-toolchain/bin/../lib/gcc/arm-none-eabi/6.3.1/../../../../arm-none-eabi/lib/thumb/v7e-m\libc.a(lib_a-fwalk.o)
                0x00400ff0                _fwalk_reent
 .text.__retarget_lock_init_recursive
                0x00401044        0x4 c:/program files (x86)/atmel/studio/7.0/toolchain/arm/arm-gnu-toolchain/bin/../lib/gcc/arm-none-eabi/6.3.1/../../../../arm-none-eabi/lib/thumb/v7e-m\libc.a(lib_a-lock.o)
                0x00401044                __retarget_lock_init_recursive
 .text.__retarget_lock_close_recursive
                0x00401048        0x4 c:/program files (x86)/atmel/studio/7.0/toolchain/arm/arm-gnu-toolchain/bin/../lib/gcc/arm-none-eabi/6.3.1/../../../../arm-none-eabi/lib/thumb/v7e-m\libc.a(lib_a-lock.o)
                0x00401048                __retarget_lock_close_recursive
 .text.__retarget_lock_acquire_recursive
                0x0040104c        0x4 c:/program files (x86)/atmel/studio/7.0/toolchain/arm/arm-gnu-toolchain/bin/../lib/gcc/arm-none-eabi/6.3.1/../../../../arm-none-eabi/lib/thumb/v7e-m\libc.a(lib_a-lock.o)
                0x0040104c                __retarget_lock_acquire_recursive
 .text.__retarget_lock_release_recursive
                0x00401050        0x4 c:/program files (x86)/atmel/studio/7.0/toolchain/arm/arm-gnu-toolchain/bin/../lib/gcc/arm-none-eabi/6.3.1/../../../../arm-none-eabi/lib/thumb/v7e-m\libc.a(lib_a-lock.o)
                0x00401050                __retarget_lock_release_recursive
 .text.__swhatbuf_r
                0x00401054       0x5c c:/program files (x86)/atmel/studio/7.0/toolchain/arm/arm-gnu-toolchain/bin/../lib/gcc/arm-none-eabi/6.3.1/../../../../arm-none-eabi/lib/thumb/v7e-m\libc.a(lib_a-makebuf.o)
                0x00401054                __swhatbuf_r
 .text.malloc   0x004010b0       0x10 c:/program files (x86)/atmel/studio/7.0/toolchain/arm/arm-gnu-toolchain/bin/../lib/gcc/arm-none-eabi/6.3.1/../../../../arm-none-eabi/lib/thumb/v7e-m\libc.a(lib_a-malloc.o)
                0x004010b0                malloc
 .text._malloc_r
                0x004010c0      0x560 c:/program files (x86)/atmel/studio/7.0/toolchain/arm/arm-gnu-toolchain/bin/../lib/gcc/arm-none-eabi/6.3.1/../../../../arm-none-eabi/lib/thumb/v7e-m\libc.a(lib_a-mallocr.o)
                0x004010c0                _malloc_r
 .text.__malloc_lock
                0x00401620        0xc c:/program files (x86)/atmel/studio/7.0/toolchain/arm/arm-gnu-toolchain/bin/../lib/gcc/arm-none-eabi/6.3.1/../../../../arm-none-eabi/lib/thumb/v7e-m\libc.a(lib_a-mlock.o)
                0x00401620                __malloc_lock
 .text.__malloc_unlock
                0x0040162c        0xc c:/program files (x86)/atmel/studio/7.0/toolchain/arm/arm-gnu-toolchain/bin/../lib/gcc/arm-none-eabi/6.3.1/../../../../arm-none-eabi/lib/thumb/v7e-m\libc.a(lib_a-mlock.o)
                0x0040162c                __malloc_unlock
 .text._sbrk_r  0x00401638       0x24 c:/program files (x86)/atmel/studio/7.0/toolchain/arm/arm-gnu-toolchain/bin/../lib/gcc/arm-none-eabi/6.3.1/../../../../arm-none-eabi/lib/thumb/v7e-m\libc.a(lib_a-sbrkr.o)
                0x00401638                _sbrk_r
 .text.__sread  0x0040165c       0x24 c:/program files (x86)/atmel/studio/7.0/toolchain/arm/arm-gnu-toolchain/bin/../lib/gcc/arm-none-eabi/6.3.1/../../../../arm-none-eabi/lib/thumb/v7e-m\libc.a(lib_a-stdio.o)
                0x0040165c                __sread
 .text.__swrite
                0x00401680       0x3c c:/program files (x86)/atmel/studio/7.0/toolchain/arm/arm-gnu-toolchain/bin/../lib/gcc/arm-none-eabi/6.3.1/../../../../arm-none-eabi/lib/thumb/v7e-m\libc.a(lib_a-stdio.o)
                0x00401680                __swrite
 .text.__sseek  0x004016bc       0x20 c:/program files (x86)/atmel/studio/7.0/toolchain/arm/arm-gnu-toolchain/bin/../lib/gcc/arm-none-eabi/6.3.1/../../../../arm-none-eabi/lib/thumb/v7e-m\libc.a(lib_a-stdio.o)
                0x004016bc                __sseek
 .text.__sclose
                0x004016dc        0x8 c:/program files (x86)/atmel/studio/7.0/toolchain/arm/arm-gnu-toolchain/bin/../lib/gcc/arm-none-eabi/6.3.1/../../../../arm-none-eabi/lib/thumb/v7e-m\libc.a(lib_a-stdio.o)
                0x004016dc                __sclose
 .text._write_r
                0x004016e4       0x2c c:/program files (x86)/atmel/studio/7.0/toolchain/arm/arm-gnu-toolchain/bin/../lib/gcc/arm-none-eabi/6.3.1/../../../../arm-none-eabi/lib/thumb/v7e-m\libc.a(lib_a-writer.o)
                0x004016e4                _write_r
 .text.__register_exitproc
                0x00401710       0xc4 c:/program files (x86)/atmel/studio/7.0/toolchain/arm/arm-gnu-toolchain/bin/../lib/gcc/arm-none-eabi/6.3.1/../../../../arm-none-eabi/lib/thumb/v7e-m\libc.a(lib_a-__atexit.o)
                0x00401710                __register_exitproc
 .text._close_r
                0x004017d4       0x24 c:/program files (x86)/atmel/studio/7.0/toolchain/arm/arm-gnu-toolchain/bin/../lib/gcc/arm-none-eabi/6.3.1/../../../../arm-none-eabi/lib/thumb/v7e-m\libc.a(lib_a-closer.o)
                0x004017d4                _close_r
 .text._fclose_r
                0x004017f8       0xc4 c:/program files (x86)/atmel/studio/7.0/toolchain/arm/arm-gnu-toolchain/bin/../lib/gcc/arm-none-eabi/6.3.1/../../../../arm-none-eabi/lib/thumb/v7e-m\libc.a(lib_a-fclose.o)
                0x004017f8                _fclose_r
 .text._fstat_r
                0x004018bc       0x28 c:/program files (x86)/atmel/studio/7.0/toolchain/arm/arm-gnu-toolchain/bin/../lib/gcc/arm-none-eabi/6.3.1/../../../../arm-none-eabi/lib/thumb/v7e-m\libc.a(lib_a-fstatr.o)
                0x004018bc                _fstat_r
 .text._lseek_r
                0x004018e4       0x2c c:/program files (x86)/atmel/studio/7.0/toolchain/arm/arm-gnu-toolchain/bin/../lib/gcc/arm-none-eabi/6.3.1/../../../../arm-none-eabi/lib/thumb/v7e-m\libc.a(lib_a-lseekr.o)
                0x004018e4                _lseek_r
 .text._read_r  0x00401910       0x2c c:/program files (x86)/atmel/studio/7.0/toolchain/arm/arm-gnu-toolchain/bin/../lib/gcc/arm-none-eabi/6.3.1/../../../../arm-none-eabi/lib/thumb/v7e-m\libc.a(lib_a-readr.o)
                0x00401910                _read_r
 *(.glue_7t)
 .glue_7t       0x0040193c        0x0 linker stubs
 *(.glue_7)
 .glue_7        0x0040193c        0x0 linker stubs
 *(.rodata .rodata* .gnu.linkonce.r.*)
 .rodata.main.str1.4
                0x0040193c       0x1c src/main.o
                                 0x1a (size before relaxing)
 .rodata._global_impure_ptr
                0x00401958        0x4 c:/program files (x86)/atmel/studio/7.0/toolchain/arm/arm-gnu-toolchain/bin/../lib/gcc/arm-none-eabi/6.3.1/../../../../arm-none-eabi/lib/thumb/v7e-m\libc.a(lib_a-impure.o)
                0x00401958                _global_impure_ptr
 *(.ARM.extab* .gnu.linkonce.armextab.*)
                0x0040195c                . = ALIGN (0x4)
 *(.init)
 .init          0x0040195c        0x4 c:/program files (x86)/atmel/studio/7.0/toolchain/arm/arm-gnu-toolchain/bin/../lib/gcc/arm-none-eabi/6.3.1/thumb/v7e-m/crti.o
                0x0040195c                _init
 .init          0x00401960        0x8 c:/program files (x86)/atmel/studio/7.0/toolchain/arm/arm-gnu-toolchain/bin/../lib/gcc/arm-none-eabi/6.3.1/thumb/v7e-m/crtn.o
                0x00401968                . = ALIGN (0x4)
                0x00401968                __preinit_array_start = .
 *(.preinit_array)
                0x00401968                __preinit_array_end = .
                0x00401968                . = ALIGN (0x4)
                0x00401968                __init_array_start = .
 *(SORT(.init_array.*))
 .init_array.00000
                0x00401968        0x4 c:/program files (x86)/atmel/studio/7.0/toolchain/arm/arm-gnu-toolchain/bin/../lib/gcc/arm-none-eabi/6.3.1/../../../../arm-none-eabi/lib/thumb/v7e-m\libc.a(lib_a-__call_atexit.o)
 *(.init_array)
 .init_array    0x0040196c        0x4 c:/program files (x86)/atmel/studio/7.0/toolchain/arm/arm-gnu-toolchain/bin/../lib/gcc/arm-none-eabi/6.3.1/thumb/v7e-m/crtbegin.o
                0x00401970                __init_array_end = .
                0x00401970                . = ALIGN (0x4)
 *crtbegin.o(.ctors)
 *(EXCLUDE_FILE(*crtend.o) .ctors)
 *(SORT(.ctors.*))
 *crtend.o(.ctors)
                0x00401970                . = ALIGN (0x4)
 *(.fini)
 .fini          0x00401970        0x4 c:/program files (x86)/atmel/studio/7.0/toolchain/arm/arm-gnu-toolchain/bin/../lib/gcc/arm-none-eabi/6.3.1/thumb/v7e-m/crti.o
                0x00401970                _fini
 .fini          0x00401974        0x8 c:/program files (x86)/atmel/studio/7.0/toolchain/arm/arm-gnu-toolchain/bin/../lib/gcc/arm-none-eabi/6.3.1/thumb/v7e-m/crtn.o
                0x0040197c                . = ALIGN (0x4)
                0x0040197c                __fini_array_start = .
 *(.fini_array)
 .fini_array    0x0040197c        0x4 c:/program files (x86)/atmel/studio/7.0/toolchain/arm/arm-gnu-toolchain/bin/../lib/gcc/arm-none-eabi/6.3.1/thumb/v7e-m/crtbegin.o
 *(SORT(.fini_array.*))
                0x00401980                __fini_array_end = .
 *crtbegin.o(.dtors)
 *(EXCLUDE_FILE(*crtend.o) .dtors)
 *(SORT(.dtors.*))
 *crtend.o(.dtors)
                0x00401980                . = ALIGN (0x4)
                0x00401980                _efixed = .
                [!provide]                PROVIDE (__exidx_start, .)

.vfp11_veneer   0x00401980        0x0
 .vfp11_veneer  0x00401980        0x0 linker stubs

.v4_bx          0x00401980        0x0
 .v4_bx         0x00401980        0x0 linker stubs

.iplt           0x00401980        0x0
 .iplt          0x00401980        0x0 c:/program files (x86)/atmel/studio/7.0/toolchain/arm/arm-gnu-toolchain/bin/../lib/gcc/arm-none-eabi/6.3.1/thumb/v7e-m/crtbegin.o

.eh_frame       0x00401980        0x0
 .eh_frame      0x00401980        0x0 c:/program files (x86)/atmel/studio/7.0/toolchain/arm/arm-gnu-toolchain/bin/../lib/gcc/arm-none-eabi/6.3.1/thumb/v7e-m/crtbegin.o

.rel.dyn        0x00401980        0x0
 .rel.iplt      0x00401980        0x0 c:/program files (x86)/atmel/studio/7.0/toolchain/arm/arm-gnu-toolchain/bin/../lib/gcc/arm-none-eabi/6.3.1/thumb/v7e-m/crtbegin.o

.jcr            0x00401980        0x0
 .jcr           0x00401980        0x0 c:/program files (x86)/atmel/studio/7.0/toolchain/arm/arm-gnu-toolchain/bin/../lib/gcc/arm-none-eabi/6.3.1/thumb/v7e-m/crtbegin.o

.igot.plt       0x00401980        0x0
 .igot.plt      0x00401980        0x0 c:/program files (x86)/atmel/studio/7.0/toolchain/arm/arm-gnu-toolchain/bin/../lib/gcc/arm-none-eabi/6.3.1/thumb/v7e-m/crtbegin.o

.ARM.exidx
 *(.ARM.exidx* .gnu.linkonce.armexidx.*)
                [!provide]                PROVIDE (__exidx_end, .)
                0x00401980                . = ALIGN (0x4)
                0x00401980                _etext = .

.relocate       0x20000000      0x84c load address 0x00401980
                0x20000000                . = ALIGN (0x4)
                0x20000000                _srelocate = .
 *(.ramfunc .ramfunc.*)
 *(.data .data.*)
 .data.g_interrupt_enabled
                0x20000000        0x1 src/ASF/common/utils/interrupt/interrupt_sam_nvic.o
                0x20000000                g_interrupt_enabled
 *fill*         0x20000001        0x3 
 .data.SystemCoreClock
                0x20000004        0x4 src/ASF/sam/utils/cmsis/samg/samg53/source/templates/system_samg53.o
                0x20000004                SystemCoreClock
 .data._impure_ptr
                0x20000008        0x4 c:/program files (x86)/atmel/studio/7.0/toolchain/arm/arm-gnu-toolchain/bin/../lib/gcc/arm-none-eabi/6.3.1/../../../../arm-none-eabi/lib/thumb/v7e-m\libc.a(lib_a-impure.o)
                0x20000008                _impure_ptr
 *fill*         0x2000000c        0x4 
 .data.impure_data
                0x20000010      0x428 c:/program files (x86)/atmel/studio/7.0/toolchain/arm/arm-gnu-toolchain/bin/../lib/gcc/arm-none-eabi/6.3.1/../../../../arm-none-eabi/lib/thumb/v7e-m\libc.a(lib_a-impure.o)
 .data.__atexit_recursive_mutex
                0x20000438        0x4 c:/program files (x86)/atmel/studio/7.0/toolchain/arm/arm-gnu-toolchain/bin/../lib/gcc/arm-none-eabi/6.3.1/../../../../arm-none-eabi/lib/thumb/v7e-m\libc.a(lib_a-__call_atexit.o)
                0x20000438                __atexit_recursive_mutex
 .data.__malloc_av_
                0x2000043c      0x408 c:/program files (x86)/atmel/studio/7.0/toolchain/arm/arm-gnu-toolchain/bin/../lib/gcc/arm-none-eabi/6.3.1/../../../../arm-none-eabi/lib/thumb/v7e-m\libc.a(lib_a-mallocr.o)
                0x2000043c                __malloc_av_
 .data.__malloc_sbrk_base
                0x20000844        0x4 c:/program files (x86)/atmel/studio/7.0/toolchain/arm/arm-gnu-toolchain/bin/../lib/gcc/arm-none-eabi/6.3.1/../../../../arm-none-eabi/lib/thumb/v7e-m\libc.a(lib_a-mallocr.o)
                0x20000844                __malloc_sbrk_base
 .data.__malloc_trim_threshold
                0x20000848        0x4 c:/program files (x86)/atmel/studio/7.0/toolchain/arm/arm-gnu-toolchain/bin/../lib/gcc/arm-none-eabi/6.3.1/../../../../arm-none-eabi/lib/thumb/v7e-m\libc.a(lib_a-mallocr.o)
                0x20000848                __malloc_trim_threshold
                0x2000084c                . = ALIGN (0x4)
                0x2000084c                _erelocate = .

.bss            0x2000084c       0x88 load address 0x004021cc
                0x2000084c                . = ALIGN (0x4)
                0x2000084c                _sbss = .
                0x2000084c                _szero = .
 *(.bss .bss.*)
 .bss           0x2000084c       0x1c c:/program files (x86)/atmel/studio/7.0/toolchain/arm/arm-gnu-toolchain/bin/../lib/gcc/arm-none-eabi/6.3.1/thumb/v7e-m/crtbegin.o
 .bss.heap.6420
                0x20000868        0x4 src/ASF/sam/utils/syscalls/gcc/syscalls.o
 .bss.__malloc_current_mallinfo
                0x2000086c       0x28 c:/program files (x86)/atmel/studio/7.0/toolchain/arm/arm-gnu-toolchain/bin/../lib/gcc/arm-none-eabi/6.3.1/../../../../arm-none-eabi/lib/thumb/v7e-m\libc.a(lib_a-mallocr.o)
                0x2000086c                __malloc_current_mallinfo
 .bss.__malloc_max_sbrked_mem
                0x20000894        0x4 c:/program files (x86)/atmel/studio/7.0/toolchain/arm/arm-gnu-toolchain/bin/../lib/gcc/arm-none-eabi/6.3.1/../../../../arm-none-eabi/lib/thumb/v7e-m\libc.a(lib_a-mallocr.o)
                0x20000894                __malloc_max_sbrked_mem
 .bss.__malloc_max_total_mem
                0x20000898        0x4 c:/program files (x86)/atmel/studio/7.0/toolchain/arm/arm-gnu-toolchain/bin/../lib/gcc/arm-none-eabi/6.3.1/../../../../arm-none-eabi/lib/thumb/v7e-m\libc.a(lib_a-mallocr.o)
                0x20000898                __malloc_max_total_mem
 .bss.__malloc_top_pad
                0x2000089c        0x4 c:/program files (x86)/atmel/studio/7.0/toolchain/arm/arm-gnu-toolchain/bin/../lib/gcc/arm-none-eabi/6.3.1/../../../../arm-none-eabi/lib/thumb/v7e-m\libc.a(lib_a-mallocr.o)
                0x2000089c                __malloc_top_pad
 *(COMMON)
 COMMON         0x200008a0        0x4 src/ASF/common/utils/stdio/read.o
                0x200008a0                ptr_get
 COMMON         0x200008a4        0x8 src/ASF/common/utils/stdio/write.o
                0x200008a4                ptr_put
                0x200008a8                stdio_base
 COMMON         0x200008ac       0x21 c:/program files (x86)/atmel/studio/7.0/toolchain/arm/arm-gnu-toolchain/bin/../lib/gcc/arm-none-eabi/6.3.1/../../../../arm-none-eabi/lib/thumb/v7e-m\libc.a(lib_a-lock.o)
                0x200008ac                __lock___atexit_recursive_mutex
                0x200008b0                __lock___arc4random_mutex
                0x200008b4                __lock___env_recursive_mutex
                0x200008b8                __lock___sinit_recursive_mutex
                0x200008bc                __lock___malloc_recursive_mutex
                0x200008c0                __lock___at_quick_exit_mutex
                0x200008c4                __lock___dd_hash_mutex
                0x200008c8                __lock___tz_mutex
                0x200008cc                __lock___sfp_recursive_mutex
 *fill*         0x200008cd        0x3 
 COMMON         0x200008d0        0x4 c:/program files (x86)/atmel/studio/7.0/toolchain/arm/arm-gnu-toolchain/bin/../lib/gcc/arm-none-eabi/6.3.1/../../../../arm-none-eabi/lib/thumb/v7e-m\libc.a(lib_a-reent.o)
                0x200008d0                errno
                0x200008d4                . = ALIGN (0x4)
                0x200008d4                _ebss = .
                0x200008d4                _ezero = .

.stack          0x200008d4     0x3004 load address 0x00402254
                0x200008d8                . = ALIGN (0x8)
 *fill*         0x200008d4        0x4 
                0x200008d8                _sstack = .
                0x200038d8                . = (. + __stack_size__)
 *fill*         0x200008d8     0x3000 
                0x200038d8                . = ALIGN (0x8)
                0x200038d8                _estack = .
                0x200038d8                . = ALIGN (0x4)
                0x200038d8                _end = .
OUTPUT(stdio_uart.elf elf32-littlearm)

.ARM.attributes
                0x00000000       0x2e
 .ARM.attributes
                0x00000000       0x1e c:/program files (x86)/atmel/studio/7.0/toolchain/arm/arm-gnu-toolchain/bin/../lib/gcc/arm-none-eabi/6.3.1/thumb/v7e-m/crti.o
 .ARM.attributes
                0x0000001e       0x2e c:/program files (x86)/atmel/studio/7.0/toolchain/arm/arm-gnu-toolchain/bin/../lib/gcc/arm-none-eabi/6.3.1/thumb/v7e-m/crtbegin.o
 .ARM.attributes
                0x0000004c       0x37 src/ASF/common/utils/stdio/read.o
 .ARM.attributes
                0x00000083       0x37 src/ASF/sam/drivers/usart/usart.o
 .ARM.attributes
                0x000000ba       0x37 src/ASF/common/utils/stdio/write.o
 .ARM.attributes
                0x000000f1       0x37 src/ASF/common/services/serial/usart_serial.o
 .ARM.attributes
                0x00000128       0x37 src/ASF/sam/drivers/uart/uart.o
 .ARM.attributes
                0x0000015f       0x37 src/ASF/common/services/clock/samg/sysclk.o
 .ARM.attributes
                0x00000196       0x37 src/ASF/sam/drivers/pmc/pmc.o
 .ARM.attributes
                0x000001cd       0x37 src/ASF/common/boards/user_board/init.o
 .ARM.attributes
                0x00000204       0x37 src/ASF/common/utils/interrupt/interrupt_sam_nvic.o
 .ARM.attributes
                0x0000023b       0x37 src/ASF/sam/utils/cmsis/samg/samg53/source/templates/exceptions.o
 .ARM.attributes
                0x00000272       0x37 src/ASF/sam/utils/cmsis/samg/samg53/source/templates/gcc/startup_samg53.o
 .ARM.attributes
                0x000002a9       0x37 src/ASF/sam/utils/cmsis/samg/samg53/source/templates/system_samg53.o
 .ARM.attributes
                0x000002e0       0x37 src/ASF/sam/utils/syscalls/gcc/syscalls.o
 .ARM.attributes
                0x00000317       0x37 src/main.o
 .ARM.attributes
                0x0000034e       0x2e c:/program files (x86)/atmel/studio/7.0/toolchain/arm/arm-gnu-toolchain/bin/../lib/gcc/arm-none-eabi/6.3.1/../../../../arm-none-eabi/lib/thumb/v7e-m\libc.a(lib_a-impure.o)
 .ARM.attributes
                0x0000037c       0x2e c:/program files (x86)/atmel/studio/7.0/toolchain/arm/arm-gnu-toolchain/bin/../lib/gcc/arm-none-eabi/6.3.1/../../../../arm-none-eabi/lib/thumb/v7e-m\libc.a(lib_a-init.o)
 .ARM.attributes
                0x000003aa       0x2e c:/program files (x86)/atmel/studio/7.0/toolchain/arm/arm-gnu-toolchain/bin/../lib/gcc/arm-none-eabi/6.3.1/../../../../arm-none-eabi/lib/thumb/v7e-m\libc.a(lib_a-memset.o)
 .ARM.attributes
                0x000003d8       0x2e c:/program files (x86)/atmel/studio/7.0/toolchain/arm/arm-gnu-toolchain/bin/../lib/gcc/arm-none-eabi/6.3.1/../../../../arm-none-eabi/lib/thumb/v7e-m\libc.a(lib_a-setbuf.o)
 .ARM.attributes
                0x00000406       0x2e c:/program files (x86)/atmel/studio/7.0/toolchain/arm/arm-gnu-toolchain/bin/../lib/gcc/arm-none-eabi/6.3.1/../../../../arm-none-eabi/lib/thumb/v7e-m\libc.a(lib_a-setvbuf.o)
 .ARM.attributes
                0x00000434       0x2e c:/program files (x86)/atmel/studio/7.0/toolchain/arm/arm-gnu-toolchain/bin/../lib/gcc/arm-none-eabi/6.3.1/../../../../arm-none-eabi/lib/thumb/v7e-m\libc.a(lib_a-__call_atexit.o)
 .ARM.attributes
                0x00000462       0x2e c:/program files (x86)/atmel/studio/7.0/toolchain/arm/arm-gnu-toolchain/bin/../lib/gcc/arm-none-eabi/6.3.1/../../../../arm-none-eabi/lib/thumb/v7e-m\libc.a(lib_a-atexit.o)
 .ARM.attributes
                0x00000490       0x2e c:/program files (x86)/atmel/studio/7.0/toolchain/arm/arm-gnu-toolchain/bin/../lib/gcc/arm-none-eabi/6.3.1/../../../../arm-none-eabi/lib/thumb/v7e-m\libc.a(lib_a-fflush.o)
 .ARM.attributes
                0x000004be       0x2e c:/program files (x86)/atmel/studio/7.0/toolchain/arm/arm-gnu-toolchain/bin/../lib/gcc/arm-none-eabi/6.3.1/../../../../arm-none-eabi/lib/thumb/v7e-m\libc.a(lib_a-findfp.o)
 .ARM.attributes
                0x000004ec       0x2e c:/program files (x86)/atmel/studio/7.0/toolchain/arm/arm-gnu-toolchain/bin/../lib/gcc/arm-none-eabi/6.3.1/../../../../arm-none-eabi/lib/thumb/v7e-m\libc.a(lib_a-fini.o)
 .ARM.attributes
                0x0000051a       0x2e c:/program files (x86)/atmel/studio/7.0/toolchain/arm/arm-gnu-toolchain/bin/../lib/gcc/arm-none-eabi/6.3.1/../../../../arm-none-eabi/lib/thumb/v7e-m\libc.a(lib_a-freer.o)
 .ARM.attributes
                0x00000548       0x2e c:/program files (x86)/atmel/studio/7.0/toolchain/arm/arm-gnu-toolchain/bin/../lib/gcc/arm-none-eabi/6.3.1/../../../../arm-none-eabi/lib/thumb/v7e-m\libc.a(lib_a-fwalk.o)
 .ARM.attributes
                0x00000576       0x2e c:/program files (x86)/atmel/studio/7.0/toolchain/arm/arm-gnu-toolchain/bin/../lib/gcc/arm-none-eabi/6.3.1/../../../../arm-none-eabi/lib/thumb/v7e-m\libc.a(lib_a-lock.o)
 .ARM.attributes
                0x000005a4       0x2e c:/program files (x86)/atmel/studio/7.0/toolchain/arm/arm-gnu-toolchain/bin/../lib/gcc/arm-none-eabi/6.3.1/../../../../arm-none-eabi/lib/thumb/v7e-m\libc.a(lib_a-makebuf.o)
 .ARM.attributes
                0x000005d2       0x2e c:/program files (x86)/atmel/studio/7.0/toolchain/arm/arm-gnu-toolchain/bin/../lib/gcc/arm-none-eabi/6.3.1/../../../../arm-none-eabi/lib/thumb/v7e-m\libc.a(lib_a-malloc.o)
 .ARM.attributes
                0x00000600       0x2e c:/program files (x86)/atmel/studio/7.0/toolchain/arm/arm-gnu-toolchain/bin/../lib/gcc/arm-none-eabi/6.3.1/../../../../arm-none-eabi/lib/thumb/v7e-m\libc.a(lib_a-mallocr.o)
 .ARM.attributes
                0x0000062e       0x2e c:/program files (x86)/atmel/studio/7.0/toolchain/arm/arm-gnu-toolchain/bin/../lib/gcc/arm-none-eabi/6.3.1/../../../../arm-none-eabi/lib/thumb/v7e-m\libc.a(lib_a-mlock.o)
 .ARM.attributes
                0x0000065c       0x2e c:/program files (x86)/atmel/studio/7.0/toolchain/arm/arm-gnu-toolchain/bin/../lib/gcc/arm-none-eabi/6.3.1/../../../../arm-none-eabi/lib/thumb/v7e-m\libc.a(lib_a-sbrkr.o)
 .ARM.attributes
                0x0000068a       0x2e c:/program files (x86)/atmel/studio/7.0/toolchain/arm/arm-gnu-toolchain/bin/../lib/gcc/arm-none-eabi/6.3.1/../../../../arm-none-eabi/lib/thumb/v7e-m\libc.a(lib_a-stdio.o)
 .ARM.attributes
                0x000006b8       0x2e c:/program files (x86)/atmel/studio/7.0/toolchain/arm/arm-gnu-toolchain/bin/../lib/gcc/arm-none-eabi/6.3.1/../../../../arm-none-eabi/lib/thumb/v7e-m\libc.a(lib_a-writer.o)
 .ARM.attributes
                0x000006e6       0x2e c:/program files (x86)/atmel/studio/7.0/toolchain/arm/arm-gnu-toolchain/bin/../lib/gcc/arm-none-eabi/6.3.1/../../../../arm-none-eabi/lib/thumb/v7e-m\libc.a(lib_a-__atexit.o)
 .ARM.attributes
                0x00000714       0x2e c:/program files (x86)/atmel/studio/7.0/toolchain/arm/arm-gnu-toolchain/bin/../lib/gcc/arm-none-eabi/6.3.1/../../../../arm-none-eabi/lib/thumb/v7e-m\libc.a(lib_a-closer.o)
 .ARM.attributes
                0x00000742       0x2e c:/program files (x86)/atmel/studio/7.0/toolchain/arm/arm-gnu-toolchain/bin/../lib/gcc/arm-none-eabi/6.3.1/../../../../arm-none-eabi/lib/thumb/v7e-m\libc.a(lib_a-fclose.o)
 .ARM.attributes
                0x00000770       0x2e c:/program files (x86)/atmel/studio/7.0/toolchain/arm/arm-gnu-toolchain/bin/../lib/gcc/arm-none-eabi/6.3.1/../../../../arm-none-eabi/lib/thumb/v7e-m\libc.a(lib_a-fstatr.o)
 .ARM.attributes
                0x0000079e       0x2e c:/program files (x86)/atmel/studio/7.0/toolchain/arm/arm-gnu-toolchain/bin/../lib/gcc/arm-none-eabi/6.3.1/../../../../arm-none-eabi/lib/thumb/v7e-m\libc.a(lib_a-lseekr.o)
 .ARM.attributes
                0x000007cc       0x2e c:/program files (x86)/atmel/studio/7.0/toolchain/arm/arm-gnu-toolchain/bin/../lib/gcc/arm-none-eabi/6.3.1/../../../../arm-none-eabi/lib/thumb/v7e-m\libc.a(lib_a-readr.o)
 .ARM.attributes
                0x000007fa       0x2e c:/program files (x86)/atmel/studio/7.0/toolchain/arm/arm-gnu-toolchain/bin/../lib/gcc/arm-none-eabi/6.3.1/../../../../arm-none-eabi/lib/thumb/v7e-m\libc.a(lib_a-reent.o)
 .ARM.attributes
                0x00000828       0x1e c:/program files (x86)/atmel/studio/7.0/toolchain/arm/arm-gnu-toolchain/bin/../lib/gcc/arm-none-eabi/6.3.1/thumb/v7e-m/crtn.o

.comment        0x00000000       0x59
 .comment       0x00000000       0x59 src/ASF/common/utils/stdio/read.o
                                 0x5a (size before relaxing)
 .comment       0x00000059       0x5a src/ASF/sam/drivers/usart/usart.o
 .comment       0x00000059       0x5a src/ASF/common/utils/stdio/write.o
 .comment       0x00000059       0x5a src/ASF/common/services/serial/usart_serial.o
 .comment       0x00000059       0x5a src/ASF/sam/drivers/uart/uart.o
 .comment       0x00000059       0x5a src/ASF/common/services/clock/samg/sysclk.o
 .comment       0x00000059       0x5a src/ASF/sam/drivers/pmc/pmc.o
 .comment       0x00000059       0x5a src/ASF/common/boards/user_board/init.o
 .comment       0x00000059       0x5a src/ASF/common/utils/interrupt/interrupt_sam_nvic.o
 .comment       0x00000059       0x5a src/ASF/sam/utils/cmsis/samg/samg53/source/templates/exceptions.o
 .comment       0x00000059       0x5a src/ASF/sam/utils/cmsis/samg/samg53/source/templates/gcc/startup_samg53.o
 .comment       0x00000059       0x5a src/ASF/sam/utils/cmsis/samg/samg53/source/templates/system_samg53.o
 .comment       0x00000059       0x5a src/ASF/sam/utils/syscalls/gcc/syscalls.o
 .comment       0x00000059       0x5a src/main.o

.debug_info     0x00000000     0xd1f6
 .debug_info    0x00000000      0xac9 src/ASF/common/utils/stdio/read.o
 .debug_info    0x00000ac9     0x1d94 src/ASF/sam/drivers/usart/usart.o
 .debug_info    0x0000285d      0xac6 src/ASF/common/utils/stdio/write.o
 .debug_info    0x00003323     0x10c4 src/ASF/common/services/serial/usart_serial.o
 .debug_info    0x000043e7     0x126d src/ASF/sam/drivers/uart/uart.o
 .debug_info    0x00005654     0x1063 src/ASF/common/services/clock/samg/sysclk.o
 .debug_info    0x000066b7     0x1933 src/ASF/sam/drivers/pmc/pmc.o
 .debug_info    0x00007fea     0x113e src/ASF/common/boards/user_board/init.o
 .debug_info    0x00009128      0xb01 src/ASF/common/utils/interrupt/interrupt_sam_nvic.o
 .debug_info    0x00009c29       0xdc src/ASF/sam/utils/cmsis/samg/samg53/source/templates/exceptions.o
 .debug_info    0x00009d05      0xebe src/ASF/sam/utils/cmsis/samg/samg53/source/templates/gcc/startup_samg53.o
 .debug_info    0x0000abc3      0x490 src/ASF/sam/utils/cmsis/samg/samg53/source/templates/system_samg53.o
 .debug_info    0x0000b053      0xdb0 src/ASF/sam/utils/syscalls/gcc/syscalls.o
 .debug_info    0x0000be03     0x13f3 src/main.o

.debug_abbrev   0x00000000     0x2213
 .debug_abbrev  0x00000000      0x1fe src/ASF/common/utils/stdio/read.o
 .debug_abbrev  0x000001fe      0x406 src/ASF/sam/drivers/usart/usart.o
 .debug_abbrev  0x00000604      0x1e9 src/ASF/common/utils/stdio/write.o
 .debug_abbrev  0x000007ed      0x2b1 src/ASF/common/services/serial/usart_serial.o
 .debug_abbrev  0x00000a9e      0x297 src/ASF/sam/drivers/uart/uart.o
 .debug_abbrev  0x00000d35      0x313 src/ASF/common/services/clock/samg/sysclk.o
 .debug_abbrev  0x00001048      0x35c src/ASF/sam/drivers/pmc/pmc.o
 .debug_abbrev  0x000013a4      0x292 src/ASF/common/boards/user_board/init.o
 .debug_abbrev  0x00001636      0x212 src/ASF/common/utils/interrupt/interrupt_sam_nvic.o
 .debug_abbrev  0x00001848       0x7d src/ASF/sam/utils/cmsis/samg/samg53/source/templates/exceptions.o
 .debug_abbrev  0x000018c5      0x2ae src/ASF/sam/utils/cmsis/samg/samg53/source/templates/gcc/startup_samg53.o
 .debug_abbrev  0x00001b73      0x102 src/ASF/sam/utils/cmsis/samg/samg53/source/templates/system_samg53.o
 .debug_abbrev  0x00001c75      0x264 src/ASF/sam/utils/syscalls/gcc/syscalls.o
 .debug_abbrev  0x00001ed9      0x33a src/main.o

.debug_loc      0x00000000     0x23c4
 .debug_loc     0x00000000       0xb3 src/ASF/common/utils/stdio/read.o
 .debug_loc     0x000000b3      0xc99 src/ASF/sam/drivers/usart/usart.o
 .debug_loc     0x00000d4c      0x12b src/ASF/common/utils/stdio/write.o
 .debug_loc     0x00000e77      0x2a7 src/ASF/common/services/serial/usart_serial.o
 .debug_loc     0x0000111e      0x2f5 src/ASF/sam/drivers/uart/uart.o
 .debug_loc     0x00001413      0x102 src/ASF/common/services/clock/samg/sysclk.o
 .debug_loc     0x00001515      0xa10 src/ASF/sam/drivers/pmc/pmc.o
 .debug_loc     0x00001f25       0x9c src/ASF/common/boards/user_board/init.o
 .debug_loc     0x00001fc1       0x77 src/ASF/sam/utils/cmsis/samg/samg53/source/templates/gcc/startup_samg53.o
 .debug_loc     0x00002038       0xfd src/ASF/sam/utils/syscalls/gcc/syscalls.o
 .debug_loc     0x00002135      0x28f src/main.o

.debug_aranges  0x00000000      0x668
 .debug_aranges
                0x00000000       0x20 src/ASF/common/utils/stdio/read.o
 .debug_aranges
                0x00000020      0x1b8 src/ASF/sam/drivers/usart/usart.o
 .debug_aranges
                0x000001d8       0x20 src/ASF/common/utils/stdio/write.o
 .debug_aranges
                0x000001f8       0x28 src/ASF/common/services/serial/usart_serial.o
 .debug_aranges
                0x00000220       0xf8 src/ASF/sam/drivers/uart/uart.o
 .debug_aranges
                0x00000318       0x30 src/ASF/common/services/clock/samg/sysclk.o
 .debug_aranges
                0x00000348      0x1d8 src/ASF/sam/drivers/pmc/pmc.o
 .debug_aranges
                0x00000520       0x20 src/ASF/common/boards/user_board/init.o
 .debug_aranges
                0x00000540       0x28 src/ASF/common/utils/interrupt/interrupt_sam_nvic.o
 .debug_aranges
                0x00000568       0x20 src/ASF/sam/utils/cmsis/samg/samg53/source/templates/exceptions.o
 .debug_aranges
                0x00000588       0x20 src/ASF/sam/utils/cmsis/samg/samg53/source/templates/gcc/startup_samg53.o
 .debug_aranges
                0x000005a8       0x30 src/ASF/sam/utils/cmsis/samg/samg53/source/templates/system_samg53.o
 .debug_aranges
                0x000005d8       0x60 src/ASF/sam/utils/syscalls/gcc/syscalls.o
 .debug_aranges
                0x00000638       0x30 src/main.o

.debug_ranges   0x00000000      0x5b8
 .debug_ranges  0x00000000       0x10 src/ASF/common/utils/stdio/read.o
 .debug_ranges  0x00000010      0x1a8 src/ASF/sam/drivers/usart/usart.o
 .debug_ranges  0x000001b8       0x10 src/ASF/common/utils/stdio/write.o
 .debug_ranges  0x000001c8       0x48 src/ASF/common/services/serial/usart_serial.o
 .debug_ranges  0x00000210       0xe8 src/ASF/sam/drivers/uart/uart.o
 .debug_ranges  0x000002f8       0x20 src/ASF/common/services/clock/samg/sysclk.o
 .debug_ranges  0x00000318      0x1c8 src/ASF/sam/drivers/pmc/pmc.o
 .debug_ranges  0x000004e0       0x10 src/ASF/common/boards/user_board/init.o
 .debug_ranges  0x000004f0       0x18 src/ASF/common/utils/interrupt/interrupt_sam_nvic.o
 .debug_ranges  0x00000508       0x10 src/ASF/sam/utils/cmsis/samg/samg53/source/templates/exceptions.o
 .debug_ranges  0x00000518       0x10 src/ASF/sam/utils/cmsis/samg/samg53/source/templates/gcc/startup_samg53.o
 .debug_ranges  0x00000528       0x20 src/ASF/sam/utils/cmsis/samg/samg53/source/templates/system_samg53.o
 .debug_ranges  0x00000548       0x50 src/ASF/sam/utils/syscalls/gcc/syscalls.o
 .debug_ranges  0x00000598       0x20 src/main.o

.debug_macro    0x00000000     0xffde
 .debug_macro   0x00000000      0x4b6 src/ASF/common/utils/stdio/read.o
 .debug_macro   0x000004b6      0x8c8 src/ASF/common/utils/stdio/read.o
 .debug_macro   0x00000d7e      0x16d src/ASF/common/utils/stdio/read.o
 .debug_macro   0x00000eeb      0x64b src/ASF/common/utils/stdio/read.o
 .debug_macro   0x00001536       0x76 src/ASF/common/utils/stdio/read.o
 .debug_macro   0x000015ac       0x16 src/ASF/common/utils/stdio/read.o
 .debug_macro   0x000015c2      0x6e4 src/ASF/common/utils/stdio/read.o
 .debug_macro   0x00001ca6       0x22 src/ASF/common/utils/stdio/read.o
 .debug_macro   0x00001cc8       0x87 src/ASF/common/utils/stdio/read.o
 .debug_macro   0x00001d4f       0x51 src/ASF/common/utils/stdio/read.o
 .debug_macro   0x00001da0       0xef src/ASF/common/utils/stdio/read.o
 .debug_macro   0x00001e8f       0x6a src/ASF/common/utils/stdio/read.o
 .debug_macro   0x00001ef9      0x1df src/ASF/common/utils/stdio/read.o
 .debug_macro   0x000020d8       0x27 src/ASF/common/utils/stdio/read.o
 .debug_macro   0x000020ff       0x3b src/ASF/common/utils/stdio/read.o
 .debug_macro   0x0000213a       0x2d src/ASF/common/utils/stdio/read.o
 .debug_macro   0x00002167       0x26 src/ASF/common/utils/stdio/read.o
 .debug_macro   0x0000218d      0xd39 src/ASF/common/utils/stdio/read.o
 .debug_macro   0x00002ec6      0x6b6 src/ASF/common/utils/stdio/read.o
 .debug_macro   0x0000357c      0x197 src/ASF/common/utils/stdio/read.o
 .debug_macro   0x00003713      0x106 src/ASF/common/utils/stdio/read.o
 .debug_macro   0x00003819       0x1c src/ASF/common/utils/stdio/read.o
 .debug_macro   0x00003835      0x3bf src/ASF/common/utils/stdio/read.o
 .debug_macro   0x00003bf4      0x22d src/ASF/common/utils/stdio/read.o
 .debug_macro   0x00003e21      0x15e src/ASF/common/utils/stdio/read.o
 .debug_macro   0x00003f7f       0xee src/ASF/common/utils/stdio/read.o
 .debug_macro   0x0000406d      0x1ff src/ASF/common/utils/stdio/read.o
 .debug_macro   0x0000426c     0x25e6 src/ASF/common/utils/stdio/read.o
 .debug_macro   0x00006852      0x8dc src/ASF/common/utils/stdio/read.o
 .debug_macro   0x0000712e       0x9a src/ASF/common/utils/stdio/read.o
 .debug_macro   0x000071c8      0x34e src/ASF/common/utils/stdio/read.o
 .debug_macro   0x00007516       0x64 src/ASF/common/utils/stdio/read.o
 .debug_macro   0x0000757a      0x3be src/ASF/common/utils/stdio/read.o
 .debug_macro   0x00007938      0x16c src/ASF/common/utils/stdio/read.o
 .debug_macro   0x00007aa4      0x5c6 src/ASF/common/utils/stdio/read.o
 .debug_macro   0x0000806a      0x3ce src/ASF/common/utils/stdio/read.o
 .debug_macro   0x00008438      0x632 src/ASF/common/utils/stdio/read.o
 .debug_macro   0x00008a6a      0x360 src/ASF/common/utils/stdio/read.o
 .debug_macro   0x00008dca      0x5a3 src/ASF/common/utils/stdio/read.o
 .debug_macro   0x0000936d       0x76 src/ASF/common/utils/stdio/read.o
 .debug_macro   0x000093e3       0x82 src/ASF/common/utils/stdio/read.o
 .debug_macro   0x00009465       0x82 src/ASF/common/utils/stdio/read.o
 .debug_macro   0x000094e7       0x88 src/ASF/common/utils/stdio/read.o
 .debug_macro   0x0000956f      0x10d src/ASF/common/utils/stdio/read.o
 .debug_macro   0x0000967c       0xe2 src/ASF/common/utils/stdio/read.o
 .debug_macro   0x0000975e       0xac src/ASF/common/utils/stdio/read.o
 .debug_macro   0x0000980a       0x94 src/ASF/common/utils/stdio/read.o
 .debug_macro   0x0000989e       0xa6 src/ASF/common/utils/stdio/read.o
 .debug_macro   0x00009944       0x6a src/ASF/common/utils/stdio/read.o
 .debug_macro   0x000099ae       0x70 src/ASF/common/utils/stdio/read.o
 .debug_macro   0x00009a1e       0x70 src/ASF/common/utils/stdio/read.o
 .debug_macro   0x00009a8e       0xa0 src/ASF/common/utils/stdio/read.o
 .debug_macro   0x00009b2e       0x94 src/ASF/common/utils/stdio/read.o
 .debug_macro   0x00009bc2       0x40 src/ASF/common/utils/stdio/read.o
 .debug_macro   0x00009c02       0xa6 src/ASF/common/utils/stdio/read.o
 .debug_macro   0x00009ca8       0x88 src/ASF/common/utils/stdio/read.o
 .debug_macro   0x00009d30       0x16 src/ASF/common/utils/stdio/read.o
 .debug_macro   0x00009d46       0x88 src/ASF/common/utils/stdio/read.o
 .debug_macro   0x00009dce       0x22 src/ASF/common/utils/stdio/read.o
 .debug_macro   0x00009df0      0x12d src/ASF/common/utils/stdio/read.o
 .debug_macro   0x00009f1d      0x12d src/ASF/common/utils/stdio/read.o
 .debug_macro   0x0000a04a       0x1c src/ASF/common/utils/stdio/read.o
 .debug_macro   0x0000a066       0x22 src/ASF/common/utils/stdio/read.o
 .debug_macro   0x0000a088       0x22 src/ASF/common/utils/stdio/read.o
 .debug_macro   0x0000a0aa       0x1c src/ASF/common/utils/stdio/read.o
 .debug_macro   0x0000a0c6       0x52 src/ASF/common/utils/stdio/read.o
 .debug_macro   0x0000a118       0x10 src/ASF/common/utils/stdio/read.o
 .debug_macro   0x0000a128      0x1f5 src/ASF/common/utils/stdio/read.o
 .debug_macro   0x0000a31d      0x394 src/ASF/common/utils/stdio/read.o
 .debug_macro   0x0000a6b1       0xba src/ASF/common/utils/stdio/read.o
 .debug_macro   0x0000a76b       0x58 src/ASF/common/utils/stdio/read.o
 .debug_macro   0x0000a7c3       0x35 src/ASF/common/utils/stdio/read.o
 .debug_macro   0x0000a7f8       0x9c src/ASF/common/utils/stdio/read.o
 .debug_macro   0x0000a894       0x16 src/ASF/common/utils/stdio/read.o
 .debug_macro   0x0000a8aa       0x35 src/ASF/common/utils/stdio/read.o
 .debug_macro   0x0000a8df      0x353 src/ASF/common/utils/stdio/read.o
 .debug_macro   0x0000ac32       0x10 src/ASF/common/utils/stdio/read.o
 .debug_macro   0x0000ac42       0x58 src/ASF/common/utils/stdio/read.o
 .debug_macro   0x0000ac9a       0x1f src/ASF/common/utils/stdio/read.o
 .debug_macro   0x0000acb9       0x43 src/ASF/common/utils/stdio/read.o
 .debug_macro   0x0000acfc       0x20 src/ASF/common/utils/stdio/read.o
 .debug_macro   0x0000ad1c      0x187 src/ASF/common/utils/stdio/read.o
 .debug_macro   0x0000aea3       0x10 src/ASF/common/utils/stdio/read.o
 .debug_macro   0x0000aeb3       0x1c src/ASF/common/utils/stdio/read.o
 .debug_macro   0x0000aecf       0x52 src/ASF/common/utils/stdio/read.o
 .debug_macro   0x0000af21       0x40 src/ASF/common/utils/stdio/read.o
 .debug_macro   0x0000af61       0x10 src/ASF/common/utils/stdio/read.o
 .debug_macro   0x0000af71       0x40 src/ASF/common/utils/stdio/read.o
 .debug_macro   0x0000afb1       0xd7 src/ASF/common/utils/stdio/read.o
 .debug_macro   0x0000b088       0x16 src/ASF/common/utils/stdio/read.o
 .debug_macro   0x0000b09e      0x18b src/ASF/common/utils/stdio/read.o
 .debug_macro   0x0000b229       0x22 src/ASF/common/utils/stdio/read.o
 .debug_macro   0x0000b24b       0x16 src/ASF/common/utils/stdio/read.o
 .debug_macro   0x0000b261       0x16 src/ASF/common/utils/stdio/read.o
 .debug_macro   0x0000b277       0x29 src/ASF/common/utils/stdio/read.o
 .debug_macro   0x0000b2a0       0x75 src/ASF/common/utils/stdio/read.o
 .debug_macro   0x0000b315       0x3f src/ASF/common/utils/stdio/read.o
 .debug_macro   0x0000b354      0x3ca src/ASF/common/utils/stdio/read.o
 .debug_macro   0x0000b71e      0x4fb src/ASF/sam/drivers/usart/usart.o
 .debug_macro   0x0000bc19       0x28 src/ASF/sam/drivers/usart/usart.o
 .debug_macro   0x0000bc41      0x4b6 src/ASF/common/utils/stdio/write.o
 .debug_macro   0x0000c0f7      0x563 src/ASF/common/services/serial/usart_serial.o
 .debug_macro   0x0000c65a       0x28 src/ASF/common/services/serial/usart_serial.o
 .debug_macro   0x0000c682      0x2c6 src/ASF/common/services/serial/usart_serial.o
 .debug_macro   0x0000c948       0x34 src/ASF/common/services/serial/usart_serial.o
 .debug_macro   0x0000c97c       0x58 src/ASF/common/services/serial/usart_serial.o
 .debug_macro   0x0000c9d4       0x64 src/ASF/common/services/serial/usart_serial.o
 .debug_macro   0x0000ca38       0x40 src/ASF/common/services/serial/usart_serial.o
 .debug_macro   0x0000ca78       0x7b src/ASF/common/services/serial/usart_serial.o
 .debug_macro   0x0000caf3       0x1c src/ASF/common/services/serial/usart_serial.o
 .debug_macro   0x0000cb0f       0x2e src/ASF/common/services/serial/usart_serial.o
 .debug_macro   0x0000cb3d       0x28 src/ASF/common/services/serial/usart_serial.o
 .debug_macro   0x0000cb65      0x4c5 src/ASF/sam/drivers/uart/uart.o
 .debug_macro   0x0000d02a       0x16 src/ASF/sam/drivers/uart/uart.o
 .debug_macro   0x0000d040      0x543 src/ASF/common/services/clock/samg/sysclk.o
 .debug_macro   0x0000d583      0x2c0 src/ASF/common/services/clock/samg/sysclk.o
 .debug_macro   0x0000d843       0x9a src/ASF/common/services/clock/samg/sysclk.o
 .debug_macro   0x0000d8dd      0x4cb src/ASF/sam/drivers/pmc/pmc.o
 .debug_macro   0x0000dda8       0x52 src/ASF/sam/drivers/pmc/pmc.o
 .debug_macro   0x0000ddfa      0x5bf src/ASF/common/boards/user_board/init.o
 .debug_macro   0x0000e3b9       0x82 src/ASF/common/boards/user_board/init.o
 .debug_macro   0x0000e43b       0x16 src/ASF/common/boards/user_board/init.o
 .debug_macro   0x0000e451      0x4b6 src/ASF/common/utils/interrupt/interrupt_sam_nvic.o
 .debug_macro   0x0000e907      0x2bd src/ASF/sam/utils/cmsis/samg/samg53/source/templates/exceptions.o
 .debug_macro   0x0000ebc4      0x4dd src/ASF/sam/utils/cmsis/samg/samg53/source/templates/gcc/startup_samg53.o
 .debug_macro   0x0000f0a1       0x10 src/ASF/sam/utils/cmsis/samg/samg53/source/templates/gcc/startup_samg53.o
 .debug_macro   0x0000f0b1      0x2cf src/ASF/sam/utils/cmsis/samg/samg53/source/templates/system_samg53.o
 .debug_macro   0x0000f380       0x2d src/ASF/sam/utils/cmsis/samg/samg53/source/templates/system_samg53.o
 .debug_macro   0x0000f3ad      0x1d6 src/ASF/sam/utils/syscalls/gcc/syscalls.o
 .debug_macro   0x0000f583       0x52 src/ASF/sam/utils/syscalls/gcc/syscalls.o
 .debug_macro   0x0000f5d5       0x8d src/ASF/sam/utils/syscalls/gcc/syscalls.o
 .debug_macro   0x0000f662       0x57 src/ASF/sam/utils/syscalls/gcc/syscalls.o
 .debug_macro   0x0000f6b9       0x97 src/ASF/sam/utils/syscalls/gcc/syscalls.o
 .debug_macro   0x0000f750       0xf6 src/ASF/sam/utils/syscalls/gcc/syscalls.o
 .debug_macro   0x0000f846       0x4c src/ASF/sam/utils/syscalls/gcc/syscalls.o
 .debug_macro   0x0000f892       0x16 src/ASF/sam/utils/syscalls/gcc/syscalls.o
 .debug_macro   0x0000f8a8       0x10 src/ASF/sam/utils/syscalls/gcc/syscalls.o
 .debug_macro   0x0000f8b8       0x10 src/ASF/sam/utils/syscalls/gcc/syscalls.o
 .debug_macro   0x0000f8c8       0x35 src/ASF/sam/utils/syscalls/gcc/syscalls.o
 .debug_macro   0x0000f8fd      0x122 src/ASF/sam/utils/syscalls/gcc/syscalls.o
 .debug_macro   0x0000fa1f      0x5bf src/main.o

.debug_line     0x00000000     0x9b0d
 .debug_line    0x00000000      0xa3c src/ASF/common/utils/stdio/read.o
 .debug_line    0x00000a3c      0xee0 src/ASF/sam/drivers/usart/usart.o
 .debug_line    0x0000191c      0xa34 src/ASF/common/utils/stdio/write.o
 .debug_line    0x00002350      0xc75 src/ASF/common/services/serial/usart_serial.o
 .debug_line    0x00002fc5      0xc18 src/ASF/sam/drivers/uart/uart.o
 .debug_line    0x00003bdd      0xbc1 src/ASF/common/services/clock/samg/sysclk.o
 .debug_line    0x0000479e      0xf3e src/ASF/sam/drivers/pmc/pmc.o
 .debug_line    0x000056dc      0xd60 src/ASF/common/boards/user_board/init.o
 .debug_line    0x0000643c      0xa56 src/ASF/common/utils/interrupt/interrupt_sam_nvic.o
 .debug_line    0x00006e92      0x7b8 src/ASF/sam/utils/cmsis/samg/samg53/source/templates/exceptions.o
 .debug_line    0x0000764a      0xacf src/ASF/sam/utils/cmsis/samg/samg53/source/templates/gcc/startup_samg53.o
 .debug_line    0x00008119      0x804 src/ASF/sam/utils/cmsis/samg/samg53/source/templates/system_samg53.o
 .debug_line    0x0000891d      0x40b src/ASF/sam/utils/syscalls/gcc/syscalls.o
 .debug_line    0x00008d28      0xde5 src/main.o

.debug_str      0x00000000    0x40cf7
 .debug_str     0x00000000    0x3cd35 src/ASF/common/utils/stdio/read.o
                              0x3d08d (size before relaxing)
 .debug_str     0x0003cd35      0x8c0 src/ASF/sam/drivers/usart/usart.o
                              0x3d932 (size before relaxing)
 .debug_str     0x0003d5f5       0x2e src/ASF/common/utils/stdio/write.o
                              0x3d08e (size before relaxing)
 .debug_str     0x0003d623     0x1626 src/ASF/common/services/serial/usart_serial.o
                              0x3e801 (size before relaxing)
 .debug_str     0x0003ec49      0x282 src/ASF/sam/drivers/uart/uart.o
                              0x3d4c9 (size before relaxing)
 .debug_str     0x0003eecb      0x544 src/ASF/common/services/clock/samg/sysclk.o
                              0x3e7c9 (size before relaxing)
 .debug_str     0x0003f40f      0x637 src/ASF/sam/drivers/pmc/pmc.o
                              0x3da6b (size before relaxing)
 .debug_str     0x0003fa46      0x665 src/ASF/common/boards/user_board/init.o
                              0x3ed4b (size before relaxing)
 .debug_str     0x000400ab       0x94 src/ASF/common/utils/interrupt/interrupt_sam_nvic.o
                              0x3d0e4 (size before relaxing)
 .debug_str     0x0004013f       0x53 src/ASF/sam/utils/cmsis/samg/samg53/source/templates/exceptions.o
                              0x2d68d (size before relaxing)
 .debug_str     0x00040192      0x17d src/ASF/sam/utils/cmsis/samg/samg53/source/templates/gcc/startup_samg53.o
                              0x3d2e6 (size before relaxing)
 .debug_str     0x0004030f      0x189 src/ASF/sam/utils/cmsis/samg/samg53/source/templates/system_samg53.o
                              0x2d949 (size before relaxing)
 .debug_str     0x00040498      0x774 src/ASF/sam/utils/syscalls/gcc/syscalls.o
                               0x745f (size before relaxing)
 .debug_str     0x00040c0c       0xeb src/main.o
                              0x3ee3c (size before relaxing)

.debug_frame    0x00000000     0x1498
 .debug_frame   0x00000000       0x30 src/ASF/common/utils/stdio/read.o
 .debug_frame   0x00000030      0x3d4 src/ASF/sam/drivers/usart/usart.o
 .debug_frame   0x00000404       0x48 src/ASF/common/utils/stdio/write.o
 .debug_frame   0x0000044c       0x7c src/ASF/common/services/serial/usart_serial.o
 .debug_frame   0x000004c8      0x1dc src/ASF/sam/drivers/uart/uart.o
 .debug_frame   0x000006a4       0x58 src/ASF/common/services/clock/samg/sysclk.o
 .debug_frame   0x000006fc      0x3a4 src/ASF/sam/drivers/pmc/pmc.o
 .debug_frame   0x00000aa0       0x28 src/ASF/common/boards/user_board/init.o
 .debug_frame   0x00000ac8       0x30 src/ASF/common/utils/interrupt/interrupt_sam_nvic.o
 .debug_frame   0x00000af8       0x20 src/ASF/sam/utils/cmsis/samg/samg53/source/templates/exceptions.o
 .debug_frame   0x00000b18       0x28 src/ASF/sam/utils/cmsis/samg/samg53/source/templates/gcc/startup_samg53.o
 .debug_frame   0x00000b40       0x40 src/ASF/sam/utils/cmsis/samg/samg53/source/templates/system_samg53.o
 .debug_frame   0x00000b80       0xa0 src/ASF/sam/utils/syscalls/gcc/syscalls.o
 .debug_frame   0x00000c20       0x6c src/main.o
 .debug_frame   0x00000c8c       0x2c c:/program files (x86)/atmel/studio/7.0/toolchain/arm/arm-gnu-toolchain/bin/../lib/gcc/arm-none-eabi/6.3.1/../../../../arm-none-eabi/lib/thumb/v7e-m\libc.a(lib_a-init.o)
 .debug_frame   0x00000cb8       0x34 c:/program files (x86)/atmel/studio/7.0/toolchain/arm/arm-gnu-toolchain/bin/../lib/gcc/arm-none-eabi/6.3.1/../../../../arm-none-eabi/lib/thumb/v7e-m\libc.a(lib_a-memset.o)
 .debug_frame   0x00000cec       0x20 c:/program files (x86)/atmel/studio/7.0/toolchain/arm/arm-gnu-toolchain/bin/../lib/gcc/arm-none-eabi/6.3.1/../../../../arm-none-eabi/lib/thumb/v7e-m\libc.a(lib_a-setbuf.o)
 .debug_frame   0x00000d0c       0x48 c:/program files (x86)/atmel/studio/7.0/toolchain/arm/arm-gnu-toolchain/bin/../lib/gcc/arm-none-eabi/6.3.1/../../../../arm-none-eabi/lib/thumb/v7e-m\libc.a(lib_a-setvbuf.o)
 .debug_frame   0x00000d54       0x5c c:/program files (x86)/atmel/studio/7.0/toolchain/arm/arm-gnu-toolchain/bin/../lib/gcc/arm-none-eabi/6.3.1/../../../../arm-none-eabi/lib/thumb/v7e-m\libc.a(lib_a-__call_atexit.o)
 .debug_frame   0x00000db0       0x20 c:/program files (x86)/atmel/studio/7.0/toolchain/arm/arm-gnu-toolchain/bin/../lib/gcc/arm-none-eabi/6.3.1/../../../../arm-none-eabi/lib/thumb/v7e-m\libc.a(lib_a-atexit.o)
 .debug_frame   0x00000dd0       0x5c c:/program files (x86)/atmel/studio/7.0/toolchain/arm/arm-gnu-toolchain/bin/../lib/gcc/arm-none-eabi/6.3.1/../../../../arm-none-eabi/lib/thumb/v7e-m\libc.a(lib_a-fflush.o)
 .debug_frame   0x00000e2c      0x148 c:/program files (x86)/atmel/studio/7.0/toolchain/arm/arm-gnu-toolchain/bin/../lib/gcc/arm-none-eabi/6.3.1/../../../../arm-none-eabi/lib/thumb/v7e-m\libc.a(lib_a-findfp.o)
 .debug_frame   0x00000f74       0x34 c:/program files (x86)/atmel/studio/7.0/toolchain/arm/arm-gnu-toolchain/bin/../lib/gcc/arm-none-eabi/6.3.1/../../../../arm-none-eabi/lib/thumb/v7e-m\libc.a(lib_a-fini.o)
 .debug_frame   0x00000fa8       0x74 c:/program files (x86)/atmel/studio/7.0/toolchain/arm/arm-gnu-toolchain/bin/../lib/gcc/arm-none-eabi/6.3.1/../../../../arm-none-eabi/lib/thumb/v7e-m\libc.a(lib_a-freer.o)
 .debug_frame   0x0000101c       0x54 c:/program files (x86)/atmel/studio/7.0/toolchain/arm/arm-gnu-toolchain/bin/../lib/gcc/arm-none-eabi/6.3.1/../../../../arm-none-eabi/lib/thumb/v7e-m\libc.a(lib_a-fwalk.o)
 .debug_frame   0x00001070       0xb0 c:/program files (x86)/atmel/studio/7.0/toolchain/arm/arm-gnu-toolchain/bin/../lib/gcc/arm-none-eabi/6.3.1/../../../../arm-none-eabi/lib/thumb/v7e-m\libc.a(lib_a-lock.o)
 .debug_frame   0x00001120       0x68 c:/program files (x86)/atmel/studio/7.0/toolchain/arm/arm-gnu-toolchain/bin/../lib/gcc/arm-none-eabi/6.3.1/../../../../arm-none-eabi/lib/thumb/v7e-m\libc.a(lib_a-makebuf.o)
 .debug_frame   0x00001188       0x30 c:/program files (x86)/atmel/studio/7.0/toolchain/arm/arm-gnu-toolchain/bin/../lib/gcc/arm-none-eabi/6.3.1/../../../../arm-none-eabi/lib/thumb/v7e-m\libc.a(lib_a-malloc.o)
 .debug_frame   0x000011b8       0x58 c:/program files (x86)/atmel/studio/7.0/toolchain/arm/arm-gnu-toolchain/bin/../lib/gcc/arm-none-eabi/6.3.1/../../../../arm-none-eabi/lib/thumb/v7e-m\libc.a(lib_a-mallocr.o)
 .debug_frame   0x00001210       0x30 c:/program files (x86)/atmel/studio/7.0/toolchain/arm/arm-gnu-toolchain/bin/../lib/gcc/arm-none-eabi/6.3.1/../../../../arm-none-eabi/lib/thumb/v7e-m\libc.a(lib_a-mlock.o)
 .debug_frame   0x00001240       0x2c c:/program files (x86)/atmel/studio/7.0/toolchain/arm/arm-gnu-toolchain/bin/../lib/gcc/arm-none-eabi/6.3.1/../../../../arm-none-eabi/lib/thumb/v7e-m\libc.a(lib_a-sbrkr.o)
 .debug_frame   0x0000126c       0x88 c:/program files (x86)/atmel/studio/7.0/toolchain/arm/arm-gnu-toolchain/bin/../lib/gcc/arm-none-eabi/6.3.1/../../../../arm-none-eabi/lib/thumb/v7e-m\libc.a(lib_a-stdio.o)
 .debug_frame   0x000012f4       0x2c c:/program files (x86)/atmel/studio/7.0/toolchain/arm/arm-gnu-toolchain/bin/../lib/gcc/arm-none-eabi/6.3.1/../../../../arm-none-eabi/lib/thumb/v7e-m\libc.a(lib_a-writer.o)
 .debug_frame   0x00001320       0x34 c:/program files (x86)/atmel/studio/7.0/toolchain/arm/arm-gnu-toolchain/bin/../lib/gcc/arm-none-eabi/6.3.1/../../../../arm-none-eabi/lib/thumb/v7e-m\libc.a(lib_a-__atexit.o)
 .debug_frame   0x00001354       0x2c c:/program files (x86)/atmel/studio/7.0/toolchain/arm/arm-gnu-toolchain/bin/../lib/gcc/arm-none-eabi/6.3.1/../../../../arm-none-eabi/lib/thumb/v7e-m\libc.a(lib_a-closer.o)
 .debug_frame   0x00001380       0x3c c:/program files (x86)/atmel/studio/7.0/toolchain/arm/arm-gnu-toolchain/bin/../lib/gcc/arm-none-eabi/6.3.1/../../../../arm-none-eabi/lib/thumb/v7e-m\libc.a(lib_a-fclose.o)
 .debug_frame   0x000013bc       0x2c c:/program files (x86)/atmel/studio/7.0/toolchain/arm/arm-gnu-toolchain/bin/../lib/gcc/arm-none-eabi/6.3.1/../../../../arm-none-eabi/lib/thumb/v7e-m\libc.a(lib_a-fstatr.o)
 .debug_frame   0x000013e8       0x2c c:/program files (x86)/atmel/studio/7.0/toolchain/arm/arm-gnu-toolchain/bin/../lib/gcc/arm-none-eabi/6.3.1/../../../../arm-none-eabi/lib/thumb/v7e-m\libc.a(lib_a-lseekr.o)
 .debug_frame   0x00001414       0x2c c:/program files (x86)/atmel/studio/7.0/toolchain/arm/arm-gnu-toolchain/bin/../lib/gcc/arm-none-eabi/6.3.1/../../../../arm-none-eabi/lib/thumb/v7e-m\libc.a(lib_a-readr.o)
 .debug_frame   0x00001440       0x58 c:/program files (x86)/atmel/studio/7.0/toolchain/arm/arm-gnu-toolchain/bin/../lib/gcc/arm-none-eabi/6.3.1/../../../../arm-none-eabi/lib/thumb/v7e-m\libc.a(lib_a-reent.o)

Cross Reference Table

Symbol                                            File
ADC_Handler                                       src/ASF/sam/utils/cmsis/samg/samg53/source/templates/exceptions.o
                                                  src/ASF/sam/utils/cmsis/samg/samg53/source/templates/gcc/startup_samg53.o
ARM_Handler                                       src/ASF/sam/utils/cmsis/samg/samg53/source/templates/exceptions.o
                                                  src/ASF/sam/utils/cmsis/samg/samg53/source/templates/gcc/startup_samg53.o
BusFault_Handler                                  src/ASF/sam/utils/cmsis/samg/samg53/source/templates/exceptions.o
                                                  src/ASF/sam/utils/cmsis/samg/samg53/source/templates/gcc/startup_samg53.o
DebugMon_Handler                                  src/ASF/sam/utils/cmsis/samg/samg53/source/templates/exceptions.o
                                                  src/ASF/sam/utils/cmsis/samg/samg53/source/templates/gcc/startup_samg53.o
Dummy_Handler                                     src/ASF/sam/utils/cmsis/samg/samg53/source/templates/exceptions.o
                                                  src/ASF/sam/utils/cmsis/samg/samg53/source/templates/gcc/startup_samg53.o
EFC_Handler                                       src/ASF/sam/utils/cmsis/samg/samg53/source/templates/exceptions.o
                                                  src/ASF/sam/utils/cmsis/samg/samg53/source/templates/gcc/startup_samg53.o
HardFault_Handler                                 src/ASF/sam/utils/cmsis/samg/samg53/source/templates/exceptions.o
                                                  src/ASF/sam/utils/cmsis/samg/samg53/source/templates/gcc/startup_samg53.o
I2SC0_Handler                                     src/ASF/sam/utils/cmsis/samg/samg53/source/templates/exceptions.o
                                                  src/ASF/sam/utils/cmsis/samg/samg53/source/templates/gcc/startup_samg53.o
I2SC1_Handler                                     src/ASF/sam/utils/cmsis/samg/samg53/source/templates/exceptions.o
                                                  src/ASF/sam/utils/cmsis/samg/samg53/source/templates/gcc/startup_samg53.o
MEM2MEM_Handler                                   src/ASF/sam/utils/cmsis/samg/samg53/source/templates/exceptions.o
                                                  src/ASF/sam/utils/cmsis/samg/samg53/source/templates/gcc/startup_samg53.o
MemManage_Handler                                 src/ASF/sam/utils/cmsis/samg/samg53/source/templates/exceptions.o
                                                  src/ASF/sam/utils/cmsis/samg/samg53/source/templates/gcc/startup_samg53.o
NMI_Handler                                       src/ASF/sam/utils/cmsis/samg/samg53/source/templates/exceptions.o
                                                  src/ASF/sam/utils/cmsis/samg/samg53/source/templates/gcc/startup_samg53.o
PDMIC0_Handler                                    src/ASF/sam/utils/cmsis/samg/samg53/source/templates/exceptions.o
                                                  src/ASF/sam/utils/cmsis/samg/samg53/source/templates/gcc/startup_samg53.o
PDMIC1_Handler                                    src/ASF/sam/utils/cmsis/samg/samg53/source/templates/exceptions.o
                                                  src/ASF/sam/utils/cmsis/samg/samg53/source/templates/gcc/startup_samg53.o
PIOA_Handler                                      src/ASF/sam/utils/cmsis/samg/samg53/source/templates/exceptions.o
                                                  src/ASF/sam/utils/cmsis/samg/samg53/source/templates/gcc/startup_samg53.o
PIOB_Handler                                      src/ASF/sam/utils/cmsis/samg/samg53/source/templates/exceptions.o
                                                  src/ASF/sam/utils/cmsis/samg/samg53/source/templates/gcc/startup_samg53.o
PMC_Handler                                       src/ASF/sam/utils/cmsis/samg/samg53/source/templates/exceptions.o
                                                  src/ASF/sam/utils/cmsis/samg/samg53/source/templates/gcc/startup_samg53.o
PendSV_Handler                                    src/ASF/sam/utils/cmsis/samg/samg53/source/templates/exceptions.o
                                                  src/ASF/sam/utils/cmsis/samg/samg53/source/templates/gcc/startup_samg53.o
RSTC_Handler                                      src/ASF/sam/utils/cmsis/samg/samg53/source/templates/exceptions.o
                                                  src/ASF/sam/utils/cmsis/samg/samg53/source/templates/gcc/startup_samg53.o
RTC_Handler                                       src/ASF/sam/utils/cmsis/samg/samg53/source/templates/exceptions.o
                                                  src/ASF/sam/utils/cmsis/samg/samg53/source/templates/gcc/startup_samg53.o
RTT_Handler                                       src/ASF/sam/utils/cmsis/samg/samg53/source/templates/exceptions.o
                                                  src/ASF/sam/utils/cmsis/samg/samg53/source/templates/gcc/startup_samg53.o
Reset_Handler                                     src/ASF/sam/utils/cmsis/samg/samg53/source/templates/gcc/startup_samg53.o
SPI_Handler                                       src/ASF/sam/utils/cmsis/samg/samg53/source/templates/exceptions.o
                                                  src/ASF/sam/utils/cmsis/samg/samg53/source/templates/gcc/startup_samg53.o
SUPC_Handler                                      src/ASF/sam/utils/cmsis/samg/samg53/source/templates/exceptions.o
                                                  src/ASF/sam/utils/cmsis/samg/samg53/source/templates/gcc/startup_samg53.o
SVC_Handler                                       src/ASF/sam/utils/cmsis/samg/samg53/source/templates/exceptions.o
                                                  src/ASF/sam/utils/cmsis/samg/samg53/source/templates/gcc/startup_samg53.o
SysTick_Handler                                   src/ASF/sam/utils/cmsis/samg/samg53/source/templates/exceptions.o
                                                  src/ASF/sam/utils/cmsis/samg/samg53/source/templates/gcc/startup_samg53.o
SystemCoreClock                                   src/ASF/sam/utils/cmsis/samg/samg53/source/templates/system_samg53.o
SystemCoreClockUpdate                             src/ASF/sam/utils/cmsis/samg/samg53/source/templates/system_samg53.o
                                                  src/ASF/common/services/clock/samg/sysclk.o
SystemInit                                        src/ASF/sam/utils/cmsis/samg/samg53/source/templates/system_samg53.o
TC0_Handler                                       src/ASF/sam/utils/cmsis/samg/samg53/source/templates/exceptions.o
                                                  src/ASF/sam/utils/cmsis/samg/samg53/source/templates/gcc/startup_samg53.o
TC1_Handler                                       src/ASF/sam/utils/cmsis/samg/samg53/source/templates/exceptions.o
                                                  src/ASF/sam/utils/cmsis/samg/samg53/source/templates/gcc/startup_samg53.o
TC2_Handler                                       src/ASF/sam/utils/cmsis/samg/samg53/source/templates/exceptions.o
                                                  src/ASF/sam/utils/cmsis/samg/samg53/source/templates/gcc/startup_samg53.o
TC3_Handler                                       src/ASF/sam/utils/cmsis/samg/samg53/source/templates/exceptions.o
                                                  src/ASF/sam/utils/cmsis/samg/samg53/source/templates/gcc/startup_samg53.o
TC4_Handler                                       src/ASF/sam/utils/cmsis/samg/samg53/source/templates/exceptions.o
                                                  src/ASF/sam/utils/cmsis/samg/samg53/source/templates/gcc/startup_samg53.o
TC5_Handler                                       src/ASF/sam/utils/cmsis/samg/samg53/source/templates/exceptions.o
                                                  src/ASF/sam/utils/cmsis/samg/samg53/source/templates/gcc/startup_samg53.o
TWI0_Handler                                      src/ASF/sam/utils/cmsis/samg/samg53/source/templates/exceptions.o
                                                  src/ASF/sam/utils/cmsis/samg/samg53/source/templates/gcc/startup_samg53.o
TWI1_Handler                                      src/ASF/sam/utils/cmsis/samg/samg53/source/templates/exceptions.o
                                                  src/ASF/sam/utils/cmsis/samg/samg53/source/templates/gcc/startup_samg53.o
TWI2_Handler                                      src/ASF/sam/utils/cmsis/samg/samg53/source/templates/exceptions.o
                                                  src/ASF/sam/utils/cmsis/samg/samg53/source/templates/gcc/startup_samg53.o
UART0_Handler                                     src/ASF/sam/utils/cmsis/samg/samg53/source/templates/exceptions.o
                                                  src/ASF/sam/utils/cmsis/samg/samg53/source/templates/gcc/startup_samg53.o
UART1_Handler                                     src/ASF/sam/utils/cmsis/samg/samg53/source/templates/exceptions.o
                                                  src/ASF/sam/utils/cmsis/samg/samg53/source/templates/gcc/startup_samg53.o
USART_Handler                                     src/ASF/sam/utils/cmsis/samg/samg53/source/templates/exceptions.o
                                                  src/ASF/sam/utils/cmsis/samg/samg53/source/templates/gcc/startup_samg53.o
UsageFault_Handler                                src/ASF/sam/utils/cmsis/samg/samg53/source/templates/exceptions.o
                                                  src/ASF/sam/utils/cmsis/samg/samg53/source/templates/gcc/startup_samg53.o
WDT_Handler                                       src/ASF/sam/utils/cmsis/samg/samg53/source/templates/exceptions.o
                                                  src/ASF/sam/utils/cmsis/samg/samg53/source/templates/gcc/startup_samg53.o
WKUP0_Handler                                     src/ASF/sam/utils/cmsis/samg/samg53/source/templates/exceptions.o
                                                  src/ASF/sam/utils/cmsis/samg/samg53/source/templates/gcc/startup_samg53.o
WKUP10_Handler                                    src/ASF/sam/utils/cmsis/samg/samg53/source/templates/exceptions.o
                                                  src/ASF/sam/utils/cmsis/samg/samg53/source/templates/gcc/startup_samg53.o
WKUP11_Handler                                    src/ASF/sam/utils/cmsis/samg/samg53/source/templates/exceptions.o
                                                  src/ASF/sam/utils/cmsis/samg/samg53/source/templates/gcc/startup_samg53.o
WKUP12_Handler                                    src/ASF/sam/utils/cmsis/samg/samg53/source/templates/exceptions.o
                                                  src/ASF/sam/utils/cmsis/samg/samg53/source/templates/gcc/startup_samg53.o
WKUP13_Handler                                    src/ASF/sam/utils/cmsis/samg/samg53/source/templates/exceptions.o
                                                  src/ASF/sam/utils/cmsis/samg/samg53/source/templates/gcc/startup_samg53.o
WKUP14_Handler                                    src/ASF/sam/utils/cmsis/samg/samg53/source/templates/exceptions.o
                                                  src/ASF/sam/utils/cmsis/samg/samg53/source/templates/gcc/startup_samg53.o
WKUP15_Handler                                    src/ASF/sam/utils/cmsis/samg/samg53/source/templates/exceptions.o
                                                  src/ASF/sam/utils/cmsis/samg/samg53/source/templates/gcc/startup_samg53.o
WKUP1_Handler                                     src/ASF/sam/utils/cmsis/samg/samg53/source/templates/exceptions.o
                                                  src/ASF/sam/utils/cmsis/samg/samg53/source/templates/gcc/startup_samg53.o
WKUP2_Handler                                     src/ASF/sam/utils/cmsis/samg/samg53/source/templates/exceptions.o
                                                  src/ASF/sam/utils/cmsis/samg/samg53/source/templates/gcc/startup_samg53.o
WKUP3_Handler                                     src/ASF/sam/utils/cmsis/samg/samg53/source/templates/exceptions.o
                                                  src/ASF/sam/utils/cmsis/samg/samg53/source/templates/gcc/startup_samg53.o
WKUP4_Handler                                     src/ASF/sam/utils/cmsis/samg/samg53/source/templates/exceptions.o
                                                  src/ASF/sam/utils/cmsis/samg/samg53/source/templates/gcc/startup_samg53.o
WKUP5_Handler                                     src/ASF/sam/utils/cmsis/samg/samg53/source/templates/exceptions.o
                                                  src/ASF/sam/utils/cmsis/samg/samg53/source/templates/gcc/startup_samg53.o
WKUP6_Handler                                     src/ASF/sam/utils/cmsis/samg/samg53/source/templates/exceptions.o
                                                  src/ASF/sam/utils/cmsis/samg/samg53/source/templates/gcc/startup_samg53.o
WKUP7_Handler                                     src/ASF/sam/utils/cmsis/samg/samg53/source/templates/exceptions.o
                                                  src/ASF/sam/utils/cmsis/samg/samg53/source/templates/gcc/startup_samg53.o
WKUP8_Handler                                     src/ASF/sam/utils/cmsis/samg/samg53/source/templates/exceptions.o
                                                  src/ASF/sam/utils/cmsis/samg/samg53/source/templates/gcc/startup_samg53.o
WKUP9_Handler                                     src/ASF/sam/utils/cmsis/samg/samg53/source/templates/exceptions.o
                                                  src/ASF/sam/utils/cmsis/samg/samg53/source/templates/gcc/startup_samg53.o
_Jv_RegisterClasses                               c:/program files (x86)/atmel/studio/7.0/toolchain/arm/arm-gnu-toolchain/bin/../lib/gcc/arm-none-eabi/6.3.1/thumb/v7e-m/crtbegin.o
__atexit_recursive_mutex                          c:/program files (x86)/atmel/studio/7.0/toolchain/arm/arm-gnu-toolchain/bin/../lib/gcc/arm-none-eabi/6.3.1/../../../../arm-none-eabi/lib/thumb/v7e-m\libc.a(lib_a-__call_atexit.o)
                                                  c:/program files (x86)/atmel/studio/7.0/toolchain/arm/arm-gnu-toolchain/bin/../lib/gcc/arm-none-eabi/6.3.1/../../../../arm-none-eabi/lib/thumb/v7e-m\libc.a(lib_a-__atexit.o)
__bss_end__                                       c:/program files (x86)/atmel/studio/7.0/toolchain/arm/arm-gnu-toolchain/bin/../lib/gcc/arm-none-eabi/6.3.1/../../../../arm-none-eabi/lib/thumb/v7e-m/crt0.o
__bss_start__                                     c:/program files (x86)/atmel/studio/7.0/toolchain/arm/arm-gnu-toolchain/bin/../lib/gcc/arm-none-eabi/6.3.1/../../../../arm-none-eabi/lib/thumb/v7e-m/crt0.o
__call_exitprocs                                  c:/program files (x86)/atmel/studio/7.0/toolchain/arm/arm-gnu-toolchain/bin/../lib/gcc/arm-none-eabi/6.3.1/../../../../arm-none-eabi/lib/thumb/v7e-m\libc.a(lib_a-__call_atexit.o)
                                                  c:/program files (x86)/atmel/studio/7.0/toolchain/arm/arm-gnu-toolchain/bin/../lib/gcc/arm-none-eabi/6.3.1/../../../../arm-none-eabi/lib/thumb/v7e-m\libc.a(lib_a-exit.o)
__deregister_frame_info                           c:/program files (x86)/atmel/studio/7.0/toolchain/arm/arm-gnu-toolchain/bin/../lib/gcc/arm-none-eabi/6.3.1/thumb/v7e-m/crtbegin.o
__dso_handle                                      c:/program files (x86)/atmel/studio/7.0/toolchain/arm/arm-gnu-toolchain/bin/../lib/gcc/arm-none-eabi/6.3.1/thumb/v7e-m/crtbegin.o
__fini_array_end                                  c:/program files (x86)/atmel/studio/7.0/toolchain/arm/arm-gnu-toolchain/bin/../lib/gcc/arm-none-eabi/6.3.1/../../../../arm-none-eabi/lib/thumb/v7e-m\libc.a(lib_a-fini.o)
__fini_array_start                                c:/program files (x86)/atmel/studio/7.0/toolchain/arm/arm-gnu-toolchain/bin/../lib/gcc/arm-none-eabi/6.3.1/../../../../arm-none-eabi/lib/thumb/v7e-m\libc.a(lib_a-fini.o)
__fp_lock_all                                     c:/program files (x86)/atmel/studio/7.0/toolchain/arm/arm-gnu-toolchain/bin/../lib/gcc/arm-none-eabi/6.3.1/../../../../arm-none-eabi/lib/thumb/v7e-m\libc.a(lib_a-findfp.o)
__fp_unlock_all                                   c:/program files (x86)/atmel/studio/7.0/toolchain/arm/arm-gnu-toolchain/bin/../lib/gcc/arm-none-eabi/6.3.1/../../../../arm-none-eabi/lib/thumb/v7e-m\libc.a(lib_a-findfp.o)
__init_array_end                                  c:/program files (x86)/atmel/studio/7.0/toolchain/arm/arm-gnu-toolchain/bin/../lib/gcc/arm-none-eabi/6.3.1/../../../../arm-none-eabi/lib/thumb/v7e-m\libc.a(lib_a-init.o)
__init_array_start                                c:/program files (x86)/atmel/studio/7.0/toolchain/arm/arm-gnu-toolchain/bin/../lib/gcc/arm-none-eabi/6.3.1/../../../../arm-none-eabi/lib/thumb/v7e-m\libc.a(lib_a-init.o)
__libc_fini                                       c:/program files (x86)/atmel/studio/7.0/toolchain/arm/arm-gnu-toolchain/bin/../lib/gcc/arm-none-eabi/6.3.1/../../../../arm-none-eabi/lib/thumb/v7e-m\libc.a(lib_a-__call_atexit.o)
__libc_fini_array                                 c:/program files (x86)/atmel/studio/7.0/toolchain/arm/arm-gnu-toolchain/bin/../lib/gcc/arm-none-eabi/6.3.1/../../../../arm-none-eabi/lib/thumb/v7e-m\libc.a(lib_a-fini.o)
                                                  c:/program files (x86)/atmel/studio/7.0/toolchain/arm/arm-gnu-toolchain/bin/../lib/gcc/arm-none-eabi/6.3.1/../../../../arm-none-eabi/lib/thumb/v7e-m\libc.a(lib_a-__call_atexit.o)
                                                  c:/program files (x86)/atmel/studio/7.0/toolchain/arm/arm-gnu-toolchain/bin/../lib/gcc/arm-none-eabi/6.3.1/../../../../arm-none-eabi/lib/thumb/v7e-m/crt0.o
__libc_init_array                                 c:/program files (x86)/atmel/studio/7.0/toolchain/arm/arm-gnu-toolchain/bin/../lib/gcc/arm-none-eabi/6.3.1/../../../../arm-none-eabi/lib/thumb/v7e-m\libc.a(lib_a-init.o)
                                                  src/ASF/sam/utils/cmsis/samg/samg53/source/templates/gcc/startup_samg53.o
                                                  c:/program files (x86)/atmel/studio/7.0/toolchain/arm/arm-gnu-toolchain/bin/../lib/gcc/arm-none-eabi/6.3.1/../../../../arm-none-eabi/lib/thumb/v7e-m/crt0.o
__lock___arc4random_mutex                         c:/program files (x86)/atmel/studio/7.0/toolchain/arm/arm-gnu-toolchain/bin/../lib/gcc/arm-none-eabi/6.3.1/../../../../arm-none-eabi/lib/thumb/v7e-m\libc.a(lib_a-lock.o)
__lock___at_quick_exit_mutex                      c:/program files (x86)/atmel/studio/7.0/toolchain/arm/arm-gnu-toolchain/bin/../lib/gcc/arm-none-eabi/6.3.1/../../../../arm-none-eabi/lib/thumb/v7e-m\libc.a(lib_a-lock.o)
__lock___atexit_recursive_mutex                   c:/program files (x86)/atmel/studio/7.0/toolchain/arm/arm-gnu-toolchain/bin/../lib/gcc/arm-none-eabi/6.3.1/../../../../arm-none-eabi/lib/thumb/v7e-m\libc.a(lib_a-lock.o)
                                                  c:/program files (x86)/atmel/studio/7.0/toolchain/arm/arm-gnu-toolchain/bin/../lib/gcc/arm-none-eabi/6.3.1/../../../../arm-none-eabi/lib/thumb/v7e-m\libc.a(lib_a-__call_atexit.o)
__lock___dd_hash_mutex                            c:/program files (x86)/atmel/studio/7.0/toolchain/arm/arm-gnu-toolchain/bin/../lib/gcc/arm-none-eabi/6.3.1/../../../../arm-none-eabi/lib/thumb/v7e-m\libc.a(lib_a-lock.o)
__lock___env_recursive_mutex                      c:/program files (x86)/atmel/studio/7.0/toolchain/arm/arm-gnu-toolchain/bin/../lib/gcc/arm-none-eabi/6.3.1/../../../../arm-none-eabi/lib/thumb/v7e-m\libc.a(lib_a-lock.o)
__lock___malloc_recursive_mutex                   c:/program files (x86)/atmel/studio/7.0/toolchain/arm/arm-gnu-toolchain/bin/../lib/gcc/arm-none-eabi/6.3.1/../../../../arm-none-eabi/lib/thumb/v7e-m\libc.a(lib_a-lock.o)
                                                  c:/program files (x86)/atmel/studio/7.0/toolchain/arm/arm-gnu-toolchain/bin/../lib/gcc/arm-none-eabi/6.3.1/../../../../arm-none-eabi/lib/thumb/v7e-m\libc.a(lib_a-mlock.o)
__lock___sfp_recursive_mutex                      c:/program files (x86)/atmel/studio/7.0/toolchain/arm/arm-gnu-toolchain/bin/../lib/gcc/arm-none-eabi/6.3.1/../../../../arm-none-eabi/lib/thumb/v7e-m\libc.a(lib_a-lock.o)
                                                  c:/program files (x86)/atmel/studio/7.0/toolchain/arm/arm-gnu-toolchain/bin/../lib/gcc/arm-none-eabi/6.3.1/../../../../arm-none-eabi/lib/thumb/v7e-m\libc.a(lib_a-findfp.o)
__lock___sinit_recursive_mutex                    c:/program files (x86)/atmel/studio/7.0/toolchain/arm/arm-gnu-toolchain/bin/../lib/gcc/arm-none-eabi/6.3.1/../../../../arm-none-eabi/lib/thumb/v7e-m\libc.a(lib_a-lock.o)
                                                  c:/program files (x86)/atmel/studio/7.0/toolchain/arm/arm-gnu-toolchain/bin/../lib/gcc/arm-none-eabi/6.3.1/../../../../arm-none-eabi/lib/thumb/v7e-m\libc.a(lib_a-findfp.o)
__lock___tz_mutex                                 c:/program files (x86)/atmel/studio/7.0/toolchain/arm/arm-gnu-toolchain/bin/../lib/gcc/arm-none-eabi/6.3.1/../../../../arm-none-eabi/lib/thumb/v7e-m\libc.a(lib_a-lock.o)
__malloc_av_                                      c:/program files (x86)/atmel/studio/7.0/toolchain/arm/arm-gnu-toolchain/bin/../lib/gcc/arm-none-eabi/6.3.1/../../../../arm-none-eabi/lib/thumb/v7e-m\libc.a(lib_a-mallocr.o)
                                                  c:/program files (x86)/atmel/studio/7.0/toolchain/arm/arm-gnu-toolchain/bin/../lib/gcc/arm-none-eabi/6.3.1/../../../../arm-none-eabi/lib/thumb/v7e-m\libc.a(lib_a-freer.o)
__malloc_current_mallinfo                         c:/program files (x86)/atmel/studio/7.0/toolchain/arm/arm-gnu-toolchain/bin/../lib/gcc/arm-none-eabi/6.3.1/../../../../arm-none-eabi/lib/thumb/v7e-m\libc.a(lib_a-mallocr.o)
                                                  c:/program files (x86)/atmel/studio/7.0/toolchain/arm/arm-gnu-toolchain/bin/../lib/gcc/arm-none-eabi/6.3.1/../../../../arm-none-eabi/lib/thumb/v7e-m\libc.a(lib_a-freer.o)
__malloc_lock                                     c:/program files (x86)/atmel/studio/7.0/toolchain/arm/arm-gnu-toolchain/bin/../lib/gcc/arm-none-eabi/6.3.1/../../../../arm-none-eabi/lib/thumb/v7e-m\libc.a(lib_a-mlock.o)
                                                  c:/program files (x86)/atmel/studio/7.0/toolchain/arm/arm-gnu-toolchain/bin/../lib/gcc/arm-none-eabi/6.3.1/../../../../arm-none-eabi/lib/thumb/v7e-m\libc.a(lib_a-mallocr.o)
                                                  c:/program files (x86)/atmel/studio/7.0/toolchain/arm/arm-gnu-toolchain/bin/../lib/gcc/arm-none-eabi/6.3.1/../../../../arm-none-eabi/lib/thumb/v7e-m\libc.a(lib_a-freer.o)
__malloc_max_sbrked_mem                           c:/program files (x86)/atmel/studio/7.0/toolchain/arm/arm-gnu-toolchain/bin/../lib/gcc/arm-none-eabi/6.3.1/../../../../arm-none-eabi/lib/thumb/v7e-m\libc.a(lib_a-mallocr.o)
__malloc_max_total_mem                            c:/program files (x86)/atmel/studio/7.0/toolchain/arm/arm-gnu-toolchain/bin/../lib/gcc/arm-none-eabi/6.3.1/../../../../arm-none-eabi/lib/thumb/v7e-m\libc.a(lib_a-mallocr.o)
__malloc_sbrk_base                                c:/program files (x86)/atmel/studio/7.0/toolchain/arm/arm-gnu-toolchain/bin/../lib/gcc/arm-none-eabi/6.3.1/../../../../arm-none-eabi/lib/thumb/v7e-m\libc.a(lib_a-mallocr.o)
                                                  c:/program files (x86)/atmel/studio/7.0/toolchain/arm/arm-gnu-toolchain/bin/../lib/gcc/arm-none-eabi/6.3.1/../../../../arm-none-eabi/lib/thumb/v7e-m\libc.a(lib_a-freer.o)
__malloc_top_pad                                  c:/program files (x86)/atmel/studio/7.0/toolchain/arm/arm-gnu-toolchain/bin/../lib/gcc/arm-none-eabi/6.3.1/../../../../arm-none-eabi/lib/thumb/v7e-m\libc.a(lib_a-mallocr.o)
                                                  c:/program files (x86)/atmel/studio/7.0/toolchain/arm/arm-gnu-toolchain/bin/../lib/gcc/arm-none-eabi/6.3.1/../../../../arm-none-eabi/lib/thumb/v7e-m\libc.a(lib_a-freer.o)
__malloc_trim_threshold                           c:/program files (x86)/atmel/studio/7.0/toolchain/arm/arm-gnu-toolchain/bin/../lib/gcc/arm-none-eabi/6.3.1/../../../../arm-none-eabi/lib/thumb/v7e-m\libc.a(lib_a-mallocr.o)
                                                  c:/program files (x86)/atmel/studio/7.0/toolchain/arm/arm-gnu-toolchain/bin/../lib/gcc/arm-none-eabi/6.3.1/../../../../arm-none-eabi/lib/thumb/v7e-m\libc.a(lib_a-freer.o)
__malloc_unlock                                   c:/program files (x86)/atmel/studio/7.0/toolchain/arm/arm-gnu-toolchain/bin/../lib/gcc/arm-none-eabi/6.3.1/../../../../arm-none-eabi/lib/thumb/v7e-m\libc.a(lib_a-mlock.o)
                                                  c:/program files (x86)/atmel/studio/7.0/toolchain/arm/arm-gnu-toolchain/bin/../lib/gcc/arm-none-eabi/6.3.1/../../../../arm-none-eabi/lib/thumb/v7e-m\libc.a(lib_a-mallocr.o)
                                                  c:/program files (x86)/atmel/studio/7.0/toolchain/arm/arm-gnu-toolchain/bin/../lib/gcc/arm-none-eabi/6.3.1/../../../../arm-none-eabi/lib/thumb/v7e-m\libc.a(lib_a-freer.o)
__preinit_array_end                               c:/program files (x86)/atmel/studio/7.0/toolchain/arm/arm-gnu-toolchain/bin/../lib/gcc/arm-none-eabi/6.3.1/../../../../arm-none-eabi/lib/thumb/v7e-m\libc.a(lib_a-init.o)
__preinit_array_start                             c:/program files (x86)/atmel/studio/7.0/toolchain/arm/arm-gnu-toolchain/bin/../lib/gcc/arm-none-eabi/6.3.1/../../../../arm-none-eabi/lib/thumb/v7e-m\libc.a(lib_a-init.o)
__ram_end__                                       src/ASF/sam/utils/syscalls/gcc/syscalls.o
__register_exitproc                               c:/program files (x86)/atmel/studio/7.0/toolchain/arm/arm-gnu-toolchain/bin/../lib/gcc/arm-none-eabi/6.3.1/../../../../arm-none-eabi/lib/thumb/v7e-m\libc.a(lib_a-__atexit.o)
                                                  c:/program files (x86)/atmel/studio/7.0/toolchain/arm/arm-gnu-toolchain/bin/../lib/gcc/arm-none-eabi/6.3.1/../../../../arm-none-eabi/lib/thumb/v7e-m\libc.a(lib_a-atexit.o)
__register_frame_info                             c:/program files (x86)/atmel/studio/7.0/toolchain/arm/arm-gnu-toolchain/bin/../lib/gcc/arm-none-eabi/6.3.1/thumb/v7e-m/crtbegin.o
__retarget_lock_acquire                           c:/program files (x86)/atmel/studio/7.0/toolchain/arm/arm-gnu-toolchain/bin/../lib/gcc/arm-none-eabi/6.3.1/../../../../arm-none-eabi/lib/thumb/v7e-m\libc.a(lib_a-lock.o)
__retarget_lock_acquire_recursive                 c:/program files (x86)/atmel/studio/7.0/toolchain/arm/arm-gnu-toolchain/bin/../lib/gcc/arm-none-eabi/6.3.1/../../../../arm-none-eabi/lib/thumb/v7e-m\libc.a(lib_a-lock.o)
                                                  c:/program files (x86)/atmel/studio/7.0/toolchain/arm/arm-gnu-toolchain/bin/../lib/gcc/arm-none-eabi/6.3.1/../../../../arm-none-eabi/lib/thumb/v7e-m\libc.a(lib_a-fclose.o)
                                                  c:/program files (x86)/atmel/studio/7.0/toolchain/arm/arm-gnu-toolchain/bin/../lib/gcc/arm-none-eabi/6.3.1/../../../../arm-none-eabi/lib/thumb/v7e-m\libc.a(lib_a-__atexit.o)
                                                  c:/program files (x86)/atmel/studio/7.0/toolchain/arm/arm-gnu-toolchain/bin/../lib/gcc/arm-none-eabi/6.3.1/../../../../arm-none-eabi/lib/thumb/v7e-m\libc.a(lib_a-mlock.o)
                                                  c:/program files (x86)/atmel/studio/7.0/toolchain/arm/arm-gnu-toolchain/bin/../lib/gcc/arm-none-eabi/6.3.1/../../../../arm-none-eabi/lib/thumb/v7e-m\libc.a(lib_a-findfp.o)